Archive member included because of file (symbol)

c:/altera/14.0/nios2eds/bin/gnu/h-x86_64-mingw32/bin/../lib/gcc/nios2-elf/4.7.3/mno-hw-mul\libgcc.a(lib2-divmod.o)
                              obj/default/main.o (__udivsi3)
c:/altera/14.0/nios2eds/bin/gnu/h-x86_64-mingw32/bin/../lib/gcc/nios2-elf/4.7.3/mno-hw-mul\libgcc.a(lib2-mul.o)
                              obj/default/main.o (__mulsi3)
c:/altera/14.0/nios2eds/bin/gnu/h-x86_64-mingw32/bin/../lib/gcc/nios2-elf/4.7.3/../../../../../H-x86_64-mingw32/nios2-elf/lib/mno-hw-mul\libc.a(lib_a-impure.o)
                              obj/default/main.o (_impure_ptr)
c:/altera/14.0/nios2eds/bin/gnu/h-x86_64-mingw32/bin/../lib/gcc/nios2-elf/4.7.3/../../../../../H-x86_64-mingw32/nios2-elf/lib/mno-hw-mul\libc.a(lib_a-putc.o)
                              obj/default/main.o (putc)
c:/altera/14.0/nios2eds/bin/gnu/h-x86_64-mingw32/bin/../lib/gcc/nios2-elf/4.7.3/../../../../../H-x86_64-mingw32/nios2-elf/lib/mno-hw-mul\libc.a(lib_a-wbuf.o)
                              c:/altera/14.0/nios2eds/bin/gnu/h-x86_64-mingw32/bin/../lib/gcc/nios2-elf/4.7.3/../../../../../H-x86_64-mingw32/nios2-elf/lib/mno-hw-mul\libc.a(lib_a-putc.o) (__swbuf_r)
c:/altera/14.0/nios2eds/bin/gnu/h-x86_64-mingw32/bin/../lib/gcc/nios2-elf/4.7.3/../../../../../H-x86_64-mingw32/nios2-elf/lib/mno-hw-mul\libc.a(lib_a-wsetup.o)
                              c:/altera/14.0/nios2eds/bin/gnu/h-x86_64-mingw32/bin/../lib/gcc/nios2-elf/4.7.3/../../../../../H-x86_64-mingw32/nios2-elf/lib/mno-hw-mul\libc.a(lib_a-wbuf.o) (__swsetup_r)
c:/altera/14.0/nios2eds/bin/gnu/h-x86_64-mingw32/bin/../lib/gcc/nios2-elf/4.7.3/../../../../../H-x86_64-mingw32/nios2-elf/lib/mno-hw-mul\libc.a(lib_a-fflush.o)
                              c:/altera/14.0/nios2eds/bin/gnu/h-x86_64-mingw32/bin/../lib/gcc/nios2-elf/4.7.3/../../../../../H-x86_64-mingw32/nios2-elf/lib/mno-hw-mul\libc.a(lib_a-wbuf.o) (_fflush_r)
c:/altera/14.0/nios2eds/bin/gnu/h-x86_64-mingw32/bin/../lib/gcc/nios2-elf/4.7.3/../../../../../H-x86_64-mingw32/nios2-elf/lib/mno-hw-mul\libc.a(lib_a-findfp.o)
                              c:/altera/14.0/nios2eds/bin/gnu/h-x86_64-mingw32/bin/../lib/gcc/nios2-elf/4.7.3/../../../../../H-x86_64-mingw32/nios2-elf/lib/mno-hw-mul\libc.a(lib_a-putc.o) (__sinit)
c:/altera/14.0/nios2eds/bin/gnu/h-x86_64-mingw32/bin/../lib/gcc/nios2-elf/4.7.3/../../../../../H-x86_64-mingw32/nios2-elf/lib/mno-hw-mul\libc.a(lib_a-freer.o)
                              c:/altera/14.0/nios2eds/bin/gnu/h-x86_64-mingw32/bin/../lib/gcc/nios2-elf/4.7.3/../../../../../H-x86_64-mingw32/nios2-elf/lib/mno-hw-mul\libc.a(lib_a-wsetup.o) (_free_r)
c:/altera/14.0/nios2eds/bin/gnu/h-x86_64-mingw32/bin/../lib/gcc/nios2-elf/4.7.3/../../../../../H-x86_64-mingw32/nios2-elf/lib/mno-hw-mul\libc.a(lib_a-fwalk.o)
                              c:/altera/14.0/nios2eds/bin/gnu/h-x86_64-mingw32/bin/../lib/gcc/nios2-elf/4.7.3/../../../../../H-x86_64-mingw32/nios2-elf/lib/mno-hw-mul\libc.a(lib_a-findfp.o) (_fwalk)
c:/altera/14.0/nios2eds/bin/gnu/h-x86_64-mingw32/bin/../lib/gcc/nios2-elf/4.7.3/../../../../../H-x86_64-mingw32/nios2-elf/lib/mno-hw-mul\libc.a(lib_a-makebuf.o)
                              c:/altera/14.0/nios2eds/bin/gnu/h-x86_64-mingw32/bin/../lib/gcc/nios2-elf/4.7.3/../../../../../H-x86_64-mingw32/nios2-elf/lib/mno-hw-mul\libc.a(lib_a-wsetup.o) (__smakebuf_r)
c:/altera/14.0/nios2eds/bin/gnu/h-x86_64-mingw32/bin/../lib/gcc/nios2-elf/4.7.3/../../../../../H-x86_64-mingw32/nios2-elf/lib/mno-hw-mul\libc.a(lib_a-mallocr.o)
                              c:/altera/14.0/nios2eds/bin/gnu/h-x86_64-mingw32/bin/../lib/gcc/nios2-elf/4.7.3/../../../../../H-x86_64-mingw32/nios2-elf/lib/mno-hw-mul\libc.a(lib_a-findfp.o) (_malloc_r)
c:/altera/14.0/nios2eds/bin/gnu/h-x86_64-mingw32/bin/../lib/gcc/nios2-elf/4.7.3/../../../../../H-x86_64-mingw32/nios2-elf/lib/mno-hw-mul\libc.a(lib_a-memset.o)
                              c:/altera/14.0/nios2eds/bin/gnu/h-x86_64-mingw32/bin/../lib/gcc/nios2-elf/4.7.3/../../../../../H-x86_64-mingw32/nios2-elf/lib/mno-hw-mul\libc.a(lib_a-findfp.o) (memset)
c:/altera/14.0/nios2eds/bin/gnu/h-x86_64-mingw32/bin/../lib/gcc/nios2-elf/4.7.3/../../../../../H-x86_64-mingw32/nios2-elf/lib/mno-hw-mul\libc.a(lib_a-sbrkr.o)
                              c:/altera/14.0/nios2eds/bin/gnu/h-x86_64-mingw32/bin/../lib/gcc/nios2-elf/4.7.3/../../../../../H-x86_64-mingw32/nios2-elf/lib/mno-hw-mul\libc.a(lib_a-freer.o) (_sbrk_r)
c:/altera/14.0/nios2eds/bin/gnu/h-x86_64-mingw32/bin/../lib/gcc/nios2-elf/4.7.3/../../../../../H-x86_64-mingw32/nios2-elf/lib/mno-hw-mul\libc.a(lib_a-stdio.o)
                              c:/altera/14.0/nios2eds/bin/gnu/h-x86_64-mingw32/bin/../lib/gcc/nios2-elf/4.7.3/../../../../../H-x86_64-mingw32/nios2-elf/lib/mno-hw-mul\libc.a(lib_a-findfp.o) (__sread)
c:/altera/14.0/nios2eds/bin/gnu/h-x86_64-mingw32/bin/../lib/gcc/nios2-elf/4.7.3/../../../../../H-x86_64-mingw32/nios2-elf/lib/mno-hw-mul\libc.a(lib_a-writer.o)
[...]
Memory Configuration

Name             Origin             Length             Attributes
data_memory      0x0000000000000000 0x0000000000001000
reset            0x0000000000040000 0x0000000000000020
cpu_memory       0x0000000000040020 0x0000000000009fe0
*default*        0x0000000000000000 0xffffffffffffffff

Linker script and memory map

LOAD ../SocNiosBSP//obj/HAL/src/crt0.o
LOAD obj/default/main.o
LOAD c:/altera/14.0/nios2eds/bin/gnu/h-x86_64-mingw32/bin/../lib/gcc/nios2-elf/4.7.3/../../../../../H-x86_64-mingw32/nios2-elf/lib/mno-hw-mul\libstdc++.a
LOAD c:/altera/14.0/nios2eds/bin/gnu/h-x86_64-mingw32/bin/../lib/gcc/nios2-elf/4.7.3/../../../../../H-x86_64-mingw32/nios2-elf/lib/mno-hw-mul\libm.a
LOAD c:/altera/14.0/nios2eds/bin/gnu/h-x86_64-mingw32/bin/../lib/gcc/nios2-elf/4.7.3/mno-hw-mul\libgcc.a
START GROUP
LOAD c:/altera/14.0/nios2eds/bin/gnu/h-x86_64-mingw32/bin/../lib/gcc/nios2-elf/4.7.3/../../../../../H-x86_64-mingw32/nios2-elf/lib/mno-hw-mul\libc.a
LOAD c:/altera/14.0/nios2eds/bin/gnu/h-x86_64-mingw32/bin/../lib/gcc/nios2-elf/4.7.3/mno-hw-mul\libgcc.a
LOAD ../SocNiosBSP/\libhal_bsp.a
END GROUP
LOAD c:/altera/14.0/nios2eds/bin/gnu/h-x86_64-mingw32/bin/../lib/gcc/nios2-elf/4.7.3/mno-hw-mul\libgcc.a
                0x0000000000000000                __alt_mem_data_memory = 0x0
                0x0000000000040000                __alt_mem_cpu_memory = 0x40000

.entry          0x0000000000040000        0x0
 *(.entry)
 .entry         0x0000000000040000        0x0 ../SocNiosBSP//obj/HAL/src/crt0.o
                0x0000000000040000                _exit
                0x0000000000040000                __reset

.exceptions     0x0000000000040020      0x198
                0x0000000000040020                PROVIDE (__ram_exceptions_start, ABSOLUTE (.))
                0x0000000000040020                . = ALIGN (0x20)
 *(.irq)
 *(.exceptions.entry.label)
 .exceptions.entry.label
                0x0000000000040020        0x0 ../SocNiosBSP/\libhal_bsp.a(alt_irq_entry.o)
                0x0000000000040020                alt_irq_entry
 .exceptions.entry.label
                0x0000000000040020        0x0 ../SocNiosBSP/\libhal_bsp.a(alt_exception_entry.o)
                0x0000000000040020                alt_exception
 *(.exceptions.entry.user)
 *(.exceptions.entry.ecc_fatal)
 *(.exceptions.entry)
 .exceptions.entry
                0x0000000000040020       0x54 ../SocNiosBSP/\libhal_bsp.a(alt_exception_entry.o)
 *(.exceptions.irqtest.user)
 *(.exceptions.irqtest)
 .exceptions.irqtest
                0x0000000000040074       0x10 ../SocNiosBSP/\libhal_bsp.a(alt_irq_entry.o)
 *(.exceptions.irqhandler.user)
 *(.exceptions.irqhandler)
 .exceptions.irqhandler
                0x0000000000040084        0x4 ../SocNiosBSP/\libhal_bsp.a(alt_irq_entry.o)
 *(.exceptions.irqreturn.user)
 *(.exceptions.irqreturn)
 .exceptions.irqreturn
                0x0000000000040088        0x4 ../SocNiosBSP/\libhal_bsp.a(alt_irq_entry.o)
 *(.exceptions.notirq.label)
 .exceptions.notirq.label
                0x000000000004008c        0x0 ../SocNiosBSP/\libhal_bsp.a(alt_irq_entry.o)
 *(.exceptions.notirq.user)
 *(.exceptions.notirq)
 .exceptions.notirq
                0x000000000004008c        0x8 ../SocNiosBSP/\libhal_bsp.a(alt_exception_entry.o)
 *(.exceptions.soft.user)
 *(.exceptions.soft)
 *(.exceptions.unknown.user)
 *(.exceptions.unknown)
 .exceptions.unknown
                0x0000000000040094        0x4 ../SocNiosBSP/\libhal_bsp.a(alt_exception_entry.o)
 *(.exceptions.exit.label)
 .exceptions.exit.label
                0x0000000000040098        0x0 ../SocNiosBSP/\libhal_bsp.a(alt_irq_entry.o)
 .exceptions.exit.label
                0x0000000000040098        0x0 ../SocNiosBSP/\libhal_bsp.a(alt_exception_entry.o)
 *(.exceptions.exit.user)
 *(.exceptions.exit)
 .exceptions.exit
                0x0000000000040098       0x54 ../SocNiosBSP/\libhal_bsp.a(alt_exception_entry.o)
 *(.exceptions)
 .exceptions    0x00000000000400ec       0xcc ../SocNiosBSP/\libhal_bsp.a(alt_irq_handler.o)
                0x00000000000400ec                alt_irq_handler
                0x00000000000401b8                PROVIDE (__ram_exceptions_end, ABSOLUTE (.))
                0x0000000000040020                PROVIDE (__flash_exceptions_start, LOADADDR (.exceptions))

.text           0x00000000000401b8     0x5db4
                0x00000000000401b8                PROVIDE (stext, ABSOLUTE (.))
 *(.interp)
 *(.hash)
 *(.dynsym)
 *(.dynstr)
 *(.gnu.version)
 *(.gnu.version_d)
 *(.gnu.version_r)
 *(.rel.init)
 *(.rela.init)
 *(.rel.text .rel.text.* .rel.gnu.linkonce.t.*)
 *(.rela.text .rela.text.* .rela.gnu.linkonce.t.*)
 *(.rel.fini)
 *(.rela.fini)
 *(.rel.rodata .rel.rodata.* .rel.gnu.linkonce.r.*)
 *(.rela.rodata .rela.rodata.* .rela.gnu.linkonce.r.*)
 *(.rel.data .rel.data.* .rel.gnu.linkonce.d.*)
 *(.rela.data .rela.data.* .rela.gnu.linkonce.d.*)
 *(.rel.tdata .rel.tdata.* .rel.gnu.linkonce.td.*)
 *(.rela.tdata .rela.tdata.* .rela.gnu.linkonce.td.*)
 *(.rel.tbss .rel.tbss.* .rel.gnu.linkonce.tb.*)
 *(.rela.tbss .rela.tbss.* .rela.gnu.linkonce.tb.*)
 *(.rel.ctors)
 *(.rela.ctors)
 *(.rel.dtors)
 *(.rela.dtors)
 *(.rel.got)
 *(.rela.got)
 *(.rel.sdata .rel.sdata.* .rel.gnu.linkonce.s.*)
 *(.rela.sdata .rela.sdata.* .rela.gnu.linkonce.s.*)
 *(.rel.sbss .rel.sbss.* .rel.gnu.linkonce.sb.*)
 *(.rela.sbss .rela.sbss.* .rela.gnu.linkonce.sb.*)
 *(.rel.sdata2 .rel.sdata2.* .rel.gnu.linkonce.s2.*)
 *(.rela.sdata2 .rela.sdata2.* .rela.gnu.linkonce.s2.*)
 *(.rel.sbss2 .rel.sbss2.* .rel.gnu.linkonce.sb2.*)
 *(.rela.sbss2 .rela.sbss2.* .rela.gnu.linkonce.sb2.*)
 *(.rel.bss .rel.bss.* .rel.gnu.linkonce.b.*)
 *(.rela.bss .rela.bss.* .rela.gnu.linkonce.b.*)
 *(.rel.plt)
 *(.rela.plt)
 *(.rel.dyn)
 *(.init)
 *(.plt)
 *(.text .stub .text.* .gnu.linkonce.t.*)
 .text          0x00000000000401b8       0x38 ../SocNiosBSP//obj/HAL/src/crt0.o
                0x00000000000401b8                _start
 .text          0x00000000000401f0      0xda4 obj/default/main.o
                0x000000000004095c                raw_printf
                0x00000000000409ac                raw_sprintf
                0x0000000000040a00                main
 .text          0x0000000000040f94      0x130 c:/altera/14.0/nios2eds/bin/gnu/h-x86_64-mingw32/bin/../lib/gcc/nios2-elf/4.7.3/mno-hw-mul\libgcc.a(lib2-divmod.o)
                0x0000000000041008                __divsi3
                0x0000000000041058                __modsi3
                0x00000000000410b4                __udivsi3
                0x00000000000410bc                __umodsi3
 .text          0x00000000000410c4       0x28 c:/altera/14.0/nios2eds/bin/gnu/h-x86_64-mingw32/bin/../lib/gcc/nios2-elf/4.7.3/mno-hw-mul\libgcc.a(lib2-mul.o)
                0x00000000000410c4                __mulsi3
 .text          0x00000000000410ec        0x0 c:/altera/14.0/nios2eds/bin/gnu/h-x86_64-mingw32/bin/../lib/gcc/nios2-elf/4.7.3/../../../../../H-x86_64-mingw32/nios2-elf/lib/mno-hw-mul\libc.a(lib_a-impure.o)
 .text          0x00000000000410ec      0x1ac c:/altera/14.0/nios2eds/bin/gnu/h-x86_64-mingw32/bin/../lib/gcc/nios2-elf/4.7.3/../../../../../H-x86_64-mingw32/nios2-elf/lib/mno-hw-mul\libc.a(lib_a-putc.o)
                0x00000000000410ec                _putc_r
                0x00000000000411a8                putc
 .text          0x0000000000041298      0x158 c:/altera/14.0/nios2eds/bin/gnu/h-x86_64-mingw32/bin/../lib/gcc/nios2-elf/4.7.3/../../../../../H-x86_64-mingw32/nios2-elf/lib/mno-hw-mul\libc.a(lib_a-wbuf.o)
                0x0000000000041298                __swbuf_r
                0x00000000000413d4                __swbuf
 .text          0x00000000000413f0      0x174 c:/altera/14.0/nios2eds/bin/gnu/h-x86_64-mingw32/bin/../lib/gcc/nios2-elf/4.7.3/../../../../../H-x86_64-mingw32/nios2-elf/lib/mno-hw-mul\libc.a(lib_a-wsetup.o)
                0x00000000000413f0                __swsetup_r
 .text          0x0000000000041564      0x218 c:/altera/14.0/nios2eds/bin/gnu/h-x86_64-mingw32/bin/../lib/gcc/nios2-elf/4.7.3/../../../../../H-x86_64-mingw32/nios2-elf/lib/mno-hw-mul\libc.a(lib_a-fflush.o)
                0x0000000000041564                _fflush_r
                0x000000000004174c                fflush
 .text          0x000000000004177c      0x2ec c:/altera/14.0/nios2eds/bin/gnu/h-x86_64-mingw32/bin/../lib/gcc/nios2-elf/4.7.3/../../../../../H-x86_64-mingw32/nios2-elf/lib/mno-hw-mul\libc.a(lib_a-findfp.o)
                0x000000000004178c                _cleanup_r
                0x0000000000041798                __sfmoreglue
                0x0000000000041810                _cleanup
                0x0000000000041820                __sinit
                0x000000000004192c                __sfp
                0x0000000000041a28                __sfp_lock_acquire
                0x0000000000041a2c                __sfp_lock_release
                0x0000000000041a30                __sinit_lock_acquire
                0x0000000000041a34                __sinit_lock_release
                0x0000000000041a38                __fp_lock_all
                0x0000000000041a50                __fp_unlock_all
 .text          0x0000000000041a68      0x40c c:/altera/14.0/nios2eds/bin/gnu/h-x86_64-mingw32/bin/../lib/gcc/nios2-elf/4.7.3/../../../../../H-x86_64-mingw32/nios2-elf/lib/mno-hw-mul\libc.a(lib_a-freer.o)
                0x0000000000041a68                _malloc_trim_r
                0x0000000000041ba4                _free_r
 .text          0x0000000000041e74      0x160 c:/altera/14.0/nios2eds/bin/gnu/h-x86_64-mingw32/bin/../lib/gcc/nios2-elf/4.7.3/../../../../../H-x86_64-mingw32/nios2-elf/lib/mno-hw-mul\libc.a(lib_a-fwalk.o)
                0x0000000000041e74                _fwalk
                0x0000000000041f1c                _fwalk_reent
 .text          0x0000000000041fd4      0x1a8 c:/altera/14.0/nios2eds/bin/gnu/h-x86_64-mingw32/bin/../lib/gcc/nios2-elf/4.7.3/../../../../../H-x86_64-mingw32/nios2-elf/lib/mno-hw-mul\libc.a(lib_a-makebuf.o)
                0x0000000000041fd4                __smakebuf_r
 .text          0x000000000004217c      0x784 c:/altera/14.0/nios2eds/bin/gnu/h-x86_64-mingw32/bin/../lib/gcc/nios2-elf/4.7.3/../../../../../H-x86_64-mingw32/nios2-elf/lib/mno-hw-mul\libc.a(lib_a-mallocr.o)
                0x000000000004217c                _malloc_r
 .text          0x0000000000042900       0xdc c:/altera/14.0/nios2eds/bin/gnu/h-x86_64-mingw32/bin/../lib/gcc/nios2-elf/4.7.3/../../../../../H-x86_64-mingw32/nios2-elf/lib/mno-hw-mul\libc.a(lib_a-memset.o)
                0x0000000000042900                memset
 .text          0x00000000000429dc       0x64 c:/altera/14.0/nios2eds/bin/gnu/h-x86_64-mingw32/bin/../lib/gcc/nios2-elf/4.7.3/../../../../../H-x86_64-mingw32/nios2-elf/lib/mno-hw-mul\libc.a(lib_a-sbrkr.o)
                0x00000000000429dc                _sbrk_r
 .text          0x0000000000042a40      0x140 c:/altera/14.0/nios2eds/bin/gnu/h-x86_64-mingw32/bin/../lib/gcc/nios2-elf/4.7.3/../../../../../H-x86_64-mingw32/nios2-elf/lib/mno-hw-mul\libc.a(lib_a-stdio.o)
                0x0000000000042a40                __sread
                0x0000000000042a94                __swrite
                0x0000000000042b1c                __sseek
                0x0000000000042b78                __sclose
 .text          0x0000000000042b80       0x6c c:/altera/14.0/nios2eds/bin/gnu/h-x86_64-mingw32/bin/../lib/gcc/nios2-elf/4.7.3/../../../../../H-x86_64-mingw32/nios2-elf/lib/mno-hw-mul\libc.a(lib_a-writer.o)
                0x0000000000042b80                _write_r
 .text          0x0000000000042bec       0x64 c:/altera/14.0/nios2eds/bin/gnu/h-x86_64-mingw32/bin/../lib/gcc/nios2-elf/4.7.3/../../../../../H-x86_64-mingw32/nios2-elf/lib/mno-hw-mul\libc.a(lib_a-closer.o)
                0x0000000000042bec                _close_r
 .text          0x0000000000042c50      0x150 c:/altera/14.0/nios2eds/bin/gnu/h-x86_64-mingw32/bin/../lib/gcc/nios2-elf/4.7.3/../../../../../H-x86_64-mingw32/nios2-elf/lib/mno-hw-mul\libc.a(lib_a-fclose.o)
                0x0000000000042c50                _fclose_r
                0x0000000000042d8c                fclose
 .text          0x0000000000042da0       0x68 c:/altera/14.0/nios2eds/bin/gnu/h-x86_64-mingw32/bin/../lib/gcc/nios2-elf/4.7.3/../../../../../H-x86_64-mingw32/nios2-elf/lib/mno-hw-mul\libc.a(lib_a-fstatr.o)
                0x0000000000042da0                _fstat_r
 .text          0x0000000000042e08        0x0 c:/altera/14.0/nios2eds/bin/gnu/h-x86_64-mingw32/bin/../lib/gcc/nios2-elf/4.7.3/../../../../../H-x86_64-mingw32/nios2-elf/lib/mno-hw-mul\libc.a(lib_a-int_errno.o)
 .text          0x0000000000042e08       0x64 c:/altera/14.0/nios2eds/bin/gnu/h-x86_64-mingw32/bin/../lib/gcc/nios2-elf/4.7.3/../../../../../H-x86_64-mingw32/nios2-elf/lib/mno-hw-mul\libc.a(lib_a-isattyr.o)
                0x0000000000042e08                _isatty_r
 .text          0x0000000000042e6c       0x6c c:/altera/14.0/nios2eds/bin/gnu/h-x86_64-mingw32/bin/../lib/gcc/nios2-elf/4.7.3/../../../../../H-x86_64-mingw32/nios2-elf/lib/mno-hw-mul\libc.a(lib_a-lseekr.o)
                0x0000000000042e6c                _lseek_r
 .text          0x0000000000042ed8       0x6c c:/altera/14.0/nios2eds/bin/gnu/h-x86_64-mingw32/bin/../lib/gcc/nios2-elf/4.7.3/../../../../../H-x86_64-mingw32/nios2-elf/lib/mno-hw-mul\libc.a(lib_a-readr.o)
                0x0000000000042ed8                _read_r
 .text          0x0000000000042f44      0x11c ../SocNiosBSP/\libhal_bsp.a(alt_close.o)
                0x0000000000042f94                close
 .text          0x0000000000043060       0x2c ../SocNiosBSP/\libhal_bsp.a(alt_dev.o)
 .text          0x000000000004308c        0x0 ../SocNiosBSP/\libhal_bsp.a(alt_errno.o)
 .text          0x000000000004308c      0x100 ../SocNiosBSP/\libhal_bsp.a(alt_fstat.o)
                0x00000000000430dc                fstat
 .text          0x000000000004318c       0xf4 ../SocNiosBSP/\libhal_bsp.a(alt_isatty.o)
                0x00000000000431dc                isatty
 .text          0x0000000000043280      0x124 ../SocNiosBSP/\libhal_bsp.a(alt_lseek.o)
                0x00000000000432d0                lseek
 .text          0x00000000000433a4       0x68 ../SocNiosBSP/\libhal_bsp.a(alt_main.o)
                0x00000000000433a4                alt_main
 .text          0x000000000004340c       0x40 ../SocNiosBSP/\libhal_bsp.a(alt_malloc_lock.o)
                0x000000000004340c                __malloc_lock
                0x000000000004342c                __malloc_unlock
 .text          0x000000000004344c      0x228 ../SocNiosBSP/\libhal_bsp.a(alt_printf.o)
                0x000000000004344c                alt_printf
 .text          0x0000000000043674       0x44 ../SocNiosBSP/\libhal_bsp.a(alt_putchar.o)
                0x0000000000043674                alt_putchar
 .text          0x00000000000436b8      0x144 ../SocNiosBSP/\libhal_bsp.a(alt_read.o)
                0x0000000000043708                read
 .text          0x00000000000437fc       0x80 ../SocNiosBSP/\libhal_bsp.a(alt_release_fd.o)
                0x00000000000437fc                alt_release_fd
 .text          0x000000000004387c       0xb0 ../SocNiosBSP/\libhal_bsp.a(alt_sbrk.o)
                0x000000000004387c                sbrk
 .text          0x000000000004392c       0x30 ../SocNiosBSP/\libhal_bsp.a(alt_usleep.o)
                0x000000000004392c                usleep
 .text          0x000000000004395c      0x140 ../SocNiosBSP/\libhal_bsp.a(alt_write.o)
                0x00000000000439ac                write
 .text          0x0000000000043a9c       0xd4 ../SocNiosBSP/\libhal_bsp.a(alt_sys_init.o)
                0x0000000000043ad4                alt_irq_init
                0x0000000000043b08                alt_sys_init
 .text          0x0000000000043b70      0x164 ../SocNiosBSP/\libhal_bsp.a(altera_avalon_jtag_uart_fd.o)
                0x0000000000043b70                altera_avalon_jtag_uart_read_fd
                0x0000000000043bd0                altera_avalon_jtag_uart_write_fd
                0x0000000000043c30                altera_avalon_jtag_uart_close_fd
                0x0000000000043c80                altera_avalon_jtag_uart_ioctl_fd
 .text          0x0000000000043cd4      0x3d0 ../SocNiosBSP/\libhal_bsp.a(altera_avalon_jtag_uart_init.o)
                0x0000000000043cd4                altera_avalon_jtag_uart_init
                0x000000000004403c                altera_avalon_jtag_uart_close
 .text          0x00000000000440a4       0xf4 ../SocNiosBSP/\libhal_bsp.a(altera_avalon_jtag_uart_ioctl.o)
                0x00000000000440a4                altera_avalon_jtag_uart_ioctl
 .text          0x0000000000044198      0x218 ../SocNiosBSP/\libhal_bsp.a(altera_avalon_jtag_uart_read.o)
                0x0000000000044198                altera_avalon_jtag_uart_read
 .text          0x00000000000443b0      0x220 ../SocNiosBSP/\libhal_bsp.a(altera_avalon_jtag_uart_write.o)
                0x00000000000443b0                altera_avalon_jtag_uart_write
 .text          0x00000000000445d0      0x110 ../SocNiosBSP/\libhal_bsp.a(altera_avalon_uart_fd.o)
                0x00000000000445d0                altera_avalon_uart_read_fd
                0x0000000000044630                altera_avalon_uart_write_fd
                0x0000000000044690                altera_avalon_uart_close_fd
 .text          0x00000000000446e0      0x3a8 ../SocNiosBSP/\libhal_bsp.a(altera_avalon_uart_init.o)
                0x00000000000446e0                altera_avalon_uart_init
                0x0000000000044a34                altera_avalon_uart_close
 .text          0x0000000000044a88      0x230 ../SocNiosBSP/\libhal_bsp.a(altera_avalon_uart_read.o)
                0x0000000000044ad8                altera_avalon_uart_read
 .text          0x0000000000044cb8      0x1f8 ../SocNiosBSP/\libhal_bsp.a(altera_avalon_uart_write.o)
                0x0000000000044d08                altera_avalon_uart_write
 .text          0x0000000000044eb0      0x140 ../SocNiosBSP/\libhal_bsp.a(alt_alarm_start.o)
                0x0000000000044eb0                alt_alarm_start
 .text          0x0000000000044ff0      0x154 ../SocNiosBSP/\libhal_bsp.a(alt_busy_sleep.o)
                0x0000000000044ff0                alt_busy_sleep
 .text          0x0000000000045144       0xf4 ../SocNiosBSP/\libhal_bsp.a(alt_dev_llist_insert.o)
                0x0000000000045194                alt_dev_llist_insert
 .text          0x0000000000045238      0x1d8 ../SocNiosBSP/\libhal_bsp.a(alt_iic.o)
                0x0000000000045238                alt_ic_isr_register
                0x0000000000045288                alt_ic_irq_enable
                0x0000000000045324                alt_ic_irq_disable
                0x00000000000453c4                alt_ic_irq_enabled
 .text          0x0000000000045410       0xf0 ../SocNiosBSP/\libhal_bsp.a(alt_iic_isr_register.o)
                0x0000000000045410                alt_iic_isr_register
 .text          0x0000000000045500      0x158 ../SocNiosBSP/\libhal_bsp.a(alt_io_redirect.o)
                0x00000000000455e0                alt_io_redirect
 .text          0x0000000000045658        0x0 ../SocNiosBSP/\libhal_bsp.a(alt_irq_entry.o)
 .text          0x0000000000045658        0x0 ../SocNiosBSP/\libhal_bsp.a(alt_irq_handler.o)
 .text          0x0000000000045658        0x0 ../SocNiosBSP/\libhal_bsp.a(alt_irq_vars.o)
 .text          0x0000000000045658      0x298 ../SocNiosBSP/\libhal_bsp.a(alt_open.o)
                0x0000000000045798                open
 .text          0x00000000000458f0      0x19c ../SocNiosBSP/\libhal_bsp.a(alt_tick.o)
                0x00000000000458f0                alt_alarm_stop
                0x0000000000045988                alt_tick
 .text          0x0000000000045a8c       0x20 ../SocNiosBSP/\libhal_bsp.a(altera_nios2_qsys_irq.o)
                0x0000000000045a8c                altera_nios2_qsys_irq_init
 .text          0x0000000000045aac        0x0 ../SocNiosBSP/\libhal_bsp.a(alt_exception_entry.o)
 .text          0x0000000000045aac       0x90 ../SocNiosBSP/\libhal_bsp.a(alt_find_dev.o)
                0x0000000000045aac                alt_find_dev
 .text          0x0000000000045b3c      0x114 ../SocNiosBSP/\libhal_bsp.a(alt_find_file.o)
                0x0000000000045b3c                alt_find_file
 .text          0x0000000000045c50       0xd4 ../SocNiosBSP/\libhal_bsp.a(alt_get_fd.o)
                0x0000000000045c50                alt_get_fd
 .text          0x0000000000045d24       0x7c c:/altera/14.0/nios2eds/bin/gnu/h-x86_64-mingw32/bin/../lib/gcc/nios2-elf/4.7.3/../../../../../H-x86_64-mingw32/nios2-elf/lib/mno-hw-mul\libc.a(lib_a-memcmp.o)
                0x0000000000045d24                memcmp
 .text          0x0000000000045da0      0x140 c:/altera/14.0/nios2eds/bin/gnu/h-x86_64-mingw32/bin/../lib/gcc/nios2-elf/4.7.3/../../../../../H-x86_64-mingw32/nios2-elf/lib/mno-hw-mul\libc.a(lib_a-memcpy.o)
                0x0000000000045da0                memcpy
 .text          0x0000000000045ee0       0x8c c:/altera/14.0/nios2eds/bin/gnu/h-x86_64-mingw32/bin/../lib/gcc/nios2-elf/4.7.3/../../../../../H-x86_64-mingw32/nios2-elf/lib/mno-hw-mul\libc.a(lib_a-strlen.o)
                0x0000000000045ee0                strlen
 *(.gnu.warning.*)
 *(.fini)
                0x0000000000045f6c                PROVIDE (__etext, ABSOLUTE (.))
                0x0000000000045f6c                PROVIDE (_etext, ABSOLUTE (.))
                0x0000000000045f6c                PROVIDE (etext, ABSOLUTE (.))
 *(.eh_frame_hdr)
                0x0000000000045f6c                . = ALIGN (0x4)
                0x0000000000045f6c                PROVIDE (__preinit_array_start, ABSOLUTE (.))
 *(.preinit_array)
                0x0000000000045f6c                PROVIDE (__preinit_array_end, ABSOLUTE (.))
                0x0000000000045f6c                PROVIDE (__init_array_start, ABSOLUTE (.))
 *(.init_array)
                0x0000000000045f6c                PROVIDE (__init_array_end, ABSOLUTE (.))
                0x0000000000045f6c                PROVIDE (__fini_array_start, ABSOLUTE (.))
 *(.fini_array)
                0x0000000000045f6c                PROVIDE (__fini_array_end, ABSOLUTE (.))
 *(.eh_frame)
 *(.gcc_except_table .gcc_except_table.*)
 *(.dynamic)
                0x0000000000045f6c                PROVIDE (__CTOR_LIST__, ABSOLUTE (.))
 *(.ctors)
 *(SORT(.ctors.*))
                0x0000000000045f6c                PROVIDE (__CTOR_END__, ABSOLUTE (.))
                0x0000000000045f6c                PROVIDE (__DTOR_LIST__, ABSOLUTE (.))
 *(.dtors)
 *(SORT(.dtors.*))
                0x0000000000045f6c                PROVIDE (__DTOR_END__, ABSOLUTE (.))
 *(.jcr)
                0x0000000000045f6c                . = ALIGN (0x4)

.rodata         0x0000000000045f6c      0x14c
                0x0000000000045f6c                PROVIDE (__ram_rodata_start, ABSOLUTE (.))
                0x0000000000045f6c                . = ALIGN (0x4)
 *(.rodata .rodata.* .gnu.linkonce.r.*)
 .rodata        0x0000000000045f6c      0x110 obj/default/main.o
 .rodata.str1.4
                0x000000000004607c        0x4 c:/altera/14.0/nios2eds/bin/gnu/h-x86_64-mingw32/bin/../lib/gcc/nios2-elf/4.7.3/../../../../../H-x86_64-mingw32/nios2-elf/lib/mno-hw-mul\libc.a(lib_a-impure.o)
 .rodata        0x0000000000046080        0xc ../SocNiosBSP/\libhal_bsp.a(alt_dev.o)
 .rodata        0x000000000004608c       0x10 ../SocNiosBSP/\libhal_bsp.a(alt_main.o)
 .rodata        0x000000000004609c       0x1c ../SocNiosBSP/\libhal_bsp.a(alt_sys_init.o)
 *(.rodata1)
                0x00000000000460b8                . = ALIGN (0x4)
                0x00000000000460b8                PROVIDE (__ram_rodata_end, ABSOLUTE (.))
                0x0000000000045f6c                PROVIDE (__flash_rodata_start, LOADADDR (.rodata))

.rwdata         0x00000000000460b8     0x1b0c
                0x00000000000460b8                PROVIDE (__ram_rwdata_start, ABSOLUTE (.))
                0x00000000000460b8                . = ALIGN (0x4)
 *(.got.plt)
 *(.got)
 *(.data1)
 *(.data .data.* .gnu.linkonce.d.*)
 .data          0x00000000000460b8        0x0 ../SocNiosBSP//obj/HAL/src/crt0.o
 .data          0x00000000000460b8        0x0 obj/default/main.o
 .data          0x00000000000460b8        0x0 c:/altera/14.0/nios2eds/bin/gnu/h-x86_64-mingw32/bin/../lib/gcc/nios2-elf/4.7.3/mno-hw-mul\libgcc.a(lib2-divmod.o)
 .data          0x00000000000460b8        0x0 c:/altera/14.0/nios2eds/bin/gnu/h-x86_64-mingw32/bin/../lib/gcc/nios2-elf/4.7.3/mno-hw-mul\libgcc.a(lib2-mul.o)
 .data          0x00000000000460b8      0x400 c:/altera/14.0/nios2eds/bin/gnu/h-x86_64-mingw32/bin/../lib/gcc/nios2-elf/4.7.3/../../../../../H-x86_64-mingw32/nios2-elf/lib/mno-hw-mul\libc.a(lib_a-impure.o)
 .data          0x00000000000464b8        0x0 c:/altera/14.0/nios2eds/bin/gnu/h-x86_64-mingw32/bin/../lib/gcc/nios2-elf/4.7.3/../../../../../H-x86_64-mingw32/nios2-elf/lib/mno-hw-mul\libc.a(lib_a-putc.o)
 .data          0x00000000000464b8        0x0 c:/altera/14.0/nios2eds/bin/gnu/h-x86_64-mingw32/bin/../lib/gcc/nios2-elf/4.7.3/../../../../../H-x86_64-mingw32/nios2-elf/lib/mno-hw-mul\libc.a(lib_a-wbuf.o)
 .data          0x00000000000464b8        0x0 c:/altera/14.0/nios2eds/bin/gnu/h-x86_64-mingw32/bin/../lib/gcc/nios2-elf/4.7.3/../../../../../H-x86_64-mingw32/nios2-elf/lib/mno-hw-mul\libc.a(lib_a-wsetup.o)
 .data          0x00000000000464b8        0x0 c:/altera/14.0/nios2eds/bin/gnu/h-x86_64-mingw32/bin/../lib/gcc/nios2-elf/4.7.3/../../../../../H-x86_64-mingw32/nios2-elf/lib/mno-hw-mul\libc.a(lib_a-fflush.o)
 .data          0x00000000000464b8        0x0 c:/altera/14.0/nios2eds/bin/gnu/h-x86_64-mingw32/bin/../lib/gcc/nios2-elf/4.7.3/../../../../../H-x86_64-mingw32/nios2-elf/lib/mno-hw-mul\libc.a(lib_a-findfp.o)
 .data          0x00000000000464b8        0x0 c:/altera/14.0/nios2eds/bin/gnu/h-x86_64-mingw32/bin/../lib/gcc/nios2-elf/4.7.3/../../../../../H-x86_64-mingw32/nios2-elf/lib/mno-hw-mul\libc.a(lib_a-freer.o)
 .data          0x00000000000464b8        0x0 c:/altera/14.0/nios2eds/bin/gnu/h-x86_64-mingw32/bin/../lib/gcc/nios2-elf/4.7.3/../../../../../H-x86_64-mingw32/nios2-elf/lib/mno-hw-mul\libc.a(lib_a-fwalk.o)
 .data          0x00000000000464b8        0x0 c:/altera/14.0/nios2eds/bin/gnu/h-x86_64-mingw32/bin/../lib/gcc/nios2-elf/4.7.3/../../../../../H-x86_64-mingw32/nios2-elf/lib/mno-hw-mul\libc.a(lib_a-makebuf.o)
 .data          0x00000000000464b8      0x408 c:/altera/14.0/nios2eds/bin/gnu/h-x86_64-mingw32/bin/../lib/gcc/nios2-elf/4.7.3/../../../../../H-x86_64-mingw32/nios2-elf/lib/mno-hw-mul\libc.a(lib_a-mallocr.o)
                0x00000000000464b8                __malloc_av_
 .data          0x00000000000468c0        0x0 c:/altera/14.0/nios2eds/bin/gnu/h-x86_64-mingw32/bin/../lib/gcc/nios2-elf/4.7.3/../../../../../H-x86_64-mingw32/nios2-elf/lib/mno-hw-mul\libc.a(lib_a-memset.o)
 .data          0x00000000000468c0        0x0 c:/altera/14.0/nios2eds/bin/gnu/h-x86_64-mingw32/bin/../lib/gcc/nios2-elf/4.7.3/../../../../../H-x86_64-mingw32/nios2-elf/lib/mno-hw-mul\libc.a(lib_a-sbrkr.o)
 .data          0x00000000000468c0        0x0 c:/altera/14.0/nios2eds/bin/gnu/h-x86_64-mingw32/bin/../lib/gcc/nios2-elf/4.7.3/../../../../../H-x86_64-mingw32/nios2-elf/lib/mno-hw-mul\libc.a(lib_a-stdio.o)
 .data          0x00000000000468c0        0x0 c:/altera/14.0/nios2eds/bin/gnu/h-x86_64-mingw32/bin/../lib/gcc/nios2-elf/4.7.3/../../../../../H-x86_64-mingw32/nios2-elf/lib/mno-hw-mul\libc.a(lib_a-writer.o)
 .data          0x00000000000468c0        0x0 c:/altera/14.0/nios2eds/bin/gnu/h-x86_64-mingw32/bin/../lib/gcc/nios2-elf/4.7.3/../../../../../H-x86_64-mingw32/nios2-elf/lib/mno-hw-mul\libc.a(lib_a-closer.o)
 .data          0x00000000000468c0        0x0 c:/altera/14.0/nios2eds/bin/gnu/h-x86_64-mingw32/bin/../lib/gcc/nios2-elf/4.7.3/../../../../../H-x86_64-mingw32/nios2-elf/lib/mno-hw-mul\libc.a(lib_a-fclose.o)
 .data          0x00000000000468c0        0x0 c:/altera/14.0/nios2eds/bin/gnu/h-x86_64-mingw32/bin/../lib/gcc/nios2-elf/4.7.3/../../../../../H-x86_64-mingw32/nios2-elf/lib/mno-hw-mul\libc.a(lib_a-fstatr.o)
 .data          0x00000000000468c0        0x0 c:/altera/14.0/nios2eds/bin/gnu/h-x86_64-mingw32/bin/../lib/gcc/nios2-elf/4.7.3/../../../../../H-x86_64-mingw32/nios2-elf/lib/mno-hw-mul\libc.a(lib_a-int_errno.o)
 .data          0x00000000000468c0        0x0 c:/altera/14.0/nios2eds/bin/gnu/h-x86_64-mingw32/bin/../lib/gcc/nios2-elf/4.7.3/../../../../../H-x86_64-mingw32/nios2-elf/lib/mno-hw-mul\libc.a(lib_a-isattyr.o)
 .data          0x00000000000468c0        0x0 c:/altera/14.0/nios2eds/bin/gnu/h-x86_64-mingw32/bin/../lib/gcc/nios2-elf/4.7.3/../../../../../H-x86_64-mingw32/nios2-elf/lib/mno-hw-mul\libc.a(lib_a-lseekr.o)
 .data          0x00000000000468c0        0x0 c:/altera/14.0/nios2eds/bin/gnu/h-x86_64-mingw32/bin/../lib/gcc/nios2-elf/4.7.3/../../../../../H-x86_64-mingw32/nios2-elf/lib/mno-hw-mul\libc.a(lib_a-readr.o)
 .data          0x00000000000468c0        0x0 ../SocNiosBSP/\libhal_bsp.a(alt_close.o)
 .data          0x00000000000468c0      0x1a8 ../SocNiosBSP/\libhal_bsp.a(alt_dev.o)
                0x00000000000468c0                alt_dev_null
                0x00000000000468e8                alt_fd_list
 .data          0x0000000000046a68        0x0 ../SocNiosBSP/\libhal_bsp.a(alt_errno.o)
 .data          0x0000000000046a68        0x0 ../SocNiosBSP/\libhal_bsp.a(alt_fstat.o)
 .data          0x0000000000046a68        0x0 ../SocNiosBSP/\libhal_bsp.a(alt_isatty.o)
 .data          0x0000000000046a68        0x0 ../SocNiosBSP/\libhal_bsp.a(alt_lseek.o)
 .data          0x0000000000046a68        0x0 ../SocNiosBSP/\libhal_bsp.a(alt_main.o)
 .data          0x0000000000046a68        0x0 ../SocNiosBSP/\libhal_bsp.a(alt_malloc_lock.o)
 .data          0x0000000000046a68        0x0 ../SocNiosBSP/\libhal_bsp.a(alt_printf.o)
 .data          0x0000000000046a68        0x0 ../SocNiosBSP/\libhal_bsp.a(alt_putchar.o)
 .data          0x0000000000046a68        0x0 ../SocNiosBSP/\libhal_bsp.a(alt_read.o)
 .data          0x0000000000046a68        0x0 ../SocNiosBSP/\libhal_bsp.a(alt_release_fd.o)
 .data          0x0000000000046a68        0x0 ../SocNiosBSP/\libhal_bsp.a(alt_sbrk.o)
 .data          0x0000000000046a68        0x0 ../SocNiosBSP/\libhal_bsp.a(alt_usleep.o)
 .data          0x0000000000046a68        0x0 ../SocNiosBSP/\libhal_bsp.a(alt_write.o)
 .data          0x0000000000046a68     0x1124 ../SocNiosBSP/\libhal_bsp.a(alt_sys_init.o)
 .data          0x0000000000047b8c        0x0 ../SocNiosBSP/\libhal_bsp.a(altera_avalon_jtag_uart_fd.o)
 .data          0x0000000000047b8c        0x0 ../SocNiosBSP/\libhal_bsp.a(altera_avalon_jtag_uart_init.o)
 .data          0x0000000000047b8c        0x0 ../SocNiosBSP/\libhal_bsp.a(altera_avalon_jtag_uart_ioctl.o)
 .data          0x0000000000047b8c        0x0 ../SocNiosBSP/\libhal_bsp.a(altera_avalon_jtag_uart_read.o)
 .data          0x0000000000047b8c        0x0 ../SocNiosBSP/\libhal_bsp.a(altera_avalon_jtag_uart_write.o)
 .data          0x0000000000047b8c        0x0 ../SocNiosBSP/\libhal_bsp.a(altera_avalon_uart_fd.o)
 .data          0x0000000000047b8c        0x0 ../SocNiosBSP/\libhal_bsp.a(altera_avalon_uart_init.o)
 .data          0x0000000000047b8c        0x0 ../SocNiosBSP/\libhal_bsp.a(altera_avalon_uart_read.o)
 .data          0x0000000000047b8c        0x0 ../SocNiosBSP/\libhal_bsp.a(altera_avalon_uart_write.o)
 .data          0x0000000000047b8c        0x0 ../SocNiosBSP/\libhal_bsp.a(alt_alarm_start.o)
 .data          0x0000000000047b8c        0x0 ../SocNiosBSP/\libhal_bsp.a(alt_busy_sleep.o)
 .data          0x0000000000047b8c        0x0 ../SocNiosBSP/\libhal_bsp.a(alt_dev_llist_insert.o)
 .data          0x0000000000047b8c        0x0 ../SocNiosBSP/\libhal_bsp.a(alt_iic.o)
 .data          0x0000000000047b8c        0x0 ../SocNiosBSP/\libhal_bsp.a(alt_iic_isr_register.o)
 .data          0x0000000000047b8c        0x0 ../SocNiosBSP/\libhal_bsp.a(alt_io_redirect.o)
 .data          0x0000000000047b8c        0x0 ../SocNiosBSP/\libhal_bsp.a(alt_irq_entry.o)
 .data          0x0000000000047b8c        0x0 ../SocNiosBSP/\libhal_bsp.a(alt_irq_handler.o)
 .data          0x0000000000047b8c        0x0 ../SocNiosBSP/\libhal_bsp.a(alt_irq_vars.o)
 .data          0x0000000000047b8c        0x0 ../SocNiosBSP/\libhal_bsp.a(alt_open.o)
 .data          0x0000000000047b8c        0x0 ../SocNiosBSP/\libhal_bsp.a(alt_tick.o)
 .data          0x0000000000047b8c        0x0 ../SocNiosBSP/\libhal_bsp.a(altera_nios2_qsys_irq.o)
 .data          0x0000000000047b8c        0x0 ../SocNiosBSP/\libhal_bsp.a(alt_exception_entry.o)
 .data          0x0000000000047b8c        0x0 ../SocNiosBSP/\libhal_bsp.a(alt_find_dev.o)
 .data          0x0000000000047b8c        0x0 ../SocNiosBSP/\libhal_bsp.a(alt_find_file.o)
 .data          0x0000000000047b8c        0x0 ../SocNiosBSP/\libhal_bsp.a(alt_get_fd.o)
 .data          0x0000000000047b8c        0x0 c:/altera/14.0/nios2eds/bin/gnu/h-x86_64-mingw32/bin/../lib/gcc/nios2-elf/4.7.3/../../../../../H-x86_64-mingw32/nios2-elf/lib/mno-hw-mul\libc.a(lib_a-memcmp.o)
 .data          0x0000000000047b8c        0x0 c:/altera/14.0/nios2eds/bin/gnu/h-x86_64-mingw32/bin/../lib/gcc/nios2-elf/4.7.3/../../../../../H-x86_64-mingw32/nios2-elf/lib/mno-hw-mul\libc.a(lib_a-memcpy.o)
 .data          0x0000000000047b8c        0x0 c:/altera/14.0/nios2eds/bin/gnu/h-x86_64-mingw32/bin/../lib/gcc/nios2-elf/4.7.3/../../../../../H-x86_64-mingw32/nios2-elf/lib/mno-hw-mul\libc.a(lib_a-strlen.o)
                0x000000000004fb8c                _gp = ABSOLUTE ((. + 0x8000))
                0x000000000004fb8c                PROVIDE (gp, _gp)
 *(.rwdata .rwdata.*)
 *(.sdata .sdata.* .gnu.linkonce.s.*)
 .sdata         0x0000000000047b8c        0x8 c:/altera/14.0/nios2eds/bin/gnu/h-x86_64-mingw32/bin/../lib/gcc/nios2-elf/4.7.3/../../../../../H-x86_64-mingw32/nios2-elf/lib/mno-hw-mul\libc.a(lib_a-impure.o)
                0x0000000000047b8c                _global_impure_ptr
                0x0000000000047b90                _impure_ptr
 .sdata         0x0000000000047b94        0x8 c:/altera/14.0/nios2eds/bin/gnu/h-x86_64-mingw32/bin/../lib/gcc/nios2-elf/4.7.3/../../../../../H-x86_64-mingw32/nios2-elf/lib/mno-hw-mul\libc.a(lib_a-mallocr.o)
                0x0000000000047b94                __malloc_sbrk_base
                0x0000000000047b98                __malloc_trim_threshold
 .sdata         0x0000000000047b9c       0x14 ../SocNiosBSP/\libhal_bsp.a(alt_dev.o)
                0x0000000000047b9c                alt_fs_list
                0x0000000000047ba4                alt_dev_list
                0x0000000000047bac                alt_max_fd
 .sdata         0x0000000000047bb0        0x4 ../SocNiosBSP/\libhal_bsp.a(alt_errno.o)
                0x0000000000047bb0                alt_errno
 .sdata         0x0000000000047bb4        0x4 ../SocNiosBSP/\libhal_bsp.a(alt_sbrk.o)
 .sdata         0x0000000000047bb8        0x4 ../SocNiosBSP/\libhal_bsp.a(alt_irq_vars.o)
                0x0000000000047bb8                alt_priority_mask
 .sdata         0x0000000000047bbc        0x8 ../SocNiosBSP/\libhal_bsp.a(alt_tick.o)
                0x0000000000047bbc                alt_alarm_list
 *(.sdata2 .sdata2.* .gnu.linkonce.s2.*)
                0x0000000000047bc4                . = ALIGN (0x4)
                0x0000000000047bc4                _edata = ABSOLUTE (.)
                0x0000000000047bc4                PROVIDE (edata, ABSOLUTE (.))
                0x0000000000047bc4                PROVIDE (__ram_rwdata_end, ABSOLUTE (.))
                0x00000000000460b8                PROVIDE (__flash_rwdata_start, LOADADDR (.rwdata))

.bss            0x0000000000047bc4      0x150
                0x0000000000047bc4                __bss_start = ABSOLUTE (.)
                0x0000000000047bc4                PROVIDE (__sbss_start, ABSOLUTE (.))
                0x0000000000047bc4                PROVIDE (___sbss_start, ABSOLUTE (.))
 *(.dynsbss)
 *(.sbss .sbss.* .gnu.linkonce.sb.*)
 .sbss          0x0000000000047bc4        0xc c:/altera/14.0/nios2eds/bin/gnu/h-x86_64-mingw32/bin/../lib/gcc/nios2-elf/4.7.3/../../../../../H-x86_64-mingw32/nios2-elf/lib/mno-hw-mul\libc.a(lib_a-mallocr.o)
                0x0000000000047bc4                __malloc_max_total_mem
                0x0000000000047bc8                __malloc_max_sbrked_mem
                0x0000000000047bcc                __malloc_top_pad
 .sbss          0x0000000000047bd0        0x4 c:/altera/14.0/nios2eds/bin/gnu/h-x86_64-mingw32/bin/../lib/gcc/nios2-elf/4.7.3/../../../../../H-x86_64-mingw32/nios2-elf/lib/mno-hw-mul\libc.a(lib_a-int_errno.o)
                0x0000000000047bd0                errno
 .sbss          0x0000000000047bd4        0xc ../SocNiosBSP/\libhal_bsp.a(alt_main.o)
                0x0000000000047bd4                alt_argc
                0x0000000000047bd8                alt_argv
                0x0000000000047bdc                alt_envp
 .sbss          0x0000000000047be0        0x4 ../SocNiosBSP/\libhal_bsp.a(alt_irq_vars.o)
                0x0000000000047be0                alt_irq_active
 .sbss          0x0000000000047be4        0x8 ../SocNiosBSP/\libhal_bsp.a(alt_tick.o)
                0x0000000000047be4                _alt_tick_rate
                0x0000000000047be8                _alt_nticks
 *(.sbss2 .sbss2.* .gnu.linkonce.sb2.*)
 *(.scommon)
                0x0000000000047bec                PROVIDE (__sbss_end, ABSOLUTE (.))
                0x0000000000047bec                PROVIDE (___sbss_end, ABSOLUTE (.))
 *(.dynbss)
 *(.bss .bss.* .gnu.linkonce.b.*)
 .bss           0x0000000000047bec        0x0 ../SocNiosBSP//obj/HAL/src/crt0.o
 .bss           0x0000000000047bec        0x0 obj/default/main.o
 .bss           0x0000000000047bec        0x0 c:/altera/14.0/nios2eds/bin/gnu/h-x86_64-mingw32/bin/../lib/gcc/nios2-elf/4.7.3/mno-hw-mul\libgcc.a(lib2-divmod.o)
 .bss           0x0000000000047bec        0x0 c:/altera/14.0/nios2eds/bin/gnu/h-x86_64-mingw32/bin/../lib/gcc/nios2-elf/4.7.3/mno-hw-mul\libgcc.a(lib2-mul.o)
 .bss           0x0000000000047bec        0x0 c:/altera/14.0/nios2eds/bin/gnu/h-x86_64-mingw32/bin/../lib/gcc/nios2-elf/4.7.3/../../../../../H-x86_64-mingw32/nios2-elf/lib/mno-hw-mul\libc.a(lib_a-impure.o)
 .bss           0x0000000000047bec        0x0 c:/altera/14.0/nios2eds/bin/gnu/h-x86_64-mingw32/bin/../lib/gcc/nios2-elf/4.7.3/../../../../../H-x86_64-mingw32/nios2-elf/lib/mno-hw-mul\libc.a(lib_a-putc.o)
 .bss           0x0000000000047bec        0x0 c:/altera/14.0/nios2eds/bin/gnu/h-x86_64-mingw32/bin/../lib/gcc/nios2-elf/4.7.3/../../../../../H-x86_64-mingw32/nios2-elf/lib/mno-hw-mul\libc.a(lib_a-wbuf.o)
 .bss           0x0000000000047bec        0x0 c:/altera/14.0/nios2eds/bin/gnu/h-x86_64-mingw32/bin/../lib/gcc/nios2-elf/4.7.3/../../../../../H-x86_64-mingw32/nios2-elf/lib/mno-hw-mul\libc.a(lib_a-wsetup.o)
 .bss           0x0000000000047bec        0x0 c:/altera/14.0/nios2eds/bin/gnu/h-x86_64-mingw32/bin/../lib/gcc/nios2-elf/4.7.3/../../../../../H-x86_64-mingw32/nios2-elf/lib/mno-hw-mul\libc.a(lib_a-fflush.o)
 .bss           0x0000000000047bec        0x0 c:/altera/14.0/nios2eds/bin/gnu/h-x86_64-mingw32/bin/../lib/gcc/nios2-elf/4.7.3/../../../../../H-x86_64-mingw32/nios2-elf/lib/mno-hw-mul\libc.a(lib_a-findfp.o)
 .bss           0x0000000000047bec        0x0 c:/altera/14.0/nios2eds/bin/gnu/h-x86_64-mingw32/bin/../lib/gcc/nios2-elf/4.7.3/../../../../../H-x86_64-mingw32/nios2-elf/lib/mno-hw-mul\libc.a(lib_a-freer.o)
 .bss           0x0000000000047bec        0x0 c:/altera/14.0/nios2eds/bin/gnu/h-x86_64-mingw32/bin/../lib/gcc/nios2-elf/4.7.3/../../../../../H-x86_64-mingw32/nios2-elf/lib/mno-hw-mul\libc.a(lib_a-fwalk.o)
 .bss           0x0000000000047bec        0x0 c:/altera/14.0/nios2eds/bin/gnu/h-x86_64-mingw32/bin/../lib/gcc/nios2-elf/4.7.3/../../../../../H-x86_64-mingw32/nios2-elf/lib/mno-hw-mul\libc.a(lib_a-makebuf.o)
 .bss           0x0000000000047bec       0x28 c:/altera/14.0/nios2eds/bin/gnu/h-x86_64-mingw32/bin/../lib/gcc/nios2-elf/4.7.3/../../../../../H-x86_64-mingw32/nios2-elf/lib/mno-hw-mul\libc.a(lib_a-mallocr.o)
                0x0000000000047bec                __malloc_current_mallinfo
 .bss           0x0000000000047c14        0x0 c:/altera/14.0/nios2eds/bin/gnu/h-x86_64-mingw32/bin/../lib/gcc/nios2-elf/4.7.3/../../../../../H-x86_64-mingw32/nios2-elf/lib/mno-hw-mul\libc.a(lib_a-memset.o)
 .bss           0x0000000000047c14        0x0 c:/altera/14.0/nios2eds/bin/gnu/h-x86_64-mingw32/bin/../lib/gcc/nios2-elf/4.7.3/../../../../../H-x86_64-mingw32/nios2-elf/lib/mno-hw-mul\libc.a(lib_a-sbrkr.o)
 .bss           0x0000000000047c14        0x0 c:/altera/14.0/nios2eds/bin/gnu/h-x86_64-mingw32/bin/../lib/gcc/nios2-elf/4.7.3/../../../../../H-x86_64-mingw32/nios2-elf/lib/mno-hw-mul\libc.a(lib_a-stdio.o)
 .bss           0x0000000000047c14        0x0 c:/altera/14.0/nios2eds/bin/gnu/h-x86_64-mingw32/bin/../lib/gcc/nios2-elf/4.7.3/../../../../../H-x86_64-mingw32/nios2-elf/lib/mno-hw-mul\libc.a(lib_a-writer.o)
 .bss           0x0000000000047c14        0x0 c:/altera/14.0/nios2eds/bin/gnu/h-x86_64-mingw32/bin/../lib/gcc/nios2-elf/4.7.3/../../../../../H-x86_64-mingw32/nios2-elf/lib/mno-hw-mul\libc.a(lib_a-closer.o)
 .bss           0x0000000000047c14        0x0 c:/altera/14.0/nios2eds/bin/gnu/h-x86_64-mingw32/bin/../lib/gcc/nios2-elf/4.7.3/../../../../../H-x86_64-mingw32/nios2-elf/lib/mno-hw-mul\libc.a(lib_a-fclose.o)
 .bss           0x0000000000047c14        0x0 c:/altera/14.0/nios2eds/bin/gnu/h-x86_64-mingw32/bin/../lib/gcc/nios2-elf/4.7.3/../../../../../H-x86_64-mingw32/nios2-elf/lib/mno-hw-mul\libc.a(lib_a-fstatr.o)
 .bss           0x0000000000047c14        0x0 c:/altera/14.0/nios2eds/bin/gnu/h-x86_64-mingw32/bin/../lib/gcc/nios2-elf/4.7.3/../../../../../H-x86_64-mingw32/nios2-elf/lib/mno-hw-mul\libc.a(lib_a-int_errno.o)
 .bss           0x0000000000047c14        0x0 c:/altera/14.0/nios2eds/bin/gnu/h-x86_64-mingw32/bin/../lib/gcc/nios2-elf/4.7.3/../../../../../H-x86_64-mingw32/nios2-elf/lib/mno-hw-mul\libc.a(lib_a-isattyr.o)
 .bss           0x0000000000047c14        0x0 c:/altera/14.0/nios2eds/bin/gnu/h-x86_64-mingw32/bin/../lib/gcc/nios2-elf/4.7.3/../../../../../H-x86_64-mingw32/nios2-elf/lib/mno-hw-mul\libc.a(lib_a-lseekr.o)
 .bss           0x0000000000047c14        0x0 c:/altera/14.0/nios2eds/bin/gnu/h-x86_64-mingw32/bin/../lib/gcc/nios2-elf/4.7.3/../../../../../H-x86_64-mingw32/nios2-elf/lib/mno-hw-mul\libc.a(lib_a-readr.o)
 .bss           0x0000000000047c14        0x0 ../SocNiosBSP/\libhal_bsp.a(alt_close.o)
 .bss           0x0000000000047c14        0x0 ../SocNiosBSP/\libhal_bsp.a(alt_dev.o)
 .bss           0x0000000000047c14        0x0 ../SocNiosBSP/\libhal_bsp.a(alt_errno.o)
 .bss           0x0000000000047c14        0x0 ../SocNiosBSP/\libhal_bsp.a(alt_fstat.o)
 .bss           0x0000000000047c14        0x0 ../SocNiosBSP/\libhal_bsp.a(alt_isatty.o)
 .bss           0x0000000000047c14        0x0 ../SocNiosBSP/\libhal_bsp.a(alt_lseek.o)
 .bss           0x0000000000047c14        0x0 ../SocNiosBSP/\libhal_bsp.a(alt_main.o)
 .bss           0x0000000000047c14        0x0 ../SocNiosBSP/\libhal_bsp.a(alt_malloc_lock.o)
 .bss           0x0000000000047c14        0x0 ../SocNiosBSP/\libhal_bsp.a(alt_printf.o)
 .bss           0x0000000000047c14        0x0 ../SocNiosBSP/\libhal_bsp.a(alt_putchar.o)
 .bss           0x0000000000047c14        0x0 ../SocNiosBSP/\libhal_bsp.a(alt_read.o)
 .bss           0x0000000000047c14        0x0 ../SocNiosBSP/\libhal_bsp.a(alt_release_fd.o)
 .bss           0x0000000000047c14        0x0 ../SocNiosBSP/\libhal_bsp.a(alt_sbrk.o)
 .bss           0x0000000000047c14        0x0 ../SocNiosBSP/\libhal_bsp.a(alt_usleep.o)
 .bss           0x0000000000047c14        0x0 ../SocNiosBSP/\libhal_bsp.a(alt_write.o)
 .bss           0x0000000000047c14        0x0 ../SocNiosBSP/\libhal_bsp.a(alt_sys_init.o)
 .bss           0x0000000000047c14        0x0 ../SocNiosBSP/\libhal_bsp.a(altera_avalon_jtag_uart_fd.o)
 .bss           0x0000000000047c14        0x0 ../SocNiosBSP/\libhal_bsp.a(altera_avalon_jtag_uart_init.o)
 .bss           0x0000000000047c14        0x0 ../SocNiosBSP/\libhal_bsp.a(altera_avalon_jtag_uart_ioctl.o)
 .bss           0x0000000000047c14        0x0 ../SocNiosBSP/\libhal_bsp.a(altera_avalon_jtag_uart_read.o)
 .bss           0x0000000000047c14        0x0 ../SocNiosBSP/\libhal_bsp.a(altera_avalon_jtag_uart_write.o)
 .bss           0x0000000000047c14        0x0 ../SocNiosBSP/\libhal_bsp.a(altera_avalon_uart_fd.o)
 .bss           0x0000000000047c14        0x0 ../SocNiosBSP/\libhal_bsp.a(altera_avalon_uart_init.o)
 .bss           0x0000000000047c14        0x0 ../SocNiosBSP/\libhal_bsp.a(altera_avalon_uart_read.o)
 .bss           0x0000000000047c14        0x0 ../SocNiosBSP/\libhal_bsp.a(altera_avalon_uart_write.o)
 .bss           0x0000000000047c14        0x0 ../SocNiosBSP/\libhal_bsp.a(alt_alarm_start.o)
 .bss           0x0000000000047c14        0x0 ../SocNiosBSP/\libhal_bsp.a(alt_busy_sleep.o)
 .bss           0x0000000000047c14        0x0 ../SocNiosBSP/\libhal_bsp.a(alt_dev_llist_insert.o)
 .bss           0x0000000000047c14        0x0 ../SocNiosBSP/\libhal_bsp.a(alt_iic.o)
 .bss           0x0000000000047c14        0x0 ../SocNiosBSP/\libhal_bsp.a(alt_iic_isr_register.o)
 .bss           0x0000000000047c14        0x0 ../SocNiosBSP/\libhal_bsp.a(alt_io_redirect.o)
 .bss           0x0000000000047c14        0x0 ../SocNiosBSP/\libhal_bsp.a(alt_irq_entry.o)
 .bss           0x0000000000047c14        0x0 ../SocNiosBSP/\libhal_bsp.a(alt_irq_handler.o)
 .bss           0x0000000000047c14        0x0 ../SocNiosBSP/\libhal_bsp.a(alt_irq_vars.o)
 .bss           0x0000000000047c14        0x0 ../SocNiosBSP/\libhal_bsp.a(alt_open.o)
 .bss           0x0000000000047c14        0x0 ../SocNiosBSP/\libhal_bsp.a(alt_tick.o)
 .bss           0x0000000000047c14        0x0 ../SocNiosBSP/\libhal_bsp.a(altera_nios2_qsys_irq.o)
 .bss           0x0000000000047c14        0x0 ../SocNiosBSP/\libhal_bsp.a(alt_exception_entry.o)
 .bss           0x0000000000047c14        0x0 ../SocNiosBSP/\libhal_bsp.a(alt_find_dev.o)
 .bss           0x0000000000047c14        0x0 ../SocNiosBSP/\libhal_bsp.a(alt_find_file.o)
 .bss           0x0000000000047c14        0x0 ../SocNiosBSP/\libhal_bsp.a(alt_get_fd.o)
 .bss           0x0000000000047c14        0x0 c:/altera/14.0/nios2eds/bin/gnu/h-x86_64-mingw32/bin/../lib/gcc/nios2-elf/4.7.3/../../../../../H-x86_64-mingw32/nios2-elf/lib/mno-hw-mul\libc.a(lib_a-memcmp.o)
 .bss           0x0000000000047c14        0x0 c:/altera/14.0/nios2eds/bin/gnu/h-x86_64-mingw32/bin/../lib/gcc/nios2-elf/4.7.3/../../../../../H-x86_64-mingw32/nios2-elf/lib/mno-hw-mul\libc.a(lib_a-memcpy.o)
 .bss           0x0000000000047c14        0x0 c:/altera/14.0/nios2eds/bin/gnu/h-x86_64-mingw32/bin/../lib/gcc/nios2-elf/4.7.3/../../../../../H-x86_64-mingw32/nios2-elf/lib/mno-hw-mul\libc.a(lib_a-strlen.o)
 *(COMMON)
 COMMON         0x0000000000047c14      0x100 ../SocNiosBSP/\libhal_bsp.a(alt_irq_handler.o)
                0x0000000000047c14                alt_irq
                0x0000000000047d14                . = ALIGN (0x4)
                0x0000000000047d14                __bss_end = ABSOLUTE (.)

.data_memory    0x0000000000000000        0x0
                0x0000000000000000                PROVIDE (_alt_partition_data_memory_start, ABSOLUTE (.))
 *(.data_memory .data_memory. data_memory.*)
                0x0000000000000000                . = ALIGN (0x4)
                0x0000000000000000                PROVIDE (_alt_partition_data_memory_end, ABSOLUTE (.))
                0x0000000000000000                PROVIDE (_alt_partition_data_memory_load_addr, LOADADDR (.data_memory))

.cpu_memory     0x0000000000047d14        0x0
                0x0000000000047d14                PROVIDE (_alt_partition_cpu_memory_start, ABSOLUTE (.))
 *(.cpu_memory .cpu_memory. cpu_memory.*)
                0x0000000000047d14                . = ALIGN (0x4)
                0x0000000000047d14                PROVIDE (_alt_partition_cpu_memory_end, ABSOLUTE (.))
                0x0000000000047d14                _end = ABSOLUTE (.)
                0x0000000000047d14                end = ABSOLUTE (.)
                0x0000000000047d14                __alt_stack_base = ABSOLUTE (.)
                0x0000000000047d14                PROVIDE (_alt_partition_cpu_memory_load_addr, LOADADDR (.cpu_memory))

.stab
 *(.stab)

.stabstr
 *(.stabstr)

.stab.excl
 *(.stab.excl)

.stab.exclstr
 *(.stab.exclstr)

.stab.index
 *(.stab.index)

.stab.indexstr
 *(.stab.indexstr)

.comment        0x0000000000000000       0x46
 *(.comment)
 .comment       0x0000000000000000       0x23 obj/default/main.o
                                         0x24 (size before relaxing)
 .comment       0x0000000000000000       0x24 c:/altera/14.0/nios2eds/bin/gnu/h-x86_64-mingw32/bin/../lib/gcc/nios2-elf/4.7.3/mno-hw-mul\libgcc.a(lib2-divmod.o)
 .comment       0x0000000000000000       0x24 c:/altera/14.0/nios2eds/bin/gnu/h-x86_64-mingw32/bin/../lib/gcc/nios2-elf/4.7.3/mno-hw-mul\libgcc.a(lib2-mul.o)
 .comment       0x0000000000000000       0x24 c:/altera/14.0/nios2eds/bin/gnu/h-x86_64-mingw32/bin/../lib/gcc/nios2-elf/4.7.3/../../../../../H-x86_64-mingw32/nios2-elf/lib/mno-hw-mul\libc.a(lib_a-impure.o)
 .comment       0x0000000000000000       0x24 c:/altera/14.0/nios2eds/bin/gnu/h-x86_64-mingw32/bin/../lib/gcc/nios2-elf/4.7.3/../../../../../H-x86_64-mingw32/nios2-elf/lib/mno-hw-mul\libc.a(lib_a-putc.o)
 .comment       0x0000000000000000       0x24 c:/altera/14.0/nios2eds/bin/gnu/h-x86_64-mingw32/bin/../lib/gcc/nios2-elf/4.7.3/../../../../../H-x86_64-mingw32/nios2-elf/lib/mno-hw-mul\libc.a(lib_a-wbuf.o)
 .comment       0x0000000000000000       0x24 c:/altera/14.0/nios2eds/bin/gnu/h-x86_64-mingw32/bin/../lib/gcc/nios2-elf/4.7.3/../../../../../H-x86_64-mingw32/nios2-elf/lib/mno-hw-mul\libc.a(lib_a-wsetup.o)
 .comment       0x0000000000000000       0x24 c:/altera/14.0/nios2eds/bin/gnu/h-x86_64-mingw32/bin/../lib/gcc/nios2-elf/4.7.3/../../../../../H-x86_64-mingw32/nios2-elf/lib/mno-hw-mul\libc.a(lib_a-fflush.o)
 .comment       0x0000000000000000       0x24 c:/altera/14.0/nios2eds/bin/gnu/h-x86_64-mingw32/bin/../lib/gcc/nios2-elf/4.7.3/../../../../../H-x86_64-mingw32/nios2-elf/lib/mno-hw-mul\libc.a(lib_a-findfp.o)
 .comment       0x0000000000000000       0x24 c:/altera/14.0/nios2eds/bin/gnu/h-x86_64-mingw32/bin/../lib/gcc/nios2-elf/4.7.3/../../../../../H-x86_64-mingw32/nios2-elf/lib/mno-hw-mul\libc.a(lib_a-freer.o)
 .comment       0x0000000000000000       0x24 c:/altera/14.0/nios2eds/bin/gnu/h-x86_64-mingw32/bin/../lib/gcc/nios2-elf/4.7.3/../../../../../H-x86_64-mingw32/nios2-elf/lib/mno-hw-mul\libc.a(lib_a-fwalk.o)
 .comment       0x0000000000000000       0x24 c:/altera/14.0/nios2eds/bin/gnu/h-x86_64-mingw32/bin/../lib/gcc/nios2-elf/4.7.3/../../../../../H-x86_64-mingw32/nios2-elf/lib/mno-hw-mul\libc.a(lib_a-makebuf.o)
 .comment       0x0000000000000000       0x24 c:/altera/14.0/nios2eds/bin/gnu/h-x86_64-mingw32/bin/../lib/gcc/nios2-elf/4.7.3/../../../../../H-x86_64-mingw32/nios2-elf/lib/mno-hw-mul\libc.a(lib_a-mallocr.o)
 .comment       0x0000000000000000       0x24 c:/altera/14.0/nios2eds/bin/gnu/h-x86_64-mingw32/bin/../lib/gcc/nios2-elf/4.7.3/../../../../../H-x86_64-mingw32/nios2-elf/lib/mno-hw-mul\libc.a(lib_a-memset.o)
 .comment       0x0000000000000000       0x24 c:/altera/14.0/nios2eds/bin/gnu/h-x86_64-mingw32/bin/../lib/gcc/nios2-elf/4.7.3/../../../../../H-x86_64-mingw32/nios2-elf/lib/mno-hw-mul\libc.a(lib_a-sbrkr.o)
 .comment       0x0000000000000000       0x24 c:/altera/14.0/nios2eds/bin/gnu/h-x86_64-mingw32/bin/../lib/gcc/nios2-elf/4.7.3/../../../../../H-x86_64-mingw32/nios2-elf/lib/mno-hw-mul\libc.a(lib_a-stdio.o)
 .comment       0x0000000000000000       0x24 c:/altera/14.0/nios2eds/bin/gnu/h-x86_64-mingw32/bin/../lib/gcc/nios2-elf/4.7.3/../../../../../H-x86_64-mingw32/nios2-elf/lib/mno-hw-mul\libc.a(lib_a-writer.o)
 .comment       0x0000000000000000       0x24 c:/altera/14.0/nios2eds/bin/gnu/h-x86_64-mingw32/bin/../lib/gcc/nios2-elf/4.7.3/../../../../../H-x86_64-mingw32/nios2-elf/lib/mno-hw-mul\libc.a(lib_a-closer.o)
 .comment       0x0000000000000000       0x24 c:/altera/14.0/nios2eds/bin/gnu/h-x86_64-mingw32/bin/../lib/gcc/nios2-elf/4.7.3/../../../../../H-x86_64-mingw32/nios2-elf/lib/mno-hw-mul\libc.a(lib_a-fclose.o)
 .comment       0x0000000000000000       0x24 c:/altera/14.0/nios2eds/bin/gnu/h-x86_64-mingw32/bin/../lib/gcc/nios2-elf/4.7.3/../../../../../H-x86_64-mingw32/nios2-elf/lib/mno-hw-mul\libc.a(lib_a-fstatr.o)
 .comment       0x0000000000000000       0x24 c:/altera/14.0/nios2eds/bin/gnu/h-x86_64-mingw32/bin/../lib/gcc/nios2-elf/4.7.3/../../../../../H-x86_64-mingw32/nios2-elf/lib/mno-hw-mul\libc.a(lib_a-int_errno.o)
 .comment       0x0000000000000000       0x24 c:/altera/14.0/nios2eds/bin/gnu/h-x86_64-mingw32/bin/../lib/gcc/nios2-elf/4.7.3/../../../../../H-x86_64-mingw32/nios2-elf/lib/mno-hw-mul\libc.a(lib_a-isattyr.o)
 .comment       0x0000000000000000       0x24 c:/altera/14.0/nios2eds/bin/gnu/h-x86_64-mingw32/bin/../lib/gcc/nios2-elf/4.7.3/../../../../../H-x86_64-mingw32/nios2-elf/lib/mno-hw-mul\libc.a(lib_a-lseekr.o)
 .comment       0x0000000000000000       0x24 c:/altera/14.0/nios2eds/bin/gnu/h-x86_64-mingw32/bin/../lib/gcc/nios2-elf/4.7.3/../../../../../H-x86_64-mingw32/nios2-elf/lib/mno-hw-mul\libc.a(lib_a-readr.o)
 .comment       0x0000000000000000       0x24 ../SocNiosBSP/\libhal_bsp.a(alt_close.o)
 .comment       0x0000000000000000       0x24 ../SocNiosBSP/\libhal_bsp.a(alt_dev.o)
 .comment       0x0000000000000023       0x23 ../SocNiosBSP/\libhal_bsp.a(alt_errno.o)
                                         0x24 (size before relaxing)
 .comment       0x0000000000000000       0x24 ../SocNiosBSP/\libhal_bsp.a(alt_fstat.o)
 .comment       0x0000000000000000       0x24 ../SocNiosBSP/\libhal_bsp.a(alt_isatty.o)
 .comment       0x0000000000000000       0x24 ../SocNiosBSP/\libhal_bsp.a(alt_lseek.o)
 .comment       0x0000000000000000       0x24 ../SocNiosBSP/\libhal_bsp.a(alt_main.o)
 .comment       0x0000000000000000       0x24 ../SocNiosBSP/\libhal_bsp.a(alt_malloc_lock.o)
 .comment       0x0000000000000000       0x24 ../SocNiosBSP/\libhal_bsp.a(alt_printf.o)
 .comment       0x0000000000000000       0x24 ../SocNiosBSP/\libhal_bsp.a(alt_putchar.o)
 .comment       0x0000000000000000       0x24 ../SocNiosBSP/\libhal_bsp.a(alt_read.o)
 .comment       0x0000000000000000       0x24 ../SocNiosBSP/\libhal_bsp.a(alt_release_fd.o)
 .comment       0x0000000000000000       0x24 ../SocNiosBSP/\libhal_bsp.a(alt_sbrk.o)
 .comment       0x0000000000000000       0x24 ../SocNiosBSP/\libhal_bsp.a(alt_usleep.o)
 .comment       0x0000000000000000       0x24 ../SocNiosBSP/\libhal_bsp.a(alt_write.o)
 .comment       0x0000000000000000       0x24 ../SocNiosBSP/\libhal_bsp.a(alt_sys_init.o)
 .comment       0x0000000000000000       0x24 ../SocNiosBSP/\libhal_bsp.a(altera_avalon_jtag_uart_fd.o)
 .comment       0x0000000000000000       0x24 ../SocNiosBSP/\libhal_bsp.a(altera_avalon_jtag_uart_init.o)
 .comment       0x0000000000000000       0x24 ../SocNiosBSP/\libhal_bsp.a(altera_avalon_jtag_uart_ioctl.o)
 .comment       0x0000000000000000       0x24 ../SocNiosBSP/\libhal_bsp.a(altera_avalon_jtag_uart_read.o)
 .comment       0x0000000000000000       0x24 ../SocNiosBSP/\libhal_bsp.a(altera_avalon_jtag_uart_write.o)
 .comment       0x0000000000000000       0x24 ../SocNiosBSP/\libhal_bsp.a(altera_avalon_uart_fd.o)
 .comment       0x0000000000000000       0x24 ../SocNiosBSP/\libhal_bsp.a(altera_avalon_uart_init.o)
 .comment       0x0000000000000000       0x24 ../SocNiosBSP/\libhal_bsp.a(altera_avalon_uart_read.o)
 .comment       0x0000000000000000       0x24 ../SocNiosBSP/\libhal_bsp.a(altera_avalon_uart_write.o)
 .comment       0x0000000000000000       0x24 ../SocNiosBSP/\libhal_bsp.a(alt_alarm_start.o)
 .comment       0x0000000000000000       0x24 ../SocNiosBSP/\libhal_bsp.a(alt_busy_sleep.o)
 .comment       0x0000000000000000       0x24 ../SocNiosBSP/\libhal_bsp.a(alt_dev_llist_insert.o)
 .comment       0x0000000000000000       0x24 ../SocNiosBSP/\libhal_bsp.a(alt_iic.o)
 .comment       0x0000000000000000       0x24 ../SocNiosBSP/\libhal_bsp.a(alt_iic_isr_register.o)
 .comment       0x0000000000000000       0x24 ../SocNiosBSP/\libhal_bsp.a(alt_io_redirect.o)
 .comment       0x0000000000000000       0x24 ../SocNiosBSP/\libhal_bsp.a(alt_irq_handler.o)
 .comment       0x0000000000000000       0x24 ../SocNiosBSP/\libhal_bsp.a(alt_irq_vars.o)
 .comment       0x0000000000000000       0x24 ../SocNiosBSP/\libhal_bsp.a(alt_open.o)
 .comment       0x0000000000000000       0x24 ../SocNiosBSP/\libhal_bsp.a(alt_tick.o)
 .comment       0x0000000000000000       0x24 ../SocNiosBSP/\libhal_bsp.a(altera_nios2_qsys_irq.o)
 .comment       0x0000000000000000       0x24 ../SocNiosBSP/\libhal_bsp.a(alt_find_dev.o)
 .comment       0x0000000000000000       0x24 ../SocNiosBSP/\libhal_bsp.a(alt_find_file.o)
 .comment       0x0000000000000000       0x24 ../SocNiosBSP/\libhal_bsp.a(alt_get_fd.o)
 .comment       0x0000000000000000       0x24 c:/altera/14.0/nios2eds/bin/gnu/h-x86_64-mingw32/bin/../lib/gcc/nios2-elf/4.7.3/../../../../../H-x86_64-mingw32/nios2-elf/lib/mno-hw-mul\libc.a(lib_a-memcmp.o)
 .comment       0x0000000000000000       0x24 c:/altera/14.0/nios2eds/bin/gnu/h-x86_64-mingw32/bin/../lib/gcc/nios2-elf/4.7.3/../../../../../H-x86_64-mingw32/nios2-elf/lib/mno-hw-mul\libc.a(lib_a-memcpy.o)
 .comment       0x0000000000000000       0x24 c:/altera/14.0/nios2eds/bin/gnu/h-x86_64-mingw32/bin/../lib/gcc/nios2-elf/4.7.3/../../../../../H-x86_64-mingw32/nios2-elf/lib/mno-hw-mul\libc.a(lib_a-strlen.o)

.debug
 *(.debug)

.line
 *(.line)

.debug_srcinfo
 *(.debug_srcinfo)

.debug_sfnames
 *(.debug_sfnames)

.debug_aranges  0x0000000000000000      0x8a8
 *(.debug_aranges)
 .debug_aranges
                0x0000000000000000       0x20 ../SocNiosBSP//obj/HAL/src/crt0.o
 .debug_aranges
                0x0000000000000020       0x20 obj/default/main.o
 .debug_aranges
                0x0000000000000040       0x20 c:/altera/14.0/nios2eds/bin/gnu/h-x86_64-mingw32/bin/../lib/gcc/nios2-elf/4.7.3/mno-hw-mul\libgcc.a(lib2-divmod.o)
 .debug_aranges
                0x0000000000000060       0x20 c:/altera/14.0/nios2eds/bin/gnu/h-x86_64-mingw32/bin/../lib/gcc/nios2-elf/4.7.3/mno-hw-mul\libgcc.a(lib2-mul.o)
 .debug_aranges
                0x0000000000000080       0x18 c:/altera/14.0/nios2eds/bin/gnu/h-x86_64-mingw32/bin/../lib/gcc/nios2-elf/4.7.3/../../../../../H-x86_64-mingw32/nios2-elf/lib/mno-hw-mul\libc.a(lib_a-impure.o)
 .debug_aranges
                0x0000000000000098       0x20 c:/altera/14.0/nios2eds/bin/gnu/h-x86_64-mingw32/bin/../lib/gcc/nios2-elf/4.7.3/../../../../../H-x86_64-mingw32/nios2-elf/lib/mno-hw-mul\libc.a(lib_a-putc.o)
 .debug_aranges
                0x00000000000000b8       0x20 c:/altera/14.0/nios2eds/bin/gnu/h-x86_64-mingw32/bin/../lib/gcc/nios2-elf/4.7.3/../../../../../H-x86_64-mingw32/nios2-elf/lib/mno-hw-mul\libc.a(lib_a-wbuf.o)
 .debug_aranges
                0x00000000000000d8       0x20 c:/altera/14.0/nios2eds/bin/gnu/h-x86_64-mingw32/bin/../lib/gcc/nios2-elf/4.7.3/../../../../../H-x86_64-mingw32/nios2-elf/lib/mno-hw-mul\libc.a(lib_a-wsetup.o)
 .debug_aranges
                0x00000000000000f8       0x20 c:/altera/14.0/nios2eds/bin/gnu/h-x86_64-mingw32/bin/../lib/gcc/nios2-elf/4.7.3/../../../../../H-x86_64-mingw32/nios2-elf/lib/mno-hw-mul\libc.a(lib_a-fflush.o)
 .debug_aranges
                0x0000000000000118       0x20 c:/altera/14.0/nios2eds/bin/gnu/h-x86_64-mingw32/bin/../lib/gcc/nios2-elf/4.7.3/../../../../../H-x86_64-mingw32/nios2-elf/lib/mno-hw-mul\libc.a(lib_a-findfp.o)
 .debug_aranges
                0x0000000000000138       0x20 c:/altera/14.0/nios2eds/bin/gnu/h-x86_64-mingw32/bin/../lib/gcc/nios2-elf/4.7.3/../../../../../H-x86_64-mingw32/nios2-elf/lib/mno-hw-mul\libc.a(lib_a-freer.o)
 .debug_aranges
                0x0000000000000158       0x20 c:/altera/14.0/nios2eds/bin/gnu/h-x86_64-mingw32/bin/../lib/gcc/nios2-elf/4.7.3/../../../../../H-x86_64-mingw32/nios2-elf/lib/mno-hw-mul\libc.a(lib_a-fwalk.o)
 .debug_aranges
                0x0000000000000178       0x20 c:/altera/14.0/nios2eds/bin/gnu/h-x86_64-mingw32/bin/../lib/gcc/nios2-elf/4.7.3/../../../../../H-x86_64-mingw32/nios2-elf/lib/mno-hw-mul\libc.a(lib_a-makebuf.o)
 .debug_aranges
                0x0000000000000198       0x20 c:/altera/14.0/nios2eds/bin/gnu/h-x86_64-mingw32/bin/../lib/gcc/nios2-elf/4.7.3/../../../../../H-x86_64-mingw32/nios2-elf/lib/mno-hw-mul\libc.a(lib_a-mallocr.o)
 .debug_aranges
                0x00000000000001b8       0x20 c:/altera/14.0/nios2eds/bin/gnu/h-x86_64-mingw32/bin/../lib/gcc/nios2-elf/4.7.3/../../../../../H-x86_64-mingw32/nios2-elf/lib/mno-hw-mul\libc.a(lib_a-memset.o)
 .debug_aranges
                0x00000000000001d8       0x20 c:/altera/14.0/nios2eds/bin/gnu/h-x86_64-mingw32/bin/../lib/gcc/nios2-elf/4.7.3/../../../../../H-x86_64-mingw32/nios2-elf/lib/mno-hw-mul\libc.a(lib_a-sbrkr.o)
 .debug_aranges
                0x00000000000001f8       0x20 c:/altera/14.0/nios2eds/bin/gnu/h-x86_64-mingw32/bin/../lib/gcc/nios2-elf/4.7.3/../../../../../H-x86_64-mingw32/nios2-elf/lib/mno-hw-mul\libc.a(lib_a-stdio.o)
 .debug_aranges
                0x0000000000000218       0x20 c:/altera/14.0/nios2eds/bin/gnu/h-x86_64-mingw32/bin/../lib/gcc/nios2-elf/4.7.3/../../../../../H-x86_64-mingw32/nios2-elf/lib/mno-hw-mul\libc.a(lib_a-writer.o)
 .debug_aranges
                0x0000000000000238       0x20 c:/altera/14.0/nios2eds/bin/gnu/h-x86_64-mingw32/bin/../lib/gcc/nios2-elf/4.7.3/../../../../../H-x86_64-mingw32/nios2-elf/lib/mno-hw-mul\libc.a(lib_a-closer.o)
 .debug_aranges
                0x0000000000000258       0x20 c:/altera/14.0/nios2eds/bin/gnu/h-x86_64-mingw32/bin/../lib/gcc/nios2-elf/4.7.3/../../../../../H-x86_64-mingw32/nios2-elf/lib/mno-hw-mul\libc.a(lib_a-fclose.o)
 .debug_aranges
                0x0000000000000278       0x20 c:/altera/14.0/nios2eds/bin/gnu/h-x86_64-mingw32/bin/../lib/gcc/nios2-elf/4.7.3/../../../../../H-x86_64-mingw32/nios2-elf/lib/mno-hw-mul\libc.a(lib_a-fstatr.o)
 .debug_aranges
                0x0000000000000298       0x18 c:/altera/14.0/nios2eds/bin/gnu/h-x86_64-mingw32/bin/../lib/gcc/nios2-elf/4.7.3/../../../../../H-x86_64-mingw32/nios2-elf/lib/mno-hw-mul\libc.a(lib_a-int_errno.o)
 .debug_aranges
                0x00000000000002b0       0x20 c:/altera/14.0/nios2eds/bin/gnu/h-x86_64-mingw32/bin/../lib/gcc/nios2-elf/4.7.3/../../../../../H-x86_64-mingw32/nios2-elf/lib/mno-hw-mul\libc.a(lib_a-isattyr.o)
 .debug_aranges
                0x00000000000002d0       0x20 c:/altera/14.0/nios2eds/bin/gnu/h-x86_64-mingw32/bin/../lib/gcc/nios2-elf/4.7.3/../../../../../H-x86_64-mingw32/nios2-elf/lib/mno-hw-mul\libc.a(lib_a-lseekr.o)
 .debug_aranges
                0x00000000000002f0       0x20 c:/altera/14.0/nios2eds/bin/gnu/h-x86_64-mingw32/bin/../lib/gcc/nios2-elf/4.7.3/../../../../../H-x86_64-mingw32/nios2-elf/lib/mno-hw-mul\libc.a(lib_a-readr.o)
 .debug_aranges
                0x0000000000000310       0x20 ../SocNiosBSP/\libhal_bsp.a(alt_close.o)
 .debug_aranges
                0x0000000000000330       0x20 ../SocNiosBSP/\libhal_bsp.a(alt_dev.o)
 .debug_aranges
                0x0000000000000350       0x18 ../SocNiosBSP/\libhal_bsp.a(alt_errno.o)
 .debug_aranges
                0x0000000000000368       0x20 ../SocNiosBSP/\libhal_bsp.a(alt_fstat.o)
 .debug_aranges
                0x0000000000000388       0x20 ../SocNiosBSP/\libhal_bsp.a(alt_isatty.o)
 .debug_aranges
                0x00000000000003a8       0x20 ../SocNiosBSP/\libhal_bsp.a(alt_lseek.o)
 .debug_aranges
                0x00000000000003c8       0x20 ../SocNiosBSP/\libhal_bsp.a(alt_main.o)
 .debug_aranges
                0x00000000000003e8       0x20 ../SocNiosBSP/\libhal_bsp.a(alt_malloc_lock.o)
 .debug_aranges
                0x0000000000000408       0x20 ../SocNiosBSP/\libhal_bsp.a(alt_printf.o)
 .debug_aranges
                0x0000000000000428       0x20 ../SocNiosBSP/\libhal_bsp.a(alt_putchar.o)
 .debug_aranges
                0x0000000000000448       0x20 ../SocNiosBSP/\libhal_bsp.a(alt_read.o)
 .debug_aranges
                0x0000000000000468       0x20 ../SocNiosBSP/\libhal_bsp.a(alt_release_fd.o)
 .debug_aranges
                0x0000000000000488       0x20 ../SocNiosBSP/\libhal_bsp.a(alt_sbrk.o)
 .debug_aranges
                0x00000000000004a8       0x20 ../SocNiosBSP/\libhal_bsp.a(alt_usleep.o)
 .debug_aranges
                0x00000000000004c8       0x20 ../SocNiosBSP/\libhal_bsp.a(alt_write.o)
 .debug_aranges
                0x00000000000004e8       0x20 ../SocNiosBSP/\libhal_bsp.a(alt_sys_init.o)
 .debug_aranges
                0x0000000000000508       0x20 ../SocNiosBSP/\libhal_bsp.a(altera_avalon_jtag_uart_fd.o)
 .debug_aranges
                0x0000000000000528       0x20 ../SocNiosBSP/\libhal_bsp.a(altera_avalon_jtag_uart_init.o)
 .debug_aranges
                0x0000000000000548       0x20 ../SocNiosBSP/\libhal_bsp.a(altera_avalon_jtag_uart_ioctl.o)
 .debug_aranges
                0x0000000000000568       0x20 ../SocNiosBSP/\libhal_bsp.a(altera_avalon_jtag_uart_read.o)
 .debug_aranges
                0x0000000000000588       0x20 ../SocNiosBSP/\libhal_bsp.a(altera_avalon_jtag_uart_write.o)
 .debug_aranges
                0x00000000000005a8       0x20 ../SocNiosBSP/\libhal_bsp.a(altera_avalon_uart_fd.o)
 .debug_aranges
                0x00000000000005c8       0x20 ../SocNiosBSP/\libhal_bsp.a(altera_avalon_uart_init.o)
 .debug_aranges
                0x00000000000005e8       0x20 ../SocNiosBSP/\libhal_bsp.a(altera_avalon_uart_read.o)
 .debug_aranges
                0x0000000000000608       0x20 ../SocNiosBSP/\libhal_bsp.a(altera_avalon_uart_write.o)
 .debug_aranges
                0x0000000000000628       0x20 ../SocNiosBSP/\libhal_bsp.a(alt_alarm_start.o)
 .debug_aranges
                0x0000000000000648       0x20 ../SocNiosBSP/\libhal_bsp.a(alt_busy_sleep.o)
 .debug_aranges
                0x0000000000000668       0x20 ../SocNiosBSP/\libhal_bsp.a(alt_dev_llist_insert.o)
 .debug_aranges
                0x0000000000000688       0x20 ../SocNiosBSP/\libhal_bsp.a(alt_iic.o)
 .debug_aranges
                0x00000000000006a8       0x20 ../SocNiosBSP/\libhal_bsp.a(alt_iic_isr_register.o)
 .debug_aranges
                0x00000000000006c8       0x20 ../SocNiosBSP/\libhal_bsp.a(alt_io_redirect.o)
 .debug_aranges
                0x00000000000006e8       0x30 ../SocNiosBSP/\libhal_bsp.a(alt_irq_entry.o)
 .debug_aranges
                0x0000000000000718       0x20 ../SocNiosBSP/\libhal_bsp.a(alt_irq_handler.o)
 .debug_aranges
                0x0000000000000738       0x18 ../SocNiosBSP/\libhal_bsp.a(alt_irq_vars.o)
 .debug_aranges
                0x0000000000000750       0x20 ../SocNiosBSP/\libhal_bsp.a(alt_open.o)
 .debug_aranges
                0x0000000000000770       0x20 ../SocNiosBSP/\libhal_bsp.a(alt_tick.o)
 .debug_aranges
                0x0000000000000790       0x20 ../SocNiosBSP/\libhal_bsp.a(altera_nios2_qsys_irq.o)
 .debug_aranges
                0x00000000000007b0       0x38 ../SocNiosBSP/\libhal_bsp.a(alt_exception_entry.o)
 .debug_aranges
                0x00000000000007e8       0x20 ../SocNiosBSP/\libhal_bsp.a(alt_find_dev.o)
 .debug_aranges
                0x0000000000000808       0x20 ../SocNiosBSP/\libhal_bsp.a(alt_find_file.o)
 .debug_aranges
                0x0000000000000828       0x20 ../SocNiosBSP/\libhal_bsp.a(alt_get_fd.o)
 .debug_aranges
                0x0000000000000848       0x20 c:/altera/14.0/nios2eds/bin/gnu/h-x86_64-mingw32/bin/../lib/gcc/nios2-elf/4.7.3/../../../../../H-x86_64-mingw32/nios2-elf/lib/mno-hw-mul\libc.a(lib_a-memcmp.o)
 .debug_aranges
                0x0000000000000868       0x20 c:/altera/14.0/nios2eds/bin/gnu/h-x86_64-mingw32/bin/../lib/gcc/nios2-elf/4.7.3/../../../../../H-x86_64-mingw32/nios2-elf/lib/mno-hw-mul\libc.a(lib_a-memcpy.o)
 .debug_aranges
                0x0000000000000888       0x20 c:/altera/14.0/nios2eds/bin/gnu/h-x86_64-mingw32/bin/../lib/gcc/nios2-elf/4.7.3/../../../../../H-x86_64-mingw32/nios2-elf/lib/mno-hw-mul\libc.a(lib_a-strlen.o)

.debug_pubnames
 *(.debug_pubnames)

.debug_info     0x0000000000000000    0x16662
 *(.debug_info .gnu.linkonce.wi.*)
 .debug_info    0x0000000000000000       0x7b ../SocNiosBSP//obj/HAL/src/crt0.o
 .debug_info    0x000000000000007b      0xcb9 obj/default/main.o
 .debug_info    0x0000000000000d34      0x289 c:/altera/14.0/nios2eds/bin/gnu/h-x86_64-mingw32/bin/../lib/gcc/nios2-elf/4.7.3/mno-hw-mul\libgcc.a(lib2-divmod.o)
 .debug_info    0x0000000000000fbd       0xb8 c:/altera/14.0/nios2eds/bin/gnu/h-x86_64-mingw32/bin/../lib/gcc/nios2-elf/4.7.3/mno-hw-mul\libgcc.a(lib2-mul.o)
 .debug_info    0x0000000000001075      0x938 c:/altera/14.0/nios2eds/bin/gnu/h-x86_64-mingw32/bin/../lib/gcc/nios2-elf/4.7.3/../../../../../H-x86_64-mingw32/nios2-elf/lib/mno-hw-mul\libc.a(lib_a-impure.o)
 .debug_info    0x00000000000019ad      0xa2e c:/altera/14.0/nios2eds/bin/gnu/h-x86_64-mingw32/bin/../lib/gcc/nios2-elf/4.7.3/../../../../../H-x86_64-mingw32/nios2-elf/lib/mno-hw-mul\libc.a(lib_a-putc.o)
 .debug_info    0x00000000000023db      0xa6e c:/altera/14.0/nios2eds/bin/gnu/h-x86_64-mingw32/bin/../lib/gcc/nios2-elf/4.7.3/../../../../../H-x86_64-mingw32/nios2-elf/lib/mno-hw-mul\libc.a(lib_a-wbuf.o)
 .debug_info    0x0000000000002e49      0x9d4 c:/altera/14.0/nios2eds/bin/gnu/h-x86_64-mingw32/bin/../lib/gcc/nios2-elf/4.7.3/../../../../../H-x86_64-mingw32/nios2-elf/lib/mno-hw-mul\libc.a(lib_a-wsetup.o)
 .debug_info    0x000000000000381d      0xad0 c:/altera/14.0/nios2eds/bin/gnu/h-x86_64-mingw32/bin/../lib/gcc/nios2-elf/4.7.3/../../../../../H-x86_64-mingw32/nios2-elf/lib/mno-hw-mul\libc.a(lib_a-fflush.o)
 .debug_info    0x00000000000042ed      0xd6e c:/altera/14.0/nios2eds/bin/gnu/h-x86_64-mingw32/bin/../lib/gcc/nios2-elf/4.7.3/../../../../../H-x86_64-mingw32/nios2-elf/lib/mno-hw-mul\libc.a(lib_a-findfp.o)
 .debug_info    0x000000000000505b      0xcf9 c:/altera/14.0/nios2eds/bin/gnu/h-x86_64-mingw32/bin/../lib/gcc/nios2-elf/4.7.3/../../../../../H-x86_64-mingw32/nios2-elf/lib/mno-hw-mul\libc.a(lib_a-freer.o)
 .debug_info    0x0000000000005d54      0xb72 c:/altera/14.0/nios2eds/bin/gnu/h-x86_64-mingw32/bin/../lib/gcc/nios2-elf/4.7.3/../../../../../H-x86_64-mingw32/nios2-elf/lib/mno-hw-mul\libc.a(lib_a-fwalk.o)
 .debug_info    0x00000000000068c6      0xbc2 c:/altera/14.0/nios2eds/bin/gnu/h-x86_64-mingw32/bin/../lib/gcc/nios2-elf/4.7.3/../../../../../H-x86_64-mingw32/nios2-elf/lib/mno-hw-mul\libc.a(lib_a-makebuf.o)
 .debug_info    0x0000000000007488      0xe44 c:/altera/14.0/nios2eds/bin/gnu/h-x86_64-mingw32/bin/../lib/gcc/nios2-elf/4.7.3/../../../../../H-x86_64-mingw32/nios2-elf/lib/mno-hw-mul\libc.a(lib_a-mallocr.o)
 .debug_info    0x00000000000082cc      0x117 c:/altera/14.0/nios2eds/bin/gnu/h-x86_64-mingw32/bin/../lib/gcc/nios2-elf/4.7.3/../../../../../H-x86_64-mingw32/nios2-elf/lib/mno-hw-mul\libc.a(lib_a-memset.o)
 .debug_info    0x00000000000083e3      0x9a3 c:/altera/14.0/nios2eds/bin/gnu/h-x86_64-mingw32/bin/../lib/gcc/nios2-elf/4.7.3/../../../../../H-x86_64-mingw32/nios2-elf/lib/mno-hw-mul\libc.a(lib_a-sbrkr.o)
 .debug_info    0x0000000000008d86      0xbfd c:/altera/14.0/nios2eds/bin/gnu/h-x86_64-mingw32/bin/../lib/gcc/nios2-elf/4.7.3/../../../../../H-x86_64-mingw32/nios2-elf/lib/mno-hw-mul\libc.a(lib_a-stdio.o)
 .debug_info    0x0000000000009983      0x9d2 c:/altera/14.0/nios2eds/bin/gnu/h-x86_64-mingw32/bin/../lib/gcc/nios2-elf/4.7.3/../../../../../H-x86_64-mingw32/nios2-elf/lib/mno-hw-mul\libc.a(lib_a-writer.o)
 .debug_info    0x000000000000a355      0x97f c:/altera/14.0/nios2eds/bin/gnu/h-x86_64-mingw32/bin/../lib/gcc/nios2-elf/4.7.3/../../../../../H-x86_64-mingw32/nios2-elf/lib/mno-hw-mul\libc.a(lib_a-closer.o)
 .debug_info    0x000000000000acd4      0xa97 c:/altera/14.0/nios2eds/bin/gnu/h-x86_64-mingw32/bin/../lib/gcc/nios2-elf/4.7.3/../../../../../H-x86_64-mingw32/nios2-elf/lib/mno-hw-mul\libc.a(lib_a-fclose.o)
 .debug_info    0x000000000000b76b      0xb2f c:/altera/14.0/nios2eds/bin/gnu/h-x86_64-mingw32/bin/../lib/gcc/nios2-elf/4.7.3/../../../../../H-x86_64-mingw32/nios2-elf/lib/mno-hw-mul\libc.a(lib_a-fstatr.o)
 .debug_info    0x000000000000c29a       0x84 c:/altera/14.0/nios2eds/bin/gnu/h-x86_64-mingw32/bin/../lib/gcc/nios2-elf/4.7.3/../../../../../H-x86_64-mingw32/nios2-elf/lib/mno-hw-mul\libc.a(lib_a-int_errno.o)
 .debug_info    0x000000000000c31e      0x97f c:/altera/14.0/nios2eds/bin/gnu/h-x86_64-mingw32/bin/../lib/gcc/nios2-elf/4.7.3/../../../../../H-x86_64-mingw32/nios2-elf/lib/mno-hw-mul\libc.a(lib_a-isattyr.o)
 .debug_info    0x000000000000cc9d      0x9cb c:/altera/14.0/nios2eds/bin/gnu/h-x86_64-mingw32/bin/../lib/gcc/nios2-elf/4.7.3/../../../../../H-x86_64-mingw32/nios2-elf/lib/mno-hw-mul\libc.a(lib_a-lseekr.o)
 .debug_info    0x000000000000d668      0x9cb c:/altera/14.0/nios2eds/bin/gnu/h-x86_64-mingw32/bin/../lib/gcc/nios2-elf/4.7.3/../../../../../H-x86_64-mingw32/nios2-elf/lib/mno-hw-mul\libc.a(lib_a-readr.o)
 .debug_info    0x000000000000e033      0x350 ../SocNiosBSP/\libhal_bsp.a(alt_close.o)
 .debug_info    0x000000000000e383      0x4e3 ../SocNiosBSP/\libhal_bsp.a(alt_dev.o)
 .debug_info    0x000000000000e866       0x9f ../SocNiosBSP/\libhal_bsp.a(alt_errno.o)
 .debug_info    0x000000000000e905      0x4d8 ../SocNiosBSP/\libhal_bsp.a(alt_fstat.o)
 .debug_info    0x000000000000eddd      0x4db ../SocNiosBSP/\libhal_bsp.a(alt_isatty.o)
 .debug_info    0x000000000000f2b8      0x381 ../SocNiosBSP/\libhal_bsp.a(alt_lseek.o)
 .debug_info    0x000000000000f639      0x126 ../SocNiosBSP/\libhal_bsp.a(alt_main.o)
 .debug_info    0x000000000000f75f      0x89f ../SocNiosBSP/\libhal_bsp.a(alt_malloc_lock.o)
 .debug_info    0x000000000000fffe      0x119 ../SocNiosBSP/\libhal_bsp.a(alt_printf.o)
 .debug_info    0x0000000000010117      0x88f ../SocNiosBSP/\libhal_bsp.a(alt_putchar.o)
 .debug_info    0x00000000000109a6      0x500 ../SocNiosBSP/\libhal_bsp.a(alt_read.o)
 .debug_info    0x0000000000010ea6      0x2dd ../SocNiosBSP/\libhal_bsp.a(alt_release_fd.o)
 .debug_info    0x0000000000011183      0x1b2 ../SocNiosBSP/\libhal_bsp.a(alt_sbrk.o)
 .debug_info    0x0000000000011335       0xa9 ../SocNiosBSP/\libhal_bsp.a(alt_usleep.o)
 .debug_info    0x00000000000113de      0x507 ../SocNiosBSP/\libhal_bsp.a(alt_write.o)
 .debug_info    0x00000000000118e5      0x60a ../SocNiosBSP/\libhal_bsp.a(alt_sys_init.o)
 .debug_info    0x0000000000011eef      0x58a ../SocNiosBSP/\libhal_bsp.a(altera_avalon_jtag_uart_fd.o)
 .debug_info    0x0000000000012479      0x3d8 ../SocNiosBSP/\libhal_bsp.a(altera_avalon_jtag_uart_init.o)
 .debug_info    0x0000000000012851      0x2a9 ../SocNiosBSP/\libhal_bsp.a(altera_avalon_jtag_uart_ioctl.o)
 .debug_info    0x0000000000012afa      0x371 ../SocNiosBSP/\libhal_bsp.a(altera_avalon_jtag_uart_read.o)
 .debug_info    0x0000000000012e6b      0x36c ../SocNiosBSP/\libhal_bsp.a(altera_avalon_jtag_uart_write.o)
 .debug_info    0x00000000000131d7      0x481 ../SocNiosBSP/\libhal_bsp.a(altera_avalon_uart_fd.o)
 .debug_info    0x0000000000013658      0x356 ../SocNiosBSP/\libhal_bsp.a(altera_avalon_uart_init.o)
 .debug_info    0x00000000000139ae      0x331 ../SocNiosBSP/\libhal_bsp.a(altera_avalon_uart_read.o)
 .debug_info    0x0000000000013cdf      0x336 ../SocNiosBSP/\libhal_bsp.a(altera_avalon_uart_write.o)
 .debug_info    0x0000000000014015      0x2e4 ../SocNiosBSP/\libhal_bsp.a(alt_alarm_start.o)
 .debug_info    0x00000000000142f9       0xd5 ../SocNiosBSP/\libhal_bsp.a(alt_busy_sleep.o)
 .debug_info    0x00000000000143ce      0x1a2 ../SocNiosBSP/\libhal_bsp.a(alt_dev_llist_insert.o)
 .debug_info    0x0000000000014570      0x364 ../SocNiosBSP/\libhal_bsp.a(alt_iic.o)
 .debug_info    0x00000000000148d4      0x1f6 ../SocNiosBSP/\libhal_bsp.a(alt_iic_isr_register.o)
 .debug_info    0x0000000000014aca      0x4f0 ../SocNiosBSP/\libhal_bsp.a(alt_io_redirect.o)
 .debug_info    0x0000000000014fba       0x80 ../SocNiosBSP/\libhal_bsp.a(alt_irq_entry.o)
 .debug_info    0x000000000001503a      0x190 ../SocNiosBSP/\libhal_bsp.a(alt_irq_handler.o)
 .debug_info    0x00000000000151ca       0x8a ../SocNiosBSP/\libhal_bsp.a(alt_irq_vars.o)
 .debug_info    0x0000000000015254      0x3f0 ../SocNiosBSP/\libhal_bsp.a(alt_open.o)
 .debug_info    0x0000000000015644      0x2b1 ../SocNiosBSP/\libhal_bsp.a(alt_tick.o)
 .debug_info    0x00000000000158f5       0x90 ../SocNiosBSP/\libhal_bsp.a(altera_nios2_qsys_irq.o)
 .debug_info    0x0000000000015985       0x86 ../SocNiosBSP/\libhal_bsp.a(alt_exception_entry.o)
 .debug_info    0x0000000000015a0b      0x30d ../SocNiosBSP/\libhal_bsp.a(alt_find_dev.o)
 .debug_info    0x0000000000015d18      0x30c ../SocNiosBSP/\libhal_bsp.a(alt_find_file.o)
 .debug_info    0x0000000000016024      0x339 ../SocNiosBSP/\libhal_bsp.a(alt_get_fd.o)
 .debug_info    0x000000000001635d      0x117 c:/altera/14.0/nios2eds/bin/gnu/h-x86_64-mingw32/bin/../lib/gcc/nios2-elf/4.7.3/../../../../../H-x86_64-mingw32/nios2-elf/lib/mno-hw-mul\libc.a(lib_a-memcmp.o)
 .debug_info    0x0000000000016474      0x10f c:/altera/14.0/nios2eds/bin/gnu/h-x86_64-mingw32/bin/../lib/gcc/nios2-elf/4.7.3/../../../../../H-x86_64-mingw32/nios2-elf/lib/mno-hw-mul\libc.a(lib_a-memcpy.o)
 .debug_info    0x0000000000016583       0xdf c:/altera/14.0/nios2eds/bin/gnu/h-x86_64-mingw32/bin/../lib/gcc/nios2-elf/4.7.3/../../../../../H-x86_64-mingw32/nios2-elf/lib/mno-hw-mul\libc.a(lib_a-strlen.o)

.debug_abbrev   0x0000000000000000     0x5812
 *(.debug_abbrev)
 .debug_abbrev  0x0000000000000000       0x14 ../SocNiosBSP//obj/HAL/src/crt0.o
 .debug_abbrev  0x0000000000000014      0x239 obj/default/main.o
 .debug_abbrev  0x000000000000024d      0x112 c:/altera/14.0/nios2eds/bin/gnu/h-x86_64-mingw32/bin/../lib/gcc/nios2-elf/4.7.3/mno-hw-mul\libgcc.a(lib2-divmod.o)
 .debug_abbrev  0x000000000000035f       0x6f c:/altera/14.0/nios2eds/bin/gnu/h-x86_64-mingw32/bin/../lib/gcc/nios2-elf/4.7.3/mno-hw-mul\libgcc.a(lib2-mul.o)
 .debug_abbrev  0x00000000000003ce      0x162 c:/altera/14.0/nios2eds/bin/gnu/h-x86_64-mingw32/bin/../lib/gcc/nios2-elf/4.7.3/../../../../../H-x86_64-mingw32/nios2-elf/lib/mno-hw-mul\libc.a(lib_a-impure.o)
 .debug_abbrev  0x0000000000000530      0x1f8 c:/altera/14.0/nios2eds/bin/gnu/h-x86_64-mingw32/bin/../lib/gcc/nios2-elf/4.7.3/../../../../../H-x86_64-mingw32/nios2-elf/lib/mno-hw-mul\libc.a(lib_a-putc.o)
 .debug_abbrev  0x0000000000000728      0x21a c:/altera/14.0/nios2eds/bin/gnu/h-x86_64-mingw32/bin/../lib/gcc/nios2-elf/4.7.3/../../../../../H-x86_64-mingw32/nios2-elf/lib/mno-hw-mul\libc.a(lib_a-wbuf.o)
 .debug_abbrev  0x0000000000000942      0x1d5 c:/altera/14.0/nios2eds/bin/gnu/h-x86_64-mingw32/bin/../lib/gcc/nios2-elf/4.7.3/../../../../../H-x86_64-mingw32/nios2-elf/lib/mno-hw-mul\libc.a(lib_a-wsetup.o)
 .debug_abbrev  0x0000000000000b17      0x259 c:/altera/14.0/nios2eds/bin/gnu/h-x86_64-mingw32/bin/../lib/gcc/nios2-elf/4.7.3/../../../../../H-x86_64-mingw32/nios2-elf/lib/mno-hw-mul\libc.a(lib_a-fflush.o)
 .debug_abbrev  0x0000000000000d70      0x333 c:/altera/14.0/nios2eds/bin/gnu/h-x86_64-mingw32/bin/../lib/gcc/nios2-elf/4.7.3/../../../../../H-x86_64-mingw32/nios2-elf/lib/mno-hw-mul\libc.a(lib_a-findfp.o)
 .debug_abbrev  0x00000000000010a3      0x25d c:/altera/14.0/nios2eds/bin/gnu/h-x86_64-mingw32/bin/../lib/gcc/nios2-elf/4.7.3/../../../../../H-x86_64-mingw32/nios2-elf/lib/mno-hw-mul\libc.a(lib_a-freer.o)
 .debug_abbrev  0x0000000000001300      0x224 c:/altera/14.0/nios2eds/bin/gnu/h-x86_64-mingw32/bin/../lib/gcc/nios2-elf/4.7.3/../../../../../H-x86_64-mingw32/nios2-elf/lib/mno-hw-mul\libc.a(lib_a-fwalk.o)
 .debug_abbrev  0x0000000000001524      0x1e8 c:/altera/14.0/nios2eds/bin/gnu/h-x86_64-mingw32/bin/../lib/gcc/nios2-elf/4.7.3/../../../../../H-x86_64-mingw32/nios2-elf/lib/mno-hw-mul\libc.a(lib_a-makebuf.o)
 .debug_abbrev  0x000000000000170c      0x284 c:/altera/14.0/nios2eds/bin/gnu/h-x86_64-mingw32/bin/../lib/gcc/nios2-elf/4.7.3/../../../../../H-x86_64-mingw32/nios2-elf/lib/mno-hw-mul\libc.a(lib_a-mallocr.o)
 .debug_abbrev  0x0000000000001990       0xac c:/altera/14.0/nios2eds/bin/gnu/h-x86_64-mingw32/bin/../lib/gcc/nios2-elf/4.7.3/../../../../../H-x86_64-mingw32/nios2-elf/lib/mno-hw-mul\libc.a(lib_a-memset.o)
 .debug_abbrev  0x0000000000001a3c      0x1df c:/altera/14.0/nios2eds/bin/gnu/h-x86_64-mingw32/bin/../lib/gcc/nios2-elf/4.7.3/../../../../../H-x86_64-mingw32/nios2-elf/lib/mno-hw-mul\libc.a(lib_a-sbrkr.o)
 .debug_abbrev  0x0000000000001c1b      0x226 c:/altera/14.0/nios2eds/bin/gnu/h-x86_64-mingw32/bin/../lib/gcc/nios2-elf/4.7.3/../../../../../H-x86_64-mingw32/nios2-elf/lib/mno-hw-mul\libc.a(lib_a-stdio.o)
 .debug_abbrev  0x0000000000001e41      0x1c0 c:/altera/14.0/nios2eds/bin/gnu/h-x86_64-mingw32/bin/../lib/gcc/nios2-elf/4.7.3/../../../../../H-x86_64-mingw32/nios2-elf/lib/mno-hw-mul\libc.a(lib_a-writer.o)
 .debug_abbrev  0x0000000000002001      0x1bb c:/altera/14.0/nios2eds/bin/gnu/h-x86_64-mingw32/bin/../lib/gcc/nios2-elf/4.7.3/../../../../../H-x86_64-mingw32/nios2-elf/lib/mno-hw-mul\libc.a(lib_a-closer.o)
 .debug_abbrev  0x00000000000021bc      0x24e c:/altera/14.0/nios2eds/bin/gnu/h-x86_64-mingw32/bin/../lib/gcc/nios2-elf/4.7.3/../../../../../H-x86_64-mingw32/nios2-elf/lib/mno-hw-mul\libc.a(lib_a-fclose.o)
 .debug_abbrev  0x000000000000240a      0x1ca c:/altera/14.0/nios2eds/bin/gnu/h-x86_64-mingw32/bin/../lib/gcc/nios2-elf/4.7.3/../../../../../H-x86_64-mingw32/nios2-elf/lib/mno-hw-mul\libc.a(lib_a-fstatr.o)
 .debug_abbrev  0x00000000000025d4       0x37 c:/altera/14.0/nios2eds/bin/gnu/h-x86_64-mingw32/bin/../lib/gcc/nios2-elf/4.7.3/../../../../../H-x86_64-mingw32/nios2-elf/lib/mno-hw-mul\libc.a(lib_a-int_errno.o)
 .debug_abbrev  0x000000000000260b      0x1bb c:/altera/14.0/nios2eds/bin/gnu/h-x86_64-mingw32/bin/../lib/gcc/nios2-elf/4.7.3/../../../../../H-x86_64-mingw32/nios2-elf/lib/mno-hw-mul\libc.a(lib_a-isattyr.o)
 .debug_abbrev  0x00000000000027c6      0x1ca c:/altera/14.0/nios2eds/bin/gnu/h-x86_64-mingw32/bin/../lib/gcc/nios2-elf/4.7.3/../../../../../H-x86_64-mingw32/nios2-elf/lib/mno-hw-mul\libc.a(lib_a-lseekr.o)
 .debug_abbrev  0x0000000000002990      0x1bb c:/altera/14.0/nios2eds/bin/gnu/h-x86_64-mingw32/bin/../lib/gcc/nios2-elf/4.7.3/../../../../../H-x86_64-mingw32/nios2-elf/lib/mno-hw-mul\libc.a(lib_a-readr.o)
 .debug_abbrev  0x0000000000002b4b      0x11f ../SocNiosBSP/\libhal_bsp.a(alt_close.o)
 .debug_abbrev  0x0000000000002c6a       0xd9 ../SocNiosBSP/\libhal_bsp.a(alt_dev.o)
 .debug_abbrev  0x0000000000002d43       0x5a ../SocNiosBSP/\libhal_bsp.a(alt_errno.o)
 .debug_abbrev  0x0000000000002d9d      0x11f ../SocNiosBSP/\libhal_bsp.a(alt_fstat.o)
 .debug_abbrev  0x0000000000002ebc      0x11f ../SocNiosBSP/\libhal_bsp.a(alt_isatty.o)
 .debug_abbrev  0x0000000000002fdb      0x11f ../SocNiosBSP/\libhal_bsp.a(alt_lseek.o)
 .debug_abbrev  0x00000000000030fa       0xa9 ../SocNiosBSP/\libhal_bsp.a(alt_main.o)
 .debug_abbrev  0x00000000000031a3      0x1a5 ../SocNiosBSP/\libhal_bsp.a(alt_malloc_lock.o)
 .debug_abbrev  0x0000000000003348       0xb0 ../SocNiosBSP/\libhal_bsp.a(alt_printf.o)
 .debug_abbrev  0x00000000000033f8      0x1a0 ../SocNiosBSP/\libhal_bsp.a(alt_putchar.o)
 .debug_abbrev  0x0000000000003598      0x12e ../SocNiosBSP/\libhal_bsp.a(alt_read.o)
 .debug_abbrev  0x00000000000036c6       0xde ../SocNiosBSP/\libhal_bsp.a(alt_release_fd.o)
 .debug_abbrev  0x00000000000037a4      0x112 ../SocNiosBSP/\libhal_bsp.a(alt_sbrk.o)
 .debug_abbrev  0x00000000000038b6       0x60 ../SocNiosBSP/\libhal_bsp.a(alt_usleep.o)
 .debug_abbrev  0x0000000000003916      0x133 ../SocNiosBSP/\libhal_bsp.a(alt_write.o)
 .debug_abbrev  0x0000000000003a49      0x17f ../SocNiosBSP/\libhal_bsp.a(alt_sys_init.o)
 .debug_abbrev  0x0000000000003bc8      0x118 ../SocNiosBSP/\libhal_bsp.a(altera_avalon_jtag_uart_fd.o)
 .debug_abbrev  0x0000000000003ce0      0x18f ../SocNiosBSP/\libhal_bsp.a(altera_avalon_jtag_uart_init.o)
 .debug_abbrev  0x0000000000003e6f      0x102 ../SocNiosBSP/\libhal_bsp.a(altera_avalon_jtag_uart_ioctl.o)
 .debug_abbrev  0x0000000000003f71      0x19b ../SocNiosBSP/\libhal_bsp.a(altera_avalon_jtag_uart_read.o)
 .debug_abbrev  0x000000000000410c      0x199 ../SocNiosBSP/\libhal_bsp.a(altera_avalon_jtag_uart_write.o)
 .debug_abbrev  0x00000000000042a5      0x109 ../SocNiosBSP/\libhal_bsp.a(altera_avalon_uart_fd.o)
 .debug_abbrev  0x00000000000043ae      0x178 ../SocNiosBSP/\libhal_bsp.a(altera_avalon_uart_init.o)
 .debug_abbrev  0x0000000000004526      0x183 ../SocNiosBSP/\libhal_bsp.a(altera_avalon_uart_read.o)
 .debug_abbrev  0x00000000000046a9      0x18a ../SocNiosBSP/\libhal_bsp.a(altera_avalon_uart_write.o)
 .debug_abbrev  0x0000000000004833      0x162 ../SocNiosBSP/\libhal_bsp.a(alt_alarm_start.o)
 .debug_abbrev  0x0000000000004995       0x7e ../SocNiosBSP/\libhal_bsp.a(alt_busy_sleep.o)
 .debug_abbrev  0x0000000000004a13      0x114 ../SocNiosBSP/\libhal_bsp.a(alt_dev_llist_insert.o)
 .debug_abbrev  0x0000000000004b27      0x16a ../SocNiosBSP/\libhal_bsp.a(alt_iic.o)
 .debug_abbrev  0x0000000000004c91      0x169 ../SocNiosBSP/\libhal_bsp.a(alt_iic_isr_register.o)
 .debug_abbrev  0x0000000000004dfa      0x114 ../SocNiosBSP/\libhal_bsp.a(alt_io_redirect.o)
 .debug_abbrev  0x0000000000004f0e       0x12 ../SocNiosBSP/\libhal_bsp.a(alt_irq_entry.o)
 .debug_abbrev  0x0000000000004f20      0x124 ../SocNiosBSP/\libhal_bsp.a(alt_irq_handler.o)
 .debug_abbrev  0x0000000000005044       0x40 ../SocNiosBSP/\libhal_bsp.a(alt_irq_vars.o)
 .debug_abbrev  0x0000000000005084      0x148 ../SocNiosBSP/\libhal_bsp.a(alt_open.o)
 .debug_abbrev  0x00000000000051cc      0x15a ../SocNiosBSP/\libhal_bsp.a(alt_tick.o)
 .debug_abbrev  0x0000000000005326       0x42 ../SocNiosBSP/\libhal_bsp.a(altera_nios2_qsys_irq.o)
 .debug_abbrev  0x0000000000005368       0x12 ../SocNiosBSP/\libhal_bsp.a(alt_exception_entry.o)
 .debug_abbrev  0x000000000000537a       0xf0 ../SocNiosBSP/\libhal_bsp.a(alt_find_dev.o)
 .debug_abbrev  0x000000000000546a       0xf0 ../SocNiosBSP/\libhal_bsp.a(alt_find_file.o)
 .debug_abbrev  0x000000000000555a      0x10d ../SocNiosBSP/\libhal_bsp.a(alt_get_fd.o)
 .debug_abbrev  0x0000000000005667       0x7f c:/altera/14.0/nios2eds/bin/gnu/h-x86_64-mingw32/bin/../lib/gcc/nios2-elf/4.7.3/../../../../../H-x86_64-mingw32/nios2-elf/lib/mno-hw-mul\libc.a(lib_a-memcmp.o)
 .debug_abbrev  0x00000000000056e6       0x9c c:/altera/14.0/nios2eds/bin/gnu/h-x86_64-mingw32/bin/../lib/gcc/nios2-elf/4.7.3/../../../../../H-x86_64-mingw32/nios2-elf/lib/mno-hw-mul\libc.a(lib_a-memcpy.o)
 .debug_abbrev  0x0000000000005782       0x90 c:/altera/14.0/nios2eds/bin/gnu/h-x86_64-mingw32/bin/../lib/gcc/nios2-elf/4.7.3/../../../../../H-x86_64-mingw32/nios2-elf/lib/mno-hw-mul\libc.a(lib_a-strlen.o)

.debug_line     0x0000000000000000     0x65a2
 *(.debug_line)
 .debug_line    0x0000000000000000       0x51 ../SocNiosBSP//obj/HAL/src/crt0.o
 .debug_line    0x0000000000000051      0x3f6 obj/default/main.o
 .debug_line    0x0000000000000447       0xd6 c:/altera/14.0/nios2eds/bin/gnu/h-x86_64-mingw32/bin/../lib/gcc/nios2-elf/4.7.3/mno-hw-mul\libgcc.a(lib2-divmod.o)
 .debug_line    0x000000000000051d       0x80 c:/altera/14.0/nios2eds/bin/gnu/h-x86_64-mingw32/bin/../lib/gcc/nios2-elf/4.7.3/mno-hw-mul\libgcc.a(lib2-mul.o)
 .debug_line    0x000000000000059d      0x174 c:/altera/14.0/nios2eds/bin/gnu/h-x86_64-mingw32/bin/../lib/gcc/nios2-elf/4.7.3/../../../../../H-x86_64-mingw32/nios2-elf/lib/mno-hw-mul\libc.a(lib_a-impure.o)
 .debug_line    0x0000000000000711      0x29b c:/altera/14.0/nios2eds/bin/gnu/h-x86_64-mingw32/bin/../lib/gcc/nios2-elf/4.7.3/../../../../../H-x86_64-mingw32/nios2-elf/lib/mno-hw-mul\libc.a(lib_a-putc.o)
 .debug_line    0x00000000000009ac      0x271 c:/altera/14.0/nios2eds/bin/gnu/h-x86_64-mingw32/bin/../lib/gcc/nios2-elf/4.7.3/../../../../../H-x86_64-mingw32/nios2-elf/lib/mno-hw-mul\libc.a(lib_a-wbuf.o)
 .debug_line    0x0000000000000c1d      0x26a c:/altera/14.0/nios2eds/bin/gnu/h-x86_64-mingw32/bin/../lib/gcc/nios2-elf/4.7.3/../../../../../H-x86_64-mingw32/nios2-elf/lib/mno-hw-mul\libc.a(lib_a-wsetup.o)
 .debug_line    0x0000000000000e87      0x29b c:/altera/14.0/nios2eds/bin/gnu/h-x86_64-mingw32/bin/../lib/gcc/nios2-elf/4.7.3/../../../../../H-x86_64-mingw32/nios2-elf/lib/mno-hw-mul\libc.a(lib_a-fflush.o)
 .debug_line    0x0000000000001122      0x2e6 c:/altera/14.0/nios2eds/bin/gnu/h-x86_64-mingw32/bin/../lib/gcc/nios2-elf/4.7.3/../../../../../H-x86_64-mingw32/nios2-elf/lib/mno-hw-mul\libc.a(lib_a-findfp.o)
 .debug_line    0x0000000000001408      0x310 c:/altera/14.0/nios2eds/bin/gnu/h-x86_64-mingw32/bin/../lib/gcc/nios2-elf/4.7.3/../../../../../H-x86_64-mingw32/nios2-elf/lib/mno-hw-mul\libc.a(lib_a-freer.o)
 .debug_line    0x0000000000001718      0x258 c:/altera/14.0/nios2eds/bin/gnu/h-x86_64-mingw32/bin/../lib/gcc/nios2-elf/4.7.3/../../../../../H-x86_64-mingw32/nios2-elf/lib/mno-hw-mul\libc.a(lib_a-fwalk.o)
 .debug_line    0x0000000000001970      0x292 c:/altera/14.0/nios2eds/bin/gnu/h-x86_64-mingw32/bin/../lib/gcc/nios2-elf/4.7.3/../../../../../H-x86_64-mingw32/nios2-elf/lib/mno-hw-mul\libc.a(lib_a-makebuf.o)
 .debug_line    0x0000000000001c02      0x420 c:/altera/14.0/nios2eds/bin/gnu/h-x86_64-mingw32/bin/../lib/gcc/nios2-elf/4.7.3/../../../../../H-x86_64-mingw32/nios2-elf/lib/mno-hw-mul\libc.a(lib_a-mallocr.o)
 .debug_line    0x0000000000002022      0x1f2 c:/altera/14.0/nios2eds/bin/gnu/h-x86_64-mingw32/bin/../lib/gcc/nios2-elf/4.7.3/../../../../../H-x86_64-mingw32/nios2-elf/lib/mno-hw-mul\libc.a(lib_a-memset.o)
 .debug_line    0x0000000000002214      0x211 c:/altera/14.0/nios2eds/bin/gnu/h-x86_64-mingw32/bin/../lib/gcc/nios2-elf/4.7.3/../../../../../H-x86_64-mingw32/nios2-elf/lib/mno-hw-mul\libc.a(lib_a-sbrkr.o)
 .debug_line    0x0000000000002425      0x244 c:/altera/14.0/nios2eds/bin/gnu/h-x86_64-mingw32/bin/../lib/gcc/nios2-elf/4.7.3/../../../../../H-x86_64-mingw32/nios2-elf/lib/mno-hw-mul\libc.a(lib_a-stdio.o)
 .debug_line    0x0000000000002669      0x212 c:/altera/14.0/nios2eds/bin/gnu/h-x86_64-mingw32/bin/../lib/gcc/nios2-elf/4.7.3/../../../../../H-x86_64-mingw32/nios2-elf/lib/mno-hw-mul\libc.a(lib_a-writer.o)
 .debug_line    0x000000000000287b      0x212 c:/altera/14.0/nios2eds/bin/gnu/h-x86_64-mingw32/bin/../lib/gcc/nios2-elf/4.7.3/../../../../../H-x86_64-mingw32/nios2-elf/lib/mno-hw-mul\libc.a(lib_a-closer.o)
 .debug_line    0x0000000000002a8d      0x265 c:/altera/14.0/nios2eds/bin/gnu/h-x86_64-mingw32/bin/../lib/gcc/nios2-elf/4.7.3/../../../../../H-x86_64-mingw32/nios2-elf/lib/mno-hw-mul\libc.a(lib_a-fclose.o)
 .debug_line    0x0000000000002cf2      0x21b c:/altera/14.0/nios2eds/bin/gnu/h-x86_64-mingw32/bin/../lib/gcc/nios2-elf/4.7.3/../../../../../H-x86_64-mingw32/nios2-elf/lib/mno-hw-mul\libc.a(lib_a-fstatr.o)
 .debug_line    0x0000000000002f0d       0x60 c:/altera/14.0/nios2eds/bin/gnu/h-x86_64-mingw32/bin/../lib/gcc/nios2-elf/4.7.3/../../../../../H-x86_64-mingw32/nios2-elf/lib/mno-hw-mul\libc.a(lib_a-int_errno.o)
 .debug_line    0x0000000000002f6d      0x213 c:/altera/14.0/nios2eds/bin/gnu/h-x86_64-mingw32/bin/../lib/gcc/nios2-elf/4.7.3/../../../../../H-x86_64-mingw32/nios2-elf/lib/mno-hw-mul\libc.a(lib_a-isattyr.o)
 .debug_line    0x0000000000003180      0x21d c:/altera/14.0/nios2eds/bin/gnu/h-x86_64-mingw32/bin/../lib/gcc/nios2-elf/4.7.3/../../../../../H-x86_64-mingw32/nios2-elf/lib/mno-hw-mul\libc.a(lib_a-lseekr.o)
 .debug_line    0x000000000000339d      0x211 c:/altera/14.0/nios2eds/bin/gnu/h-x86_64-mingw32/bin/../lib/gcc/nios2-elf/4.7.3/../../../../../H-x86_64-mingw32/nios2-elf/lib/mno-hw-mul\libc.a(lib_a-readr.o)
 .debug_line    0x00000000000035ae      0x188 ../SocNiosBSP/\libhal_bsp.a(alt_close.o)
 .debug_line    0x0000000000003736      0x11b ../SocNiosBSP/\libhal_bsp.a(alt_dev.o)
 .debug_line    0x0000000000003851       0x51 ../SocNiosBSP/\libhal_bsp.a(alt_errno.o)
 .debug_line    0x00000000000038a2      0x182 ../SocNiosBSP/\libhal_bsp.a(alt_fstat.o)
 .debug_line    0x0000000000003a24      0x182 ../SocNiosBSP/\libhal_bsp.a(alt_isatty.o)
 .debug_line    0x0000000000003ba6      0x186 ../SocNiosBSP/\libhal_bsp.a(alt_lseek.o)
 .debug_line    0x0000000000003d2c       0x9d ../SocNiosBSP/\libhal_bsp.a(alt_main.o)
 .debug_line    0x0000000000003dc9      0x111 ../SocNiosBSP/\libhal_bsp.a(alt_malloc_lock.o)
 .debug_line    0x0000000000003eda       0xe1 ../SocNiosBSP/\libhal_bsp.a(alt_printf.o)
 .debug_line    0x0000000000003fbb      0x110 ../SocNiosBSP/\libhal_bsp.a(alt_putchar.o)
 .debug_line    0x00000000000040cb      0x1fd ../SocNiosBSP/\libhal_bsp.a(alt_read.o)
 .debug_line    0x00000000000042c8       0xb0 ../SocNiosBSP/\libhal_bsp.a(alt_release_fd.o)
 .debug_line    0x0000000000004378      0x116 ../SocNiosBSP/\libhal_bsp.a(alt_sbrk.o)
 .debug_line    0x000000000000448e       0xa5 ../SocNiosBSP/\libhal_bsp.a(alt_usleep.o)
 .debug_line    0x0000000000004533      0x1fc ../SocNiosBSP/\libhal_bsp.a(alt_write.o)
 .debug_line    0x000000000000472f      0x16c ../SocNiosBSP/\libhal_bsp.a(alt_sys_init.o)
 .debug_line    0x000000000000489b      0x131 ../SocNiosBSP/\libhal_bsp.a(altera_avalon_jtag_uart_fd.o)
 .debug_line    0x00000000000049cc      0x199 ../SocNiosBSP/\libhal_bsp.a(altera_avalon_jtag_uart_init.o)
 .debug_line    0x0000000000004b65      0x129 ../SocNiosBSP/\libhal_bsp.a(altera_avalon_jtag_uart_ioctl.o)
 .debug_line    0x0000000000004c8e      0x174 ../SocNiosBSP/\libhal_bsp.a(altera_avalon_jtag_uart_read.o)
 .debug_line    0x0000000000004e02      0x173 ../SocNiosBSP/\libhal_bsp.a(altera_avalon_jtag_uart_write.o)
 .debug_line    0x0000000000004f75       0xf0 ../SocNiosBSP/\libhal_bsp.a(altera_avalon_uart_fd.o)
 .debug_line    0x0000000000005065      0x182 ../SocNiosBSP/\libhal_bsp.a(altera_avalon_uart_init.o)
 .debug_line    0x00000000000051e7      0x183 ../SocNiosBSP/\libhal_bsp.a(altera_avalon_uart_read.o)
 .debug_line    0x000000000000536a      0x166 ../SocNiosBSP/\libhal_bsp.a(altera_avalon_uart_write.o)
 .debug_line    0x00000000000054d0       0xfa ../SocNiosBSP/\libhal_bsp.a(alt_alarm_start.o)
 .debug_line    0x00000000000055ca       0xa2 ../SocNiosBSP/\libhal_bsp.a(alt_busy_sleep.o)
 .debug_line    0x000000000000566c       0xd0 ../SocNiosBSP/\libhal_bsp.a(alt_dev_llist_insert.o)
 .debug_line    0x000000000000573c       0xed ../SocNiosBSP/\libhal_bsp.a(alt_iic.o)
 .debug_line    0x0000000000005829       0xdb ../SocNiosBSP/\libhal_bsp.a(alt_iic_isr_register.o)
 .debug_line    0x0000000000005904      0x158 ../SocNiosBSP/\libhal_bsp.a(alt_io_redirect.o)
 .debug_line    0x0000000000005a5c       0x6b ../SocNiosBSP/\libhal_bsp.a(alt_irq_entry.o)
 .debug_line    0x0000000000005ac7       0xae ../SocNiosBSP/\libhal_bsp.a(alt_irq_handler.o)
 .debug_line    0x0000000000005b75       0x50 ../SocNiosBSP/\libhal_bsp.a(alt_irq_vars.o)
 .debug_line    0x0000000000005bc5      0x128 ../SocNiosBSP/\libhal_bsp.a(alt_open.o)