Archive member included because of file (symbol)

c:/altera/14.0/nios2eds/bin/gnu/h-x86_64-mingw32/bin/../lib/gcc/nios2-elf/4.7.3/mno-hw-mul\libgcc.a(_div_sf.o)
                              obj/default/interrupt_handler_uart.o (__divsf3)
c:/altera/14.0/nios2eds/bin/gnu/h-x86_64-mingw32/bin/../lib/gcc/nios2-elf/4.7.3/mno-hw-mul\libgcc.a(_sf_to_df.o)
                              obj/default/interrupt_handler_uart.o (__extendsfdf2)
c:/altera/14.0/nios2eds/bin/gnu/h-x86_64-mingw32/bin/../lib/gcc/nios2-elf/4.7.3/mno-hw-mul\libgcc.a(_thenan_sf.o)
                              c:/altera/14.0/nios2eds/bin/gnu/h-x86_64-mingw32/bin/../lib/gcc/nios2-elf/4.7.3/mno-hw-mul\libgcc.a(_div_sf.o) (__thenan_sf)
c:/altera/14.0/nios2eds/bin/gnu/h-x86_64-mingw32/bin/../lib/gcc/nios2-elf/4.7.3/mno-hw-mul\libgcc.a(_usi_to_sf.o)
                              obj/default/interrupt_handler_uart.o (__floatunsisf)
c:/altera/14.0/nios2eds/bin/gnu/h-x86_64-mingw32/bin/../lib/gcc/nios2-elf/4.7.3/mno-hw-mul\libgcc.a(_addsub_df.o)
                              obj/default/interrupt_handler_uart.o (__adddf3)
c:/altera/14.0/nios2eds/bin/gnu/h-x86_64-mingw32/bin/../lib/gcc/nios2-elf/4.7.3/mno-hw-mul\libgcc.a(_df_to_si.o)
                              obj/default/interrupt_handler_uart.o (__fixdfsi)
c:/altera/14.0/nios2eds/bin/gnu/h-x86_64-mingw32/bin/../lib/gcc/nios2-elf/4.7.3/mno-hw-mul\libgcc.a(_make_df.o)
                              c:/altera/14.0/nios2eds/bin/gnu/h-x86_64-mingw32/bin/../lib/gcc/nios2-elf/4.7.3/mno-hw-mul\libgcc.a(_sf_to_df.o) (__make_dp)
c:/altera/14.0/nios2eds/bin/gnu/h-x86_64-mingw32/bin/../lib/gcc/nios2-elf/4.7.3/mno-hw-mul\libgcc.a(_thenan_df.o)
                              c:/altera/14.0/nios2eds/bin/gnu/h-x86_64-mingw32/bin/../lib/gcc/nios2-elf/4.7.3/mno-hw-mul\libgcc.a(_addsub_df.o) (__thenan_df)
c:/altera/14.0/nios2eds/bin/gnu/h-x86_64-mingw32/bin/../lib/gcc/nios2-elf/4.7.3/mno-hw-mul\libgcc.a(lib2-divmod.o)
                              obj/default/main.o (__udivsi3)
c:/altera/14.0/nios2eds/bin/gnu/h-x86_64-mingw32/bin/../lib/gcc/nios2-elf/4.7.3/mno-hw-mul\libgcc.a(lib2-mul.o)
                              obj/default/main.o (__mulsi3)
c:/altera/14.0/nios2eds/bin/gnu/h-x86_64-mingw32/bin/../lib/gcc/nios2-elf/4.7.3/mno-hw-mul\libgcc.a(_clzsi2.o)
                              c:/altera/14.0/nios2eds/bin/gnu/h-x86_64-mingw32/bin/../lib/gcc/nios2-elf/4.7.3/mno-hw-mul\libgcc.a(_usi_to_sf.o) (__clzsi2)
c:/altera/14.0/nios2eds/bin/gnu/h-x86_64-mingw32/bin/../lib/gcc/nios2-elf/4.7.3/mno-hw-mul\libgcc.a(_pack_sf.o)
                              c:/altera/14.0/nios2eds/bin/gnu/h-x86_64-mingw32/bin/../lib/gcc/nios2-elf/4.7.3/mno-hw-mul\libgcc.a(_div_sf.o) (__pack_f)
c:/altera/14.0/nios2eds/bin/gnu/h-x86_64-mingw32/bin/../lib/gcc/nios2-elf/4.7.3/mno-hw-mul\libgcc.a(_unpack_sf.o)
                              c:/altera/14.0/nios2eds/bin/gnu/h-x86_64-mingw32/bin/../lib/gcc/nios2-elf/4.7.3/mno-hw-mul\libgcc.a(_div_sf.o) (__unpack_f)
c:/altera/14.0/nios2eds/bin/gnu/h-x86_64-mingw32/bin/../lib/gcc/nios2-elf/4.7.3/mno-hw-mul\libgcc.a(_pack_df.o)
                              c:/altera/14.0/nios2eds/bin/gnu/h-x86_64-mingw32/bin/../lib/gcc/nios2-elf/4.7.3/mno-hw-mul\libgcc.a(_addsub_df.o) (__pack_d)
c:/altera/14.0/nios2eds/bin/gnu/h-x86_64-mingw32/bin/../lib/gcc/nios2-elf/4.7.3/mno-hw-mul\libgcc.a(_unpack_df.o)
                              c:/altera/14.0/nios2eds/bin/gnu/h-x86_64-mingw32/bin/../lib/gcc/nios2-elf/4.7.3/mno-hw-mul\libgcc.a(_addsub_df.o) (__unpack_d)
c:/altera/14.0/nios2eds/bin/gnu/h-x86_64-mingw32/bin/../lib/gcc/nios2-elf/4.7.3/mno-hw-mul\libgcc.a(_lshrdi3.o)
                              c:/altera/14.0/nios2eds/bin/gnu/h-x86_64-mingw32/bin/../lib/gcc/nios2-elf/4.7.3/mno-hw-mul\libgcc.a(_pack_df.o) (__lshrdi3)
c:/altera/14.0/nios2eds/bin/gnu/h-x86_64-mingw32/bin/../lib/gcc/nios2-elf/4.7.3/mno-hw-mul\libgcc.a(_ashldi3.o)
                              c:/altera/14.0/nios2eds/bin/gnu/h-x86_64-mingw32/bin/../lib/gcc/nios2-elf/4.7.3/mno-hw-mul\libgcc.a(_pack_df.o) (__ashldi3)
c:/altera/14.0/nios2eds/bin/gnu/h-x86_64-mingw32/bin/../lib/gcc/nios2-elf/4.7.3/mno-hw-mul\libgcc.a(_clz.o)
                              c:/altera/14.0/nios2eds/bin/gnu/h-x86_64-mingw32/bin/../lib/gcc/nios2-elf/4.7.3/mno-hw-mul\libgcc.a(_clzsi2.o) (__clz_tab)
c:/altera/14.0/nios2eds/bin/gnu/h-x86_64-mingw32/bin/../lib/gcc/nios2-elf/4.7.3/../../../../../H-x86_64-mingw32/nios2-elf/lib/mno-hw-mul\libc.a(lib_a-impure.o)
                              obj/default/main.o (_impure_ptr)
c:/altera/14.0/nios2eds/bin/gnu/h-x86_64-mingw32/bin/../lib/gcc/nios2-elf/4.7.3/../../../../../H-x86_64-mingw32/nios2-elf/lib/mno-hw-mul\libc.a(lib_a-memset.o)
                              obj/default/main.o (memset)
c:/altera/14.0/nios2eds/bin/gnu/h-x86_64-mingw32/bin/../lib/gcc/nios2-elf/4.7.3/../../../../../H-x86_64-mingw32/nios2-elf/lib/mno-hw-mul\libc.a(lib_a-putc.o)
                              obj/default/main.o (putc)
[...]
Memory Configuration

Name             Origin             Length             Attributes
data_memory      0x0000000000000000 0x0000000000001000
reset            0x0000000000040000 0x0000000000000020
cpu_memory       0x0000000000040020 0x0000000000009fe0
*default*        0x0000000000000000 0xffffffffffffffff

Linker script and memory map

LOAD ../SocNiosBSP//obj/HAL/src/crt0.o
LOAD obj/default/interrupt_handler_uart.o
LOAD obj/default/main.o
LOAD c:/altera/14.0/nios2eds/bin/gnu/h-x86_64-mingw32/bin/../lib/gcc/nios2-elf/4.7.3/../../../../../H-x86_64-mingw32/nios2-elf/lib/mno-hw-mul\libstdc++.a
LOAD c:/altera/14.0/nios2eds/bin/gnu/h-x86_64-mingw32/bin/../lib/gcc/nios2-elf/4.7.3/../../../../../H-x86_64-mingw32/nios2-elf/lib/mno-hw-mul\libm.a
LOAD c:/altera/14.0/nios2eds/bin/gnu/h-x86_64-mingw32/bin/../lib/gcc/nios2-elf/4.7.3/mno-hw-mul\libgcc.a
START GROUP
LOAD c:/altera/14.0/nios2eds/bin/gnu/h-x86_64-mingw32/bin/../lib/gcc/nios2-elf/4.7.3/../../../../../H-x86_64-mingw32/nios2-elf/lib/mno-hw-mul\libc.a
LOAD c:/altera/14.0/nios2eds/bin/gnu/h-x86_64-mingw32/bin/../lib/gcc/nios2-elf/4.7.3/mno-hw-mul\libgcc.a
LOAD ../SocNiosBSP/\libhal_bsp.a
END GROUP
LOAD c:/altera/14.0/nios2eds/bin/gnu/h-x86_64-mingw32/bin/../lib/gcc/nios2-elf/4.7.3/mno-hw-mul\libgcc.a
                0x0000000000000000                __alt_mem_data_memory = 0x0
                0x0000000000040000                __alt_mem_cpu_memory = 0x40000

.entry          0x0000000000040000        0x0
 *(.entry)
 .entry         0x0000000000040000        0x0 ../SocNiosBSP//obj/HAL/src/crt0.o
                0x0000000000040000                _exit
                0x0000000000040000                __reset

.exceptions     0x0000000000040020      0x198
                0x0000000000040020                PROVIDE (__ram_exceptions_start, ABSOLUTE (.))
                0x0000000000040020                . = ALIGN (0x20)
 *(.irq)
 *(.exceptions.entry.label)
 .exceptions.entry.label
                0x0000000000040020        0x0 ../SocNiosBSP/\libhal_bsp.a(alt_irq_entry.o)
                0x0000000000040020                alt_irq_entry
 .exceptions.entry.label
                0x0000000000040020        0x0 ../SocNiosBSP/\libhal_bsp.a(alt_exception_entry.o)
                0x0000000000040020                alt_exception
 *(.exceptions.entry.user)
 *(.exceptions.entry.ecc_fatal)
 *(.exceptions.entry)
 .exceptions.entry
                0x0000000000040020       0x54 ../SocNiosBSP/\libhal_bsp.a(alt_exception_entry.o)
 *(.exceptions.irqtest.user)
 *(.exceptions.irqtest)
 .exceptions.irqtest
                0x0000000000040074       0x10 ../SocNiosBSP/\libhal_bsp.a(alt_irq_entry.o)
 *(.exceptions.irqhandler.user)
 *(.exceptions.irqhandler)
 .exceptions.irqhandler
                0x0000000000040084        0x4 ../SocNiosBSP/\libhal_bsp.a(alt_irq_entry.o)
 *(.exceptions.irqreturn.user)
 *(.exceptions.irqreturn)
 .exceptions.irqreturn
                0x0000000000040088        0x4 ../SocNiosBSP/\libhal_bsp.a(alt_irq_entry.o)
 *(.exceptions.notirq.label)
 .exceptions.notirq.label
                0x000000000004008c        0x0 ../SocNiosBSP/\libhal_bsp.a(alt_irq_entry.o)
 *(.exceptions.notirq.user)
 *(.exceptions.notirq)
 .exceptions.notirq
                0x000000000004008c        0x8 ../SocNiosBSP/\libhal_bsp.a(alt_exception_entry.o)
 *(.exceptions.soft.user)
 *(.exceptions.soft)
 *(.exceptions.unknown.user)
 *(.exceptions.unknown)
 .exceptions.unknown
                0x0000000000040094        0x4 ../SocNiosBSP/\libhal_bsp.a(alt_exception_entry.o)
 *(.exceptions.exit.label)
 .exceptions.exit.label
                0x0000000000040098        0x0 ../SocNiosBSP/\libhal_bsp.a(alt_irq_entry.o)
 .exceptions.exit.label
                0x0000000000040098        0x0 ../SocNiosBSP/\libhal_bsp.a(alt_exception_entry.o)
 *(.exceptions.exit.user)
 *(.exceptions.exit)
 .exceptions.exit
                0x0000000000040098       0x54 ../SocNiosBSP/\libhal_bsp.a(alt_exception_entry.o)
 *(.exceptions)
 .exceptions    0x00000000000400ec       0xcc ../SocNiosBSP/\libhal_bsp.a(alt_irq_handler.o)
                0x00000000000400ec                alt_irq_handler
                0x00000000000401b8                PROVIDE (__ram_exceptions_end, ABSOLUTE (.))
                0x0000000000040020                PROVIDE (__flash_exceptions_start, LOADADDR (.exceptions))

.text           0x00000000000401b8     0x7120
                0x00000000000401b8                PROVIDE (stext, ABSOLUTE (.))
 *(.interp)
 *(.hash)
 *(.dynsym)
 *(.dynstr)
 *(.gnu.version)
 *(.gnu.version_d)
 *(.gnu.version_r)
 *(.rel.init)
 *(.rela.init)
 *(.rel.text .rel.text.* .rel.gnu.linkonce.t.*)
 *(.rela.text .rela.text.* .rela.gnu.linkonce.t.*)
 *(.rel.fini)
 *(.rela.fini)
 *(.rel.rodata .rel.rodata.* .rel.gnu.linkonce.r.*)
 *(.rela.rodata .rela.rodata.* .rela.gnu.linkonce.r.*)
 *(.rel.data .rel.data.* .rel.gnu.linkonce.d.*)
 *(.rela.data .rela.data.* .rela.gnu.linkonce.d.*)
 *(.rel.tdata .rel.tdata.* .rel.gnu.linkonce.td.*)
 *(.rela.tdata .rela.tdata.* .rela.gnu.linkonce.td.*)
 *(.rel.tbss .rel.tbss.* .rel.gnu.linkonce.tb.*)
 *(.rela.tbss .rela.tbss.* .rela.gnu.linkonce.tb.*)
 *(.rel.ctors)
 *(.rela.ctors)
 *(.rel.dtors)
 *(.rela.dtors)
 *(.rel.got)
 *(.rela.got)
 *(.rel.sdata .rel.sdata.* .rel.gnu.linkonce.s.*)
 *(.rela.sdata .rela.sdata.* .rela.gnu.linkonce.s.*)
 *(.rel.sbss .rel.sbss.* .rel.gnu.linkonce.sb.*)
 *(.rela.sbss .rela.sbss.* .rela.gnu.linkonce.sb.*)
 *(.rel.sdata2 .rel.sdata2.* .rel.gnu.linkonce.s2.*)
 *(.rela.sdata2 .rela.sdata2.* .rela.gnu.linkonce.s2.*)
 *(.rel.sbss2 .rel.sbss2.* .rel.gnu.linkonce.sb2.*)
 *(.rela.sbss2 .rela.sbss2.* .rela.gnu.linkonce.sb2.*)
 *(.rel.bss .rel.bss.* .rel.gnu.linkonce.b.*)
 *(.rela.bss .rela.bss.* .rela.gnu.linkonce.b.*)
 *(.rel.plt)
 *(.rela.plt)
 *(.rel.dyn)
 *(.init)
 *(.plt)
 *(.text .stub .text.* .gnu.linkonce.t.*)
 .text          0x00000000000401b8       0x38 ../SocNiosBSP//obj/HAL/src/crt0.o
                0x00000000000401b8                _start
 .text          0x00000000000401f0      0x3cc obj/default/interrupt_handler_uart.o
                0x00000000000401f0                InitUart1
                0x0000000000040298                IsrUart1
                0x00000000000403d8                EmptyUart1
                0x0000000000040414                flush_rx_buffer
                0x0000000000040438                GetUart1
                0x0000000000040494                PutUart1
 .text          0x00000000000405bc      0xea0 obj/default/main.o
                0x0000000000040d28                raw_printf
                0x0000000000040d78                raw_sprintf
                0x0000000000040dcc                InitUart
                0x0000000000040e28                putc_uart0
                0x0000000000040e90                putstr_uart0
                0x0000000000040f30                error_check
                0x0000000000041008                main
                0x00000000000410bc                start_test
                0x00000000000413ac                dump_memory
 .text          0x000000000004145c      0x13c c:/altera/14.0/nios2eds/bin/gnu/h-x86_64-mingw32/bin/../lib/gcc/nios2-elf/4.7.3/mno-hw-mul\libgcc.a(_div_sf.o)
                0x000000000004145c                __divsf3
 .text          0x0000000000041598       0x44 c:/altera/14.0/nios2eds/bin/gnu/h-x86_64-mingw32/bin/../lib/gcc/nios2-elf/4.7.3/mno-hw-mul\libgcc.a(_sf_to_df.o)
                0x0000000000041598                __extendsfdf2
 .text          0x00000000000415dc        0x0 c:/altera/14.0/nios2eds/bin/gnu/h-x86_64-mingw32/bin/../lib/gcc/nios2-elf/4.7.3/mno-hw-mul\libgcc.a(_thenan_sf.o)
 .text          0x00000000000415dc       0xd4 c:/altera/14.0/nios2eds/bin/gnu/h-x86_64-mingw32/bin/../lib/gcc/nios2-elf/4.7.3/mno-hw-mul\libgcc.a(_usi_to_sf.o)
                0x00000000000415dc                __floatunsisf
 .text          0x00000000000416b0      0x408 c:/altera/14.0/nios2eds/bin/gnu/h-x86_64-mingw32/bin/../lib/gcc/nios2-elf/4.7.3/mno-hw-mul\libgcc.a(_addsub_df.o)
                0x0000000000041a04                __adddf3
                0x0000000000041a58                __subdf3
 .text          0x0000000000041ab8       0xc4 c:/altera/14.0/nios2eds/bin/gnu/h-x86_64-mingw32/bin/../lib/gcc/nios2-elf/4.7.3/mno-hw-mul\libgcc.a(_df_to_si.o)
                0x0000000000041ab8                __fixdfsi
 .text          0x0000000000041b7c       0x38 c:/altera/14.0/nios2eds/bin/gnu/h-x86_64-mingw32/bin/../lib/gcc/nios2-elf/4.7.3/mno-hw-mul\libgcc.a(_make_df.o)
                0x0000000000041b7c                __make_dp
 .text          0x0000000000041bb4        0x0 c:/altera/14.0/nios2eds/bin/gnu/h-x86_64-mingw32/bin/../lib/gcc/nios2-elf/4.7.3/mno-hw-mul\libgcc.a(_thenan_df.o)
 .text          0x0000000000041bb4      0x130 c:/altera/14.0/nios2eds/bin/gnu/h-x86_64-mingw32/bin/../lib/gcc/nios2-elf/4.7.3/mno-hw-mul\libgcc.a(lib2-divmod.o)
                0x0000000000041c28                __divsi3
                0x0000000000041c78                __modsi3
                0x0000000000041cd4                __udivsi3
                0x0000000000041cdc                __umodsi3
 .text          0x0000000000041ce4       0x28 c:/altera/14.0/nios2eds/bin/gnu/h-x86_64-mingw32/bin/../lib/gcc/nios2-elf/4.7.3/mno-hw-mul\libgcc.a(lib2-mul.o)
                0x0000000000041ce4                __mulsi3
 .text          0x0000000000041d0c       0xac c:/altera/14.0/nios2eds/bin/gnu/h-x86_64-mingw32/bin/../lib/gcc/nios2-elf/4.7.3/mno-hw-mul\libgcc.a(_clzsi2.o)
                0x0000000000041d0c                __clzsi2
 .text          0x0000000000041db8      0x12c c:/altera/14.0/nios2eds/bin/gnu/h-x86_64-mingw32/bin/../lib/gcc/nios2-elf/4.7.3/mno-hw-mul\libgcc.a(_pack_sf.o)
                0x0000000000041db8                __pack_f
 .text          0x0000000000041ee4       0xc8 c:/altera/14.0/nios2eds/bin/gnu/h-x86_64-mingw32/bin/../lib/gcc/nios2-elf/4.7.3/mno-hw-mul\libgcc.a(_unpack_sf.o)
                0x0000000000041ee4                __unpack_f
 .text          0x0000000000041fac      0x224 c:/altera/14.0/nios2eds/bin/gnu/h-x86_64-mingw32/bin/../lib/gcc/nios2-elf/4.7.3/mno-hw-mul\libgcc.a(_pack_df.o)
                0x0000000000041fac                __pack_d
 .text          0x00000000000421d0      0x104 c:/altera/14.0/nios2eds/bin/gnu/h-x86_64-mingw32/bin/../lib/gcc/nios2-elf/4.7.3/mno-hw-mul\libgcc.a(_unpack_df.o)
                0x00000000000421d0                __unpack_d
 .text          0x00000000000422d4       0x44 c:/altera/14.0/nios2eds/bin/gnu/h-x86_64-mingw32/bin/../lib/gcc/nios2-elf/4.7.3/mno-hw-mul\libgcc.a(_lshrdi3.o)
                0x00000000000422d4                __lshrdi3
 .text          0x0000000000042318       0x44 c:/altera/14.0/nios2eds/bin/gnu/h-x86_64-mingw32/bin/../lib/gcc/nios2-elf/4.7.3/mno-hw-mul\libgcc.a(_ashldi3.o)
                0x0000000000042318                __ashldi3
 .text          0x000000000004235c        0x0 c:/altera/14.0/nios2eds/bin/gnu/h-x86_64-mingw32/bin/../lib/gcc/nios2-elf/4.7.3/mno-hw-mul\libgcc.a(_clz.o)
 .text          0x000000000004235c        0x0 c:/altera/14.0/nios2eds/bin/gnu/h-x86_64-mingw32/bin/../lib/gcc/nios2-elf/4.7.3/../../../../../H-x86_64-mingw32/nios2-elf/lib/mno-hw-mul\libc.a(lib_a-impure.o)
 .text          0x000000000004235c       0xdc c:/altera/14.0/nios2eds/bin/gnu/h-x86_64-mingw32/bin/../lib/gcc/nios2-elf/4.7.3/../../../../../H-x86_64-mingw32/nios2-elf/lib/mno-hw-mul\libc.a(lib_a-memset.o)
                0x000000000004235c                memset
 .text          0x0000000000042438      0x1ac c:/altera/14.0/nios2eds/bin/gnu/h-x86_64-mingw32/bin/../lib/gcc/nios2-elf/4.7.3/../../../../../H-x86_64-mingw32/nios2-elf/lib/mno-hw-mul\libc.a(lib_a-putc.o)
                0x0000000000042438                _putc_r
                0x00000000000424f4                putc
 .text          0x00000000000425e4       0xfc c:/altera/14.0/nios2eds/bin/gnu/h-x86_64-mingw32/bin/../lib/gcc/nios2-elf/4.7.3/../../../../../H-x86_64-mingw32/nios2-elf/lib/mno-hw-mul\libc.a(lib_a-strncmp.o)
                0x00000000000425e4                strncmp
 .text          0x00000000000426e0      0x158 c:/altera/14.0/nios2eds/bin/gnu/h-x86_64-mingw32/bin/../lib/gcc/nios2-elf/4.7.3/../../../../../H-x86_64-mingw32/nios2-elf/lib/mno-hw-mul\libc.a(lib_a-wbuf.o)
                0x00000000000426e0                __swbuf_r
                0x000000000004281c                __swbuf
 .text          0x0000000000042838      0x174 c:/altera/14.0/nios2eds/bin/gnu/h-x86_64-mingw32/bin/../lib/gcc/nios2-elf/4.7.3/../../../../../H-x86_64-mingw32/nios2-elf/lib/mno-hw-mul\libc.a(lib_a-wsetup.o)
                0x0000000000042838                __swsetup_r
 .text          0x00000000000429ac      0x218 c:/altera/14.0/nios2eds/bin/gnu/h-x86_64-mingw32/bin/../lib/gcc/nios2-elf/4.7.3/../../../../../H-x86_64-mingw32/nios2-elf/lib/mno-hw-mul\libc.a(lib_a-fflush.o)
                0x00000000000429ac                _fflush_r
                0x0000000000042b94                fflush
 .text          0x0000000000042bc4      0x2ec c:/altera/14.0/nios2eds/bin/gnu/h-x86_64-mingw32/bin/../lib/gcc/nios2-elf/4.7.3/../../../../../H-x86_64-mingw32/nios2-elf/lib/mno-hw-mul\libc.a(lib_a-findfp.o)
                0x0000000000042bd4                _cleanup_r
                0x0000000000042be0                __sfmoreglue
                0x0000000000042c58                _cleanup
                0x0000000000042c68                __sinit
                0x0000000000042d74                __sfp
                0x0000000000042e70                __sfp_lock_acquire
                0x0000000000042e74                __sfp_lock_release
                0x0000000000042e78                __sinit_lock_acquire
                0x0000000000042e7c                __sinit_lock_release
                0x0000000000042e80                __fp_lock_all
                0x0000000000042e98                __fp_unlock_all
 .text          0x0000000000042eb0      0x40c c:/altera/14.0/nios2eds/bin/gnu/h-x86_64-mingw32/bin/../lib/gcc/nios2-elf/4.7.3/../../../../../H-x86_64-mingw32/nios2-elf/lib/mno-hw-mul\libc.a(lib_a-freer.o)
                0x0000000000042eb0                _malloc_trim_r
                0x0000000000042fec                _free_r
 .text          0x00000000000432bc      0x160 c:/altera/14.0/nios2eds/bin/gnu/h-x86_64-mingw32/bin/../lib/gcc/nios2-elf/4.7.3/../../../../../H-x86_64-mingw32/nios2-elf/lib/mno-hw-mul\libc.a(lib_a-fwalk.o)
                0x00000000000432bc                _fwalk
                0x0000000000043364                _fwalk_reent
 .text          0x000000000004341c      0x1a8 c:/altera/14.0/nios2eds/bin/gnu/h-x86_64-mingw32/bin/../lib/gcc/nios2-elf/4.7.3/../../../../../H-x86_64-mingw32/nios2-elf/lib/mno-hw-mul\libc.a(lib_a-makebuf.o)
                0x000000000004341c                __smakebuf_r
 .text          0x00000000000435c4      0x784 c:/altera/14.0/nios2eds/bin/gnu/h-x86_64-mingw32/bin/../lib/gcc/nios2-elf/4.7.3/../../../../../H-x86_64-mingw32/nios2-elf/lib/mno-hw-mul\libc.a(lib_a-mallocr.o)
                0x00000000000435c4                _malloc_r
 .text          0x0000000000043d48       0x64 c:/altera/14.0/nios2eds/bin/gnu/h-x86_64-mingw32/bin/../lib/gcc/nios2-elf/4.7.3/../../../../../H-x86_64-mingw32/nios2-elf/lib/mno-hw-mul\libc.a(lib_a-sbrkr.o)
                0x0000000000043d48                _sbrk_r
 .text          0x0000000000043dac      0x140 c:/altera/14.0/nios2eds/bin/gnu/h-x86_64-mingw32/bin/../lib/gcc/nios2-elf/4.7.3/../../../../../H-x86_64-mingw32/nios2-elf/lib/mno-hw-mul\libc.a(lib_a-stdio.o)
                0x0000000000043dac                __sread
                0x0000000000043e00                __swrite
                0x0000000000043e88                __sseek
                0x0000000000043ee4                __sclose
 .text          0x0000000000043eec       0x6c c:/altera/14.0/nios2eds/bin/gnu/h-x86_64-mingw32/bin/../lib/gcc/nios2-elf/4.7.3/../../../../../H-x86_64-mingw32/nios2-elf/lib/mno-hw-mul\libc.a(lib_a-writer.o)
                0x0000000000043eec                _write_r
 .text          0x0000000000043f58       0x64 c:/altera/14.0/nios2eds/bin/gnu/h-x86_64-mingw32/bin/../lib/gcc/nios2-elf/4.7.3/../../../../../H-x86_64-mingw32/nios2-elf/lib/mno-hw-mul\libc.a(lib_a-closer.o)
                0x0000000000043f58                _close_r
 .text          0x0000000000043fbc      0x150 c:/altera/14.0/nios2eds/bin/gnu/h-x86_64-mingw32/bin/../lib/gcc/nios2-elf/4.7.3/../../../../../H-x86_64-mingw32/nios2-elf/lib/mno-hw-mul\libc.a(lib_a-fclose.o)
                0x0000000000043fbc                _fclose_r
                0x00000000000440f8                fclose
 .text          0x000000000004410c       0x68 c:/altera/14.0/nios2eds/bin/gnu/h-x86_64-mingw32/bin/../lib/gcc/nios2-elf/4.7.3/../../../../../H-x86_64-mingw32/nios2-elf/lib/mno-hw-mul\libc.a(lib_a-fstatr.o)
                0x000000000004410c                _fstat_r
 .text          0x0000000000044174        0x0 c:/altera/14.0/nios2eds/bin/gnu/h-x86_64-mingw32/bin/../lib/gcc/nios2-elf/4.7.3/../../../../../H-x86_64-mingw32/nios2-elf/lib/mno-hw-mul\libc.a(lib_a-int_errno.o)
 .text          0x0000000000044174       0x64 c:/altera/14.0/nios2eds/bin/gnu/h-x86_64-mingw32/bin/../lib/gcc/nios2-elf/4.7.3/../../../../../H-x86_64-mingw32/nios2-elf/lib/mno-hw-mul\libc.a(lib_a-isattyr.o)
                0x0000000000044174                _isatty_r
 .text          0x00000000000441d8       0x6c c:/altera/14.0/nios2eds/bin/gnu/h-x86_64-mingw32/bin/../lib/gcc/nios2-elf/4.7.3/../../../../../H-x86_64-mingw32/nios2-elf/lib/mno-hw-mul\libc.a(lib_a-lseekr.o)
                0x00000000000441d8                _lseek_r
 .text          0x0000000000044244       0x6c c:/altera/14.0/nios2eds/bin/gnu/h-x86_64-mingw32/bin/../lib/gcc/nios2-elf/4.7.3/../../../../../H-x86_64-mingw32/nios2-elf/lib/mno-hw-mul\libc.a(lib_a-readr.o)
                0x0000000000044244                _read_r
 .text          0x00000000000442b0      0x11c ../SocNiosBSP/\libhal_bsp.a(alt_close.o)
                0x0000000000044300                close
 .text          0x00000000000443cc       0x2c ../SocNiosBSP/\libhal_bsp.a(alt_dev.o)
 .text          0x00000000000443f8        0x0 ../SocNiosBSP/\libhal_bsp.a(alt_errno.o)
 .text          0x00000000000443f8      0x100 ../SocNiosBSP/\libhal_bsp.a(alt_fstat.o)
                0x0000000000044448                fstat
 .text          0x00000000000444f8      0x1d8 ../SocNiosBSP/\libhal_bsp.a(alt_iic.o)
                0x00000000000444f8                alt_ic_isr_register
                0x0000000000044548                alt_ic_irq_enable
                0x00000000000445e4                alt_ic_irq_disable
                0x0000000000044684                alt_ic_irq_enabled
 .text          0x00000000000446d0       0xf0 ../SocNiosBSP/\libhal_bsp.a(alt_iic_isr_register.o)
                0x00000000000446d0                alt_iic_isr_register
 .text          0x00000000000447c0        0x0 ../SocNiosBSP/\libhal_bsp.a(alt_irq_entry.o)
 .text          0x00000000000447c0        0x0 ../SocNiosBSP/\libhal_bsp.a(alt_irq_handler.o)
 .text          0x00000000000447c0        0x0 ../SocNiosBSP/\libhal_bsp.a(alt_irq_vars.o)
 .text          0x00000000000447c0       0xf4 ../SocNiosBSP/\libhal_bsp.a(alt_isatty.o)
                0x0000000000044810                isatty
 .text          0x00000000000448b4      0x124 ../SocNiosBSP/\libhal_bsp.a(alt_lseek.o)
                0x0000000000044904                lseek
 .text          0x00000000000449d8       0x68 ../SocNiosBSP/\libhal_bsp.a(alt_main.o)
                0x00000000000449d8                alt_main
 .text          0x0000000000044a40       0x40 ../SocNiosBSP/\libhal_bsp.a(alt_malloc_lock.o)
                0x0000000000044a40                __malloc_lock
                0x0000000000044a60                __malloc_unlock
 .text          0x0000000000044a80      0x228 ../SocNiosBSP/\libhal_bsp.a(alt_printf.o)
                0x0000000000044a80                alt_printf
 .text          0x0000000000044ca8       0x44 ../SocNiosBSP/\libhal_bsp.a(alt_putchar.o)
                0x0000000000044ca8                alt_putchar
 .text          0x0000000000044cec      0x144 ../SocNiosBSP/\libhal_bsp.a(alt_read.o)
                0x0000000000044d3c                read
 .text          0x0000000000044e30       0x80 ../SocNiosBSP/\libhal_bsp.a(alt_release_fd.o)
                0x0000000000044e30                alt_release_fd
 .text          0x0000000000044eb0       0xb0 ../SocNiosBSP/\libhal_bsp.a(alt_sbrk.o)
                0x0000000000044eb0                sbrk
 .text          0x0000000000044f60       0x30 ../SocNiosBSP/\libhal_bsp.a(alt_usleep.o)
                0x0000000000044f60                usleep
 .text          0x0000000000044f90      0x140 ../SocNiosBSP/\libhal_bsp.a(alt_write.o)
                0x0000000000044fe0                write
 .text          0x00000000000450d0       0xd4 ../SocNiosBSP/\libhal_bsp.a(alt_sys_init.o)
                0x0000000000045108                alt_irq_init
                0x000000000004513c                alt_sys_init
 .text          0x00000000000451a4      0x164 ../SocNiosBSP/\libhal_bsp.a(altera_avalon_jtag_uart_fd.o)
                0x00000000000451a4                altera_avalon_jtag_uart_read_fd
                0x0000000000045204                altera_avalon_jtag_uart_write_fd
                0x0000000000045264                altera_avalon_jtag_uart_close_fd
                0x00000000000452b4                altera_avalon_jtag_uart_ioctl_fd
 .text          0x0000000000045308      0x3d0 ../SocNiosBSP/\libhal_bsp.a(altera_avalon_jtag_uart_init.o)
                0x0000000000045308                altera_avalon_jtag_uart_init
                0x0000000000045670                altera_avalon_jtag_uart_close
 .text          0x00000000000456d8       0xf4 ../SocNiosBSP/\libhal_bsp.a(altera_avalon_jtag_uart_ioctl.o)
                0x00000000000456d8                altera_avalon_jtag_uart_ioctl
 .text          0x00000000000457cc      0x218 ../SocNiosBSP/\libhal_bsp.a(altera_avalon_jtag_uart_read.o)
                0x00000000000457cc                altera_avalon_jtag_uart_read
 .text          0x00000000000459e4      0x220 ../SocNiosBSP/\libhal_bsp.a(altera_avalon_jtag_uart_write.o)
                0x00000000000459e4                altera_avalon_jtag_uart_write
 .text          0x0000000000045c04      0x110 ../SocNiosBSP/\libhal_bsp.a(altera_avalon_uart_fd.o)
                0x0000000000045c04                altera_avalon_uart_read_fd
                0x0000000000045c64                altera_avalon_uart_write_fd
                0x0000000000045cc4                altera_avalon_uart_close_fd
 .text          0x0000000000045d14      0x3a8 ../SocNiosBSP/\libhal_bsp.a(altera_avalon_uart_init.o)
                0x0000000000045d14                altera_avalon_uart_init
                0x0000000000046068                altera_avalon_uart_close
 .text          0x00000000000460bc      0x230 ../SocNiosBSP/\libhal_bsp.a(altera_avalon_uart_read.o)
                0x000000000004610c                altera_avalon_uart_read
 .text          0x00000000000462ec      0x1f8 ../SocNiosBSP/\libhal_bsp.a(altera_avalon_uart_write.o)
                0x000000000004633c                altera_avalon_uart_write
 .text          0x00000000000464e4      0x140 ../SocNiosBSP/\libhal_bsp.a(alt_alarm_start.o)
                0x00000000000464e4                alt_alarm_start
 .text          0x0000000000046624      0x154 ../SocNiosBSP/\libhal_bsp.a(alt_busy_sleep.o)
                0x0000000000046624                alt_busy_sleep
 .text          0x0000000000046778       0xf4 ../SocNiosBSP/\libhal_bsp.a(alt_dev_llist_insert.o)
                0x00000000000467c8                alt_dev_llist_insert
 .text          0x000000000004686c        0x0 ../SocNiosBSP/\libhal_bsp.a(alt_exception_entry.o)
 .text          0x000000000004686c      0x158 ../SocNiosBSP/\libhal_bsp.a(alt_io_redirect.o)
                0x000000000004694c                alt_io_redirect
 .text          0x00000000000469c4      0x298 ../SocNiosBSP/\libhal_bsp.a(alt_open.o)
                0x0000000000046b04                open
 .text          0x0000000000046c5c      0x19c ../SocNiosBSP/\libhal_bsp.a(alt_tick.o)
                0x0000000000046c5c                alt_alarm_stop
                0x0000000000046cf4                alt_tick
 .text          0x0000000000046df8       0x20 ../SocNiosBSP/\libhal_bsp.a(altera_nios2_qsys_irq.o)
                0x0000000000046df8                altera_nios2_qsys_irq_init
 .text          0x0000000000046e18       0x90 ../SocNiosBSP/\libhal_bsp.a(alt_find_dev.o)
                0x0000000000046e18                alt_find_dev
 .text          0x0000000000046ea8      0x114 ../SocNiosBSP/\libhal_bsp.a(alt_find_file.o)
                0x0000000000046ea8                alt_find_file
 .text          0x0000000000046fbc       0xd4 ../SocNiosBSP/\libhal_bsp.a(alt_get_fd.o)
                0x0000000000046fbc                alt_get_fd
 .text          0x0000000000047090       0x7c c:/altera/14.0/nios2eds/bin/gnu/h-x86_64-mingw32/bin/../lib/gcc/nios2-elf/4.7.3/../../../../../H-x86_64-mingw32/nios2-elf/lib/mno-hw-mul\libc.a(lib_a-memcmp.o)
                0x0000000000047090                memcmp
 .text          0x000000000004710c      0x140 c:/altera/14.0/nios2eds/bin/gnu/h-x86_64-mingw32/bin/../lib/gcc/nios2-elf/4.7.3/../../../../../H-x86_64-mingw32/nios2-elf/lib/mno-hw-mul\libc.a(lib_a-memcpy.o)
                0x000000000004710c                memcpy
 .text          0x000000000004724c       0x8c c:/altera/14.0/nios2eds/bin/gnu/h-x86_64-mingw32/bin/../lib/gcc/nios2-elf/4.7.3/../../../../../H-x86_64-mingw32/nios2-elf/lib/mno-hw-mul\libc.a(lib_a-strlen.o)
                0x000000000004724c                strlen
 *(.gnu.warning.*)
 *(.fini)
                0x00000000000472d8                PROVIDE (__etext, ABSOLUTE (.))
                0x00000000000472d8                PROVIDE (_etext, ABSOLUTE (.))
                0x00000000000472d8                PROVIDE (etext, ABSOLUTE (.))
 *(.eh_frame_hdr)
                0x00000000000472d8                . = ALIGN (0x4)
                0x00000000000472d8                PROVIDE (__preinit_array_start, ABSOLUTE (.))
 *(.preinit_array)
                0x00000000000472d8                PROVIDE (__preinit_array_end, ABSOLUTE (.))
                0x00000000000472d8                PROVIDE (__init_array_start, ABSOLUTE (.))
 *(.init_array)
                0x00000000000472d8                PROVIDE (__init_array_end, ABSOLUTE (.))
                0x00000000000472d8                PROVIDE (__fini_array_start, ABSOLUTE (.))
 *(.fini_array)
                0x00000000000472d8                PROVIDE (__fini_array_end, ABSOLUTE (.))
 *(.eh_frame)
 *(.gcc_except_table .gcc_except_table.*)
 *(.dynamic)
                0x00000000000472d8                PROVIDE (__CTOR_LIST__, ABSOLUTE (.))
 *(.ctors)
 *(SORT(.ctors.*))
                0x00000000000472d8                PROVIDE (__CTOR_END__, ABSOLUTE (.))
                0x00000000000472d8                PROVIDE (__DTOR_LIST__, ABSOLUTE (.))
 *(.dtors)
 *(SORT(.dtors.*))
                0x00000000000472d8                PROVIDE (__DTOR_END__, ABSOLUTE (.))
 *(.jcr)
                0x00000000000472d8                . = ALIGN (0x4)

.rodata         0x00000000000472d8      0x20c
                0x00000000000472d8                PROVIDE (__ram_rodata_start, ABSOLUTE (.))
                0x00000000000472d8                . = ALIGN (0x4)
 *(.rodata .rodata.* .gnu.linkonce.r.*)
 .rodata        0x00000000000472d8        0x4 obj/default/interrupt_handler_uart.o
 .rodata        0x00000000000472dc       0xa8 obj/default/main.o
 .rodata        0x0000000000047384       0x10 c:/altera/14.0/nios2eds/bin/gnu/h-x86_64-mingw32/bin/../lib/gcc/nios2-elf/4.7.3/mno-hw-mul\libgcc.a(_thenan_sf.o)
                0x0000000000047384                __thenan_sf
 .rodata        0x0000000000047394       0x14 c:/altera/14.0/nios2eds/bin/gnu/h-x86_64-mingw32/bin/../lib/gcc/nios2-elf/4.7.3/mno-hw-mul\libgcc.a(_thenan_df.o)
                0x0000000000047394                __thenan_df
 .rodata        0x00000000000473a8      0x100 c:/altera/14.0/nios2eds/bin/gnu/h-x86_64-mingw32/bin/../lib/gcc/nios2-elf/4.7.3/mno-hw-mul\libgcc.a(_clz.o)
                0x00000000000473a8                __clz_tab
 .rodata.str1.4
                0x00000000000474a8        0x4 c:/altera/14.0/nios2eds/bin/gnu/h-x86_64-mingw32/bin/../lib/gcc/nios2-elf/4.7.3/../../../../../H-x86_64-mingw32/nios2-elf/lib/mno-hw-mul\libc.a(lib_a-impure.o)
 .rodata        0x00000000000474ac        0xc ../SocNiosBSP/\libhal_bsp.a(alt_dev.o)
 .rodata        0x00000000000474b8       0x10 ../SocNiosBSP/\libhal_bsp.a(alt_main.o)
 .rodata        0x00000000000474c8       0x1c ../SocNiosBSP/\libhal_bsp.a(alt_sys_init.o)
 *(.rodata1)
                0x00000000000474e4                . = ALIGN (0x4)
                0x00000000000474e4                PROVIDE (__ram_rodata_end, ABSOLUTE (.))
                0x00000000000472d8                PROVIDE (__flash_rodata_start, LOADADDR (.rodata))

.rwdata         0x00000000000474e4     0x1b20
                0x00000000000474e4                PROVIDE (__ram_rwdata_start, ABSOLUTE (.))
                0x00000000000474e4                . = ALIGN (0x4)
 *(.got.plt)
 *(.got)
 *(.data1)
 *(.data .data.* .gnu.linkonce.d.*)
 .data          0x00000000000474e4        0x0 ../SocNiosBSP//obj/HAL/src/crt0.o
 .data          0x00000000000474e4        0x0 obj/default/interrupt_handler_uart.o
 .data          0x00000000000474e4        0x0 obj/default/main.o
 .data          0x00000000000474e4        0x0 c:/altera/14.0/nios2eds/bin/gnu/h-x86_64-mingw32/bin/../lib/gcc/nios2-elf/4.7.3/mno-hw-mul\libgcc.a(_div_sf.o)
 .data          0x00000000000474e4        0x0 c:/altera/14.0/nios2eds/bin/gnu/h-x86_64-mingw32/bin/../lib/gcc/nios2-elf/4.7.3/mno-hw-mul\libgcc.a(_sf_to_df.o)
 .data          0x00000000000474e4        0x0 c:/altera/14.0/nios2eds/bin/gnu/h-x86_64-mingw32/bin/../lib/gcc/nios2-elf/4.7.3/mno-hw-mul\libgcc.a(_thenan_sf.o)
 .data          0x00000000000474e4        0x0 c:/altera/14.0/nios2eds/bin/gnu/h-x86_64-mingw32/bin/../lib/gcc/nios2-elf/4.7.3/mno-hw-mul\libgcc.a(_usi_to_sf.o)
 .data          0x00000000000474e4        0x0 c:/altera/14.0/nios2eds/bin/gnu/h-x86_64-mingw32/bin/../lib/gcc/nios2-elf/4.7.3/mno-hw-mul\libgcc.a(_addsub_df.o)
 .data          0x00000000000474e4        0x0 c:/altera/14.0/nios2eds/bin/gnu/h-x86_64-mingw32/bin/../lib/gcc/nios2-elf/4.7.3/mno-hw-mul\libgcc.a(_df_to_si.o)
 .data          0x00000000000474e4        0x0 c:/altera/14.0/nios2eds/bin/gnu/h-x86_64-mingw32/bin/../lib/gcc/nios2-elf/4.7.3/mno-hw-mul\libgcc.a(_make_df.o)
 .data          0x00000000000474e4        0x0 c:/altera/14.0/nios2eds/bin/gnu/h-x86_64-mingw32/bin/../lib/gcc/nios2-elf/4.7.3/mno-hw-mul\libgcc.a(_thenan_df.o)
 .data          0x00000000000474e4        0x0 c:/altera/14.0/nios2eds/bin/gnu/h-x86_64-mingw32/bin/../lib/gcc/nios2-elf/4.7.3/mno-hw-mul\libgcc.a(lib2-divmod.o)
 .data          0x00000000000474e4        0x0 c:/altera/14.0/nios2eds/bin/gnu/h-x86_64-mingw32/bin/../lib/gcc/nios2-elf/4.7.3/mno-hw-mul\libgcc.a(lib2-mul.o)
 .data          0x00000000000474e4        0x0 c:/altera/14.0/nios2eds/bin/gnu/h-x86_64-mingw32/bin/../lib/gcc/nios2-elf/4.7.3/mno-hw-mul\libgcc.a(_clzsi2.o)
 .data          0x00000000000474e4        0x0 c:/altera/14.0/nios2eds/bin/gnu/h-x86_64-mingw32/bin/../lib/gcc/nios2-elf/4.7.3/mno-hw-mul\libgcc.a(_pack_sf.o)
 .data          0x00000000000474e4        0x0 c:/altera/14.0/nios2eds/bin/gnu/h-x86_64-mingw32/bin/../lib/gcc/nios2-elf/4.7.3/mno-hw-mul\libgcc.a(_unpack_sf.o)
 .data          0x00000000000474e4        0x0 c:/altera/14.0/nios2eds/bin/gnu/h-x86_64-mingw32/bin/../lib/gcc/nios2-elf/4.7.3/mno-hw-mul\libgcc.a(_pack_df.o)
 .data          0x00000000000474e4        0x0 c:/altera/14.0/nios2eds/bin/gnu/h-x86_64-mingw32/bin/../lib/gcc/nios2-elf/4.7.3/mno-hw-mul\libgcc.a(_unpack_df.o)
 .data          0x00000000000474e4        0x0 c:/altera/14.0/nios2eds/bin/gnu/h-x86_64-mingw32/bin/../lib/gcc/nios2-elf/4.7.3/mno-hw-mul\libgcc.a(_lshrdi3.o)
 .data          0x00000000000474e4        0x0 c:/altera/14.0/nios2eds/bin/gnu/h-x86_64-mingw32/bin/../lib/gcc/nios2-elf/4.7.3/mno-hw-mul\libgcc.a(_ashldi3.o)
 .data          0x00000000000474e4        0x0 c:/altera/14.0/nios2eds/bin/gnu/h-x86_64-mingw32/bin/../lib/gcc/nios2-elf/4.7.3/mno-hw-mul\libgcc.a(_clz.o)
 .data          0x00000000000474e4      0x400 c:/altera/14.0/nios2eds/bin/gnu/h-x86_64-mingw32/bin/../lib/gcc/nios2-elf/4.7.3/../../../../../H-x86_64-mingw32/nios2-elf/lib/mno-hw-mul\libc.a(lib_a-impure.o)
 .data          0x00000000000478e4        0x0 c:/altera/14.0/nios2eds/bin/gnu/h-x86_64-mingw32/bin/../lib/gcc/nios2-elf/4.7.3/../../../../../H-x86_64-mingw32/nios2-elf/lib/mno-hw-mul\libc.a(lib_a-memset.o)
 .data          0x00000000000478e4        0x0 c:/altera/14.0/nios2eds/bin/gnu/h-x86_64-mingw32/bin/../lib/gcc/nios2-elf/4.7.3/../../../../../H-x86_64-mingw32/nios2-elf/lib/mno-hw-mul\libc.a(lib_a-putc.o)
 .data          0x00000000000478e4        0x0 c:/altera/14.0/nios2eds/bin/gnu/h-x86_64-mingw32/bin/../lib/gcc/nios2-elf/4.7.3/../../../../../H-x86_64-mingw32/nios2-elf/lib/mno-hw-mul\libc.a(lib_a-strncmp.o)
 .data          0x00000000000478e4        0x0 c:/altera/14.0/nios2eds/bin/gnu/h-x86_64-mingw32/bin/../lib/gcc/nios2-elf/4.7.3/../../../../../H-x86_64-mingw32/nios2-elf/lib/mno-hw-mul\libc.a(lib_a-wbuf.o)
 .data          0x00000000000478e4        0x0 c:/altera/14.0/nios2eds/bin/gnu/h-x86_64-mingw32/bin/../lib/gcc/nios2-elf/4.7.3/../../../../../H-x86_64-mingw32/nios2-elf/lib/mno-hw-mul\libc.a(lib_a-wsetup.o)
 .data          0x00000000000478e4        0x0 c:/altera/14.0/nios2eds/bin/gnu/h-x86_64-mingw32/bin/../lib/gcc/nios2-elf/4.7.3/../../../../../H-x86_64-mingw32/nios2-elf/lib/mno-hw-mul\libc.a(lib_a-fflush.o)
 .data          0x00000000000478e4        0x0 c:/altera/14.0/nios2eds/bin/gnu/h-x86_64-mingw32/bin/../lib/gcc/nios2-elf/4.7.3/../../../../../H-x86_64-mingw32/nios2-elf/lib/mno-hw-mul\libc.a(lib_a-findfp.o)
 .data          0x00000000000478e4        0x0 c:/altera/14.0/nios2eds/bin/gnu/h-x86_64-mingw32/bin/../lib/gcc/nios2-elf/4.7.3/../../../../../H-x86_64-mingw32/nios2-elf/lib/mno-hw-mul\libc.a(lib_a-freer.o)
 .data          0x00000000000478e4        0x0 c:/altera/14.0/nios2eds/bin/gnu/h-x86_64-mingw32/bin/../lib/gcc/nios2-elf/4.7.3/../../../../../H-x86_64-mingw32/nios2-elf/lib/mno-hw-mul\libc.a(lib_a-fwalk.o)
 .data          0x00000000000478e4        0x0 c:/altera/14.0/nios2eds/bin/gnu/h-x86_64-mingw32/bin/../lib/gcc/nios2-elf/4.7.3/../../../../../H-x86_64-mingw32/nios2-elf/lib/mno-hw-mul\libc.a(lib_a-makebuf.o)
 .data          0x00000000000478e4      0x408 c:/altera/14.0/nios2eds/bin/gnu/h-x86_64-mingw32/bin/../lib/gcc/nios2-elf/4.7.3/../../../../../H-x86_64-mingw32/nios2-elf/lib/mno-hw-mul\libc.a(lib_a-mallocr.o)
                0x00000000000478e4                __malloc_av_
 .data          0x0000000000047cec        0x0 c:/altera/14.0/nios2eds/bin/gnu/h-x86_64-mingw32/bin/../lib/gcc/nios2-elf/4.7.3/../../../../../H-x86_64-mingw32/nios2-elf/lib/mno-hw-mul\libc.a(lib_a-sbrkr.o)
 .data          0x0000000000047cec        0x0 c:/altera/14.0/nios2eds/bin/gnu/h-x86_64-mingw32/bin/../lib/gcc/nios2-elf/4.7.3/../../../../../H-x86_64-mingw32/nios2-elf/lib/mno-hw-mul\libc.a(lib_a-stdio.o)
 .data          0x0000000000047cec        0x0 c:/altera/14.0/nios2eds/bin/gnu/h-x86_64-mingw32/bin/../lib/gcc/nios2-elf/4.7.3/../../../../../H-x86_64-mingw32/nios2-elf/lib/mno-hw-mul\libc.a(lib_a-writer.o)
 .data          0x0000000000047cec        0x0 c:/altera/14.0/nios2eds/bin/gnu/h-x86_64-mingw32/bin/../lib/gcc/nios2-elf/4.7.3/../../../../../H-x86_64-mingw32/nios2-elf/lib/mno-hw-mul\libc.a(lib_a-closer.o)
 .data          0x0000000000047cec        0x0 c:/altera/14.0/nios2eds/bin/gnu/h-x86_64-mingw32/bin/../lib/gcc/nios2-elf/4.7.3/../../../../../H-x86_64-mingw32/nios2-elf/lib/mno-hw-mul\libc.a(lib_a-fclose.o)
 .data          0x0000000000047cec        0x0 c:/altera/14.0/nios2eds/bin/gnu/h-x86_64-mingw32/bin/../lib/gcc/nios2-elf/4.7.3/../../../../../H-x86_64-mingw32/nios2-elf/lib/mno-hw-mul\libc.a(lib_a-fstatr.o)
 .data          0x0000000000047cec        0x0 c:/altera/14.0/nios2eds/bin/gnu/h-x86_64-mingw32/bin/../lib/gcc/nios2-elf/4.7.3/../../../../../H-x86_64-mingw32/nios2-elf/lib/mno-hw-mul\libc.a(lib_a-int_errno.o)
 .data          0x0000000000047cec        0x0 c:/altera/14.0/nios2eds/bin/gnu/h-x86_64-mingw32/bin/../lib/gcc/nios2-elf/4.7.3/../../../../../H-x86_64-mingw32/nios2-elf/lib/mno-hw-mul\libc.a(lib_a-isattyr.o)
 .data          0x0000000000047cec        0x0 c:/altera/14.0/nios2eds/bin/gnu/h-x86_64-mingw32/bin/../lib/gcc/nios2-elf/4.7.3/../../../../../H-x86_64-mingw32/nios2-elf/lib/mno-hw-mul\libc.a(lib_a-lseekr.o)
 .data          0x0000000000047cec        0x0 c:/altera/14.0/nios2eds/bin/gnu/h-x86_64-mingw32/bin/../lib/gcc/nios2-elf/4.7.3/../../../../../H-x86_64-mingw32/nios2-elf/lib/mno-hw-mul\libc.a(lib_a-readr.o)
 .data          0x0000000000047cec        0x0 ../SocNiosBSP/\libhal_bsp.a(alt_close.o)
 .data          0x0000000000047cec      0x1a8 ../SocNiosBSP/\libhal_bsp.a(alt_dev.o)
                0x0000000000047cec                alt_dev_null
                0x0000000000047d14                alt_fd_list
 .data          0x0000000000047e94        0x0 ../SocNiosBSP/\libhal_bsp.a(alt_errno.o)
 .data          0x0000000000047e94        0x0 ../SocNiosBSP/\libhal_bsp.a(alt_fstat.o)
 .data          0x0000000000047e94        0x0 ../SocNiosBSP/\libhal_bsp.a(alt_iic.o)
 .data          0x0000000000047e94        0x0 ../SocNiosBSP/\libhal_bsp.a(alt_iic_isr_register.o)
 .data          0x0000000000047e94        0x0 ../SocNiosBSP/\libhal_bsp.a(alt_irq_entry.o)
 .data          0x0000000000047e94        0x0 ../SocNiosBSP/\libhal_bsp.a(alt_irq_handler.o)
 .data          0x0000000000047e94        0x0 ../SocNiosBSP/\libhal_bsp.a(alt_irq_vars.o)
 .data          0x0000000000047e94        0x0 ../SocNiosBSP/\libhal_bsp.a(alt_isatty.o)
 .data          0x0000000000047e94        0x0 ../SocNiosBSP/\libhal_bsp.a(alt_lseek.o)
 .data          0x0000000000047e94        0x0 ../SocNiosBSP/\libhal_bsp.a(alt_main.o)
 .data          0x0000000000047e94        0x0 ../SocNiosBSP/\libhal_bsp.a(alt_malloc_lock.o)
 .data          0x0000000000047e94        0x0 ../SocNiosBSP/\libhal_bsp.a(alt_printf.o)
 .data          0x0000000000047e94        0x0 ../SocNiosBSP/\libhal_bsp.a(alt_putchar.o)
 .data          0x0000000000047e94        0x0 ../SocNiosBSP/\libhal_bsp.a(alt_read.o)
 .data          0x0000000000047e94        0x0 ../SocNiosBSP/\libhal_bsp.a(alt_release_fd.o)
 .data          0x0000000000047e94        0x0 ../SocNiosBSP/\libhal_bsp.a(alt_sbrk.o)
 .data          0x0000000000047e94        0x0 ../SocNiosBSP/\libhal_bsp.a(alt_usleep.o)
 .data          0x0000000000047e94        0x0 ../SocNiosBSP/\libhal_bsp.a(alt_write.o)
 .data          0x0000000000047e94     0x1124 ../SocNiosBSP/\libhal_bsp.a(alt_sys_init.o)
 .data          0x0000000000048fb8        0x0 ../SocNiosBSP/\libhal_bsp.a(altera_avalon_jtag_uart_fd.o)
 .data          0x0000000000048fb8        0x0 ../SocNiosBSP/\libhal_bsp.a(altera_avalon_jtag_uart_init.o)
 .data          0x0000000000048fb8        0x0 ../SocNiosBSP/\libhal_bsp.a(altera_avalon_jtag_uart_ioctl.o)
 .data          0x0000000000048fb8        0x0 ../SocNiosBSP/\libhal_bsp.a(altera_avalon_jtag_uart_read.o)
 .data          0x0000000000048fb8        0x0 ../SocNiosBSP/\libhal_bsp.a(altera_avalon_jtag_uart_write.o)
 .data          0x0000000000048fb8        0x0 ../SocNiosBSP/\libhal_bsp.a(altera_avalon_uart_fd.o)
 .data          0x0000000000048fb8        0x0 ../SocNiosBSP/\libhal_bsp.a(altera_avalon_uart_init.o)
 .data          0x0000000000048fb8        0x0 ../SocNiosBSP/\libhal_bsp.a(altera_avalon_uart_read.o)
 .data          0x0000000000048fb8        0x0 ../SocNiosBSP/\libhal_bsp.a(altera_avalon_uart_write.o)
 .data          0x0000000000048fb8        0x0 ../SocNiosBSP/\libhal_bsp.a(alt_alarm_start.o)
 .data          0x0000000000048fb8        0x0 ../SocNiosBSP/\libhal_bsp.a(alt_busy_sleep.o)
 .data          0x0000000000048fb8        0x0 ../SocNiosBSP/\libhal_bsp.a(alt_dev_llist_insert.o)
 .data          0x0000000000048fb8        0x0 ../SocNiosBSP/\libhal_bsp.a(alt_exception_entry.o)
 .data          0x0000000000048fb8        0x0 ../SocNiosBSP/\libhal_bsp.a(alt_io_redirect.o)
 .data          0x0000000000048fb8        0x0 ../SocNiosBSP/\libhal_bsp.a(alt_open.o)
 .data          0x0000000000048fb8        0x0 ../SocNiosBSP/\libhal_bsp.a(alt_tick.o)
 .data          0x0000000000048fb8        0x0 ../SocNiosBSP/\libhal_bsp.a(altera_nios2_qsys_irq.o)
 .data          0x0000000000048fb8        0x0 ../SocNiosBSP/\libhal_bsp.a(alt_find_dev.o)
 .data          0x0000000000048fb8        0x0 ../SocNiosBSP/\libhal_bsp.a(alt_find_file.o)
 .data          0x0000000000048fb8        0x0 ../SocNiosBSP/\libhal_bsp.a(alt_get_fd.o)
 .data          0x0000000000048fb8        0x0 c:/altera/14.0/nios2eds/bin/gnu/h-x86_64-mingw32/bin/../lib/gcc/nios2-elf/4.7.3/../../../../../H-x86_64-mingw32/nios2-elf/lib/mno-hw-mul\libc.a(lib_a-memcmp.o)
 .data          0x0000000000048fb8        0x0 c:/altera/14.0/nios2eds/bin/gnu/h-x86_64-mingw32/bin/../lib/gcc/nios2-elf/4.7.3/../../../../../H-x86_64-mingw32/nios2-elf/lib/mno-hw-mul\libc.a(lib_a-memcpy.o)
 .data          0x0000000000048fb8        0x0 c:/altera/14.0/nios2eds/bin/gnu/h-x86_64-mingw32/bin/../lib/gcc/nios2-elf/4.7.3/../../../../../H-x86_64-mingw32/nios2-elf/lib/mno-hw-mul\libc.a(lib_a-strlen.o)
                0x0000000000050fb8                _gp = ABSOLUTE ((. + 0x8000))
                0x0000000000050fb8                PROVIDE (gp, _gp)
 *(.rwdata .rwdata.*)
 *(.sdata .sdata.* .gnu.linkonce.s.*)
 .sdata         0x0000000000048fb8       0x14 obj/default/main.o
                0x0000000000048fb8                uart
                0x0000000000048fbc                error
                0x0000000000048fc4                unknown
 .sdata         0x0000000000048fcc        0x8 c:/altera/14.0/nios2eds/bin/gnu/h-x86_64-mingw32/bin/../lib/gcc/nios2-elf/4.7.3/../../../../../H-x86_64-mingw32/nios2-elf/lib/mno-hw-mul\libc.a(lib_a-impure.o)
                0x0000000000048fcc                _global_impure_ptr
                0x0000000000048fd0                _impure_ptr
 .sdata         0x0000000000048fd4        0x8 c:/altera/14.0/nios2eds/bin/gnu/h-x86_64-mingw32/bin/../lib/gcc/nios2-elf/4.7.3/../../../../../H-x86_64-mingw32/nios2-elf/lib/mno-hw-mul\libc.a(lib_a-mallocr.o)
                0x0000000000048fd4                __malloc_sbrk_base
                0x0000000000048fd8                __malloc_trim_threshold
 .sdata         0x0000000000048fdc       0x14 ../SocNiosBSP/\libhal_bsp.a(alt_dev.o)
                0x0000000000048fdc                alt_fs_list
                0x0000000000048fe4                alt_dev_list
                0x0000000000048fec                alt_max_fd
 .sdata         0x0000000000048ff0        0x4 ../SocNiosBSP/\libhal_bsp.a(alt_errno.o)
                0x0000000000048ff0                alt_errno
 .sdata         0x0000000000048ff4        0x4 ../SocNiosBSP/\libhal_bsp.a(alt_irq_vars.o)
                0x0000000000048ff4                alt_priority_mask
 .sdata         0x0000000000048ff8        0x4 ../SocNiosBSP/\libhal_bsp.a(alt_sbrk.o)
 .sdata         0x0000000000048ffc        0x8 ../SocNiosBSP/\libhal_bsp.a(alt_tick.o)
                0x0000000000048ffc                alt_alarm_list
 *(.sdata2 .sdata2.* .gnu.linkonce.s2.*)
                0x0000000000049004                . = ALIGN (0x4)
                0x0000000000049004                _edata = ABSOLUTE (.)
                0x0000000000049004                PROVIDE (edata, ABSOLUTE (.))
                0x0000000000049004                PROVIDE (__ram_rwdata_end, ABSOLUTE (.))
                0x00000000000474e4                PROVIDE (__flash_rwdata_start, LOADADDR (.rwdata))

.bss            0x0000000000049004      0x994
                0x0000000000049004                __bss_start = ABSOLUTE (.)
                0x0000000000049004                PROVIDE (__sbss_start, ABSOLUTE (.))
                0x0000000000049004                PROVIDE (___sbss_start, ABSOLUTE (.))
 *(.dynsbss)
 *(.sbss .sbss.* .gnu.linkonce.sb.*)
 .sbss          0x0000000000049004        0xa obj/default/interrupt_handler_uart.o
                0x0000000000049004                TxHead_1
                0x0000000000049006                TxTail_1
                0x0000000000049008                RxHead_1
                0x000000000004900a                RxTail_1
                0x000000000004900c                received_word
 *fill*         0x000000000004900e        0x2 
 .sbss          0x0000000000049010        0x4 obj/default/main.o
                0x0000000000049010                context_uart0
 .sbss          0x0000000000049014        0xc c:/altera/14.0/nios2eds/bin/gnu/h-x86_64-mingw32/bin/../lib/gcc/nios2-elf/4.7.3/../../../../../H-x86_64-mingw32/nios2-elf/lib/mno-hw-mul\libc.a(lib_a-mallocr.o)
                0x0000000000049014                __malloc_max_total_mem
                0x0000000000049018                __malloc_max_sbrked_mem
                0x000000000004901c                __malloc_top_pad
 .sbss          0x0000000000049020        0x4 c:/altera/14.0/nios2eds/bin/gnu/h-x86_64-mingw32/bin/../lib/gcc/nios2-elf/4.7.3/../../../../../H-x86_64-mingw32/nios2-elf/lib/mno-hw-mul\libc.a(lib_a-int_errno.o)
                0x0000000000049020                errno
 .sbss          0x0000000000049024        0x4 ../SocNiosBSP/\libhal_bsp.a(alt_irq_vars.o)
                0x0000000000049024                alt_irq_active
 .sbss          0x0000000000049028        0xc ../SocNiosBSP/\libhal_bsp.a(alt_main.o)
                0x0000000000049028                alt_argc
                0x000000000004902c                alt_argv
                0x0000000000049030                alt_envp
 .sbss          0x0000000000049034        0x8 ../SocNiosBSP/\libhal_bsp.a(alt_tick.o)
                0x0000000000049034                _alt_tick_rate
                0x0000000000049038                _alt_nticks
 *(.sbss2 .sbss2.* .gnu.linkonce.sb2.*)
 *(.scommon)
                0x000000000004903c                PROVIDE (__sbss_end, ABSOLUTE (.))
                0x000000000004903c                PROVIDE (___sbss_end, ABSOLUTE (.))
 *(.dynbss)
 *(.bss .bss.* .gnu.linkonce.b.*)
 .bss           0x000000000004903c        0x0 ../SocNiosBSP//obj/HAL/src/crt0.o
 .bss           0x000000000004903c        0x0 obj/default/interrupt_handler_uart.o
 .bss           0x000000000004903c        0x0 obj/default/main.o
 .bss           0x000000000004903c        0x0 c:/altera/14.0/nios2eds/bin/gnu/h-x86_64-mingw32/bin/../lib/gcc/nios2-elf/4.7.3/mno-hw-mul\libgcc.a(_div_sf.o)
 .bss           0x000000000004903c        0x0 c:/altera/14.0/nios2eds/bin/gnu/h-x86_64-mingw32/bin/../lib/gcc/nios2-elf/4.7.3/mno-hw-mul\libgcc.a(_sf_to_df.o)
 .bss           0x000000000004903c        0x0 c:/altera/14.0/nios2eds/bin/gnu/h-x86_64-mingw32/bin/../lib/gcc/nios2-elf/4.7.3/mno-hw-mul\libgcc.a(_thenan_sf.o)
 .bss           0x000000000004903c        0x0 c:/altera/14.0/nios2eds/bin/gnu/h-x86_64-mingw32/bin/../lib/gcc/nios2-elf/4.7.3/mno-hw-mul\libgcc.a(_usi_to_sf.o)
 .bss           0x000000000004903c        0x0 c:/altera/14.0/nios2eds/bin/gnu/h-x86_64-mingw32/bin/../lib/gcc/nios2-elf/4.7.3/mno-hw-mul\libgcc.a(_addsub_df.o)
 .bss           0x000000000004903c        0x0 c:/altera/14.0/nios2eds/bin/gnu/h-x86_64-mingw32/bin/../lib/gcc/nios2-elf/4.7.3/mno-hw-mul\libgcc.a(_df_to_si.o)
 .bss           0x000000000004903c        0x0 c:/altera/14.0/nios2eds/bin/gnu/h-x86_64-mingw32/bin/../lib/gcc/nios2-elf/4.7.3/mno-hw-mul\libgcc.a(_make_df.o)
 .bss           0x000000000004903c        0x0 c:/altera/14.0/nios2eds/bin/gnu/h-x86_64-mingw32/bin/../lib/gcc/nios2-elf/4.7.3/mno-hw-mul\libgcc.a(_thenan_df.o)
 .bss           0x000000000004903c        0x0 c:/altera/14.0/nios2eds/bin/gnu/h-x86_64-mingw32/bin/../lib/gcc/nios2-elf/4.7.3/mno-hw-mul\libgcc.a(lib2-divmod.o)
 .bss           0x000000000004903c        0x0 c:/altera/14.0/nios2eds/bin/gnu/h-x86_64-mingw32/bin/../lib/gcc/nios2-elf/4.7.3/mno-hw-mul\libgcc.a(lib2-mul.o)
 .bss           0x000000000004903c        0x0 c:/altera/14.0/nios2eds/bin/gnu/h-x86_64-mingw32/bin/../lib/gcc/nios2-elf/4.7.3/mno-hw-mul\libgcc.a(_clzsi2.o)
 .bss           0x000000000004903c        0x0 c:/altera/14.0/nios2eds/bin/gnu/h-x86_64-mingw32/bin/../lib/gcc/nios2-elf/4.7.3/mno-hw-mul\libgcc.a(_pack_sf.o)
 .bss           0x000000000004903c        0x0 c:/altera/14.0/nios2eds/bin/gnu/h-x86_64-mingw32/bin/../lib/gcc/nios2-elf/4.7.3/mno-hw-mul\libgcc.a(_unpack_sf.o)
 .bss           0x000000000004903c        0x0 c:/altera/14.0/nios2eds/bin/gnu/h-x86_64-mingw32/bin/../lib/gcc/nios2-elf/4.7.3/mno-hw-mul\libgcc.a(_pack_df.o)
 .bss           0x000000000004903c        0x0 c:/altera/14.0/nios2eds/bin/gnu/h-x86_64-mingw32/bin/../lib/gcc/nios2-elf/4.7.3/mno-hw-mul\libgcc.a(_unpack_df.o)
 .bss           0x000000000004903c        0x0 c:/altera/14.0/nios2eds/bin/gnu/h-x86_64-mingw32/bin/../lib/gcc/nios2-elf/4.7.3/mno-hw-mul\libgcc.a(_lshrdi3.o)
 .bss           0x000000000004903c        0x0 c:/altera/14.0/nios2eds/bin/gnu/h-x86_64-mingw32/bin/../lib/gcc/nios2-elf/4.7.3/mno-hw-mul\libgcc.a(_ashldi3.o)
 .bss           0x000000000004903c        0x0 c:/altera/14.0/nios2eds/bin/gnu/h-x86_64-mingw32/bin/../lib/gcc/nios2-elf/4.7.3/mno-hw-mul\libgcc.a(_clz.o)
 .bss           0x000000000004903c        0x0 c:/altera/14.0/nios2eds/bin/gnu/h-x86_64-mingw32/bin/../lib/gcc/nios2-elf/4.7.3/../../../../../H-x86_64-mingw32/nios2-elf/lib/mno-hw-mul\libc.a(lib_a-impure.o)
 .bss           0x000000000004903c        0x0 c:/altera/14.0/nios2eds/bin/gnu/h-x86_64-mingw32/bin/../lib/gcc/nios2-elf/4.7.3/../../../../../H-x86_64-mingw32/nios2-elf/lib/mno-hw-mul\libc.a(lib_a-memset.o)
 .bss           0x000000000004903c        0x0 c:/altera/14.0/nios2eds/bin/gnu/h-x86_64-mingw32/bin/../lib/gcc/nios2-elf/4.7.3/../../../../../H-x86_64-mingw32/nios2-elf/lib/mno-hw-mul\libc.a(lib_a-putc.o)
 .bss           0x000000000004903c        0x0 c:/altera/14.0/nios2eds/bin/gnu/h-x86_64-mingw32/bin/../lib/gcc/nios2-elf/4.7.3/../../../../../H-x86_64-mingw32/nios2-elf/lib/mno-hw-mul\libc.a(lib_a-strncmp.o)
 .bss           0x000000000004903c        0x0 c:/altera/14.0/nios2eds/bin/gnu/h-x86_64-mingw32/bin/../lib/gcc/nios2-elf/4.7.3/../../../../../H-x86_64-mingw32/nios2-elf/lib/mno-hw-mul\libc.a(lib_a-wbuf.o)
 .bss           0x000000000004903c        0x0 c:/altera/14.0/nios2eds/bin/gnu/h-x86_64-mingw32/bin/../lib/gcc/nios2-elf/4.7.3/../../../../../H-x86_64-mingw32/nios2-elf/lib/mno-hw-mul\libc.a(lib_a-wsetup.o)
 .bss           0x000000000004903c        0x0 c:/altera/14.0/nios2eds/bin/gnu/h-x86_64-mingw32/bin/../lib/gcc/nios2-elf/4.7.3/../../../../../H-x86_64-mingw32/nios2-elf/lib/mno-hw-mul\libc.a(lib_a-fflush.o)
 .bss           0x000000000004903c        0x0 c:/altera/14.0/nios2eds/bin/gnu/h-x86_64-mingw32/bin/../lib/gcc/nios2-elf/4.7.3/../../../../../H-x86_64-mingw32/nios2-elf/lib/mno-hw-mul\libc.a(lib_a-findfp.o)
 .bss           0x000000000004903c        0x0 c:/altera/14.0/nios2eds/bin/gnu/h-x86_64-mingw32/bin/../lib/gcc/nios2-elf/4.7.3/../../../../../H-x86_64-mingw32/nios2-elf/lib/mno-hw-mul\libc.a(lib_a-freer.o)
 .bss           0x000000000004903c        0x0 c:/altera/14.0/nios2eds/bin/gnu/h-x86_64-mingw32/bin/../lib/gcc/nios2-elf/4.7.3/../../../../../H-x86_64-mingw32/nios2-elf/lib/mno-hw-mul\libc.a(lib_a-fwalk.o)
 .bss           0x000000000004903c        0x0 c:/altera/14.0/nios2eds/bin/gnu/h-x86_64-mingw32/bin/../lib/gcc/nios2-elf/4.7.3/../../../../../H-x86_64-mingw32/nios2-elf/lib/mno-hw-mul\libc.a(lib_a-makebuf.o)
 .bss           0x000000000004903c       0x28 c:/altera/14.0/nios2eds/bin/gnu/h-x86_64-mingw32/bin/../lib/gcc/nios2-elf/4.7.3/../../../../../H-x86_64-mingw32/nios2-elf/lib/mno-hw-mul\libc.a(lib_a-mallocr.o)
                0x000000000004903c                __malloc_current_mallinfo
 .bss           0x0000000000049064        0x0 c:/altera/14.0/nios2eds/bin/gnu/h-x86_64-mingw32/bin/../lib/gcc/nios2-elf/4.7.3/../../../../../H-x86_64-mingw32/nios2-elf/lib/mno-hw-mul\libc.a(lib_a-sbrkr.o)
 .bss           0x0000000000049064        0x0 c:/altera/14.0/nios2eds/bin/gnu/h-x86_64-mingw32/bin/../lib/gcc/nios2-elf/4.7.3/../../../../../H-x86_64-mingw32/nios2-elf/lib/mno-hw-mul\libc.a(lib_a-stdio.o)
 .bss           0x0000000000049064        0x0 c:/altera/14.0/nios2eds/bin/gnu/h-x86_64-mingw32/bin/../lib/gcc/nios2-elf/4.7.3/../../../../../H-x86_64-mingw32/nios2-elf/lib/mno-hw-mul\libc.a(lib_a-writer.o)
 .bss           0x0000000000049064        0x0 c:/altera/14.0/nios2eds/bin/gnu/h-x86_64-mingw32/bin/../lib/gcc/nios2-elf/4.7.3/../../../../../H-x86_64-mingw32/nios2-elf/lib/mno-hw-mul\libc.a(lib_a-closer.o)
 .bss           0x0000000000049064        0x0 c:/altera/14.0/nios2eds/bin/gnu/h-x86_64-mingw32/bin/../lib/gcc/nios2-elf/4.7.3/../../../../../H-x86_64-mingw32/nios2-elf/lib/mno-hw-mul\libc.a(lib_a-fclose.o)
 .bss           0x0000000000049064        0x0 c:/altera/14.0/nios2eds/bin/gnu/h-x86_64-mingw32/bin/../lib/gcc/nios2-elf/4.7.3/../../../../../H-x86_64-mingw32/nios2-elf/lib/mno-hw-mul\libc.a(lib_a-fstatr.o)
 .bss           0x0000000000049064        0x0 c:/altera/14.0/nios2eds/bin/gnu/h-x86_64-mingw32/bin/../lib/gcc/nios2-elf/4.7.3/../../../../../H-x86_64-mingw32/nios2-elf/lib/mno-hw-mul\libc.a(lib_a-int_errno.o)
 .bss           0x0000000000049064        0x0 c:/altera/14.0/nios2eds/bin/gnu/h-x86_64-mingw32/bin/../lib/gcc/nios2-elf/4.7.3/../../../../../H-x86_64-mingw32/nios2-elf/lib/mno-hw-mul\libc.a(lib_a-isattyr.o)
 .bss           0x0000000000049064        0x0 c:/altera/14.0/nios2eds/bin/gnu/h-x86_64-mingw32/bin/../lib/gcc/nios2-elf/4.7.3/../../../../../H-x86_64-mingw32/nios2-elf/lib/mno-hw-mul\libc.a(lib_a-lseekr.o)
 .bss           0x0000000000049064        0x0 c:/altera/14.0/nios2eds/bin/gnu/h-x86_64-mingw32/bin/../lib/gcc/nios2-elf/4.7.3/../../../../../H-x86_64-mingw32/nios2-elf/lib/mno-hw-mul\libc.a(lib_a-readr.o)
 .bss           0x0000000000049064        0x0 ../SocNiosBSP/\libhal_bsp.a(alt_close.o)
 .bss           0x0000000000049064        0x0 ../SocNiosBSP/\libhal_bsp.a(alt_dev.o)
 .bss           0x0000000000049064        0x0 ../SocNiosBSP/\libhal_bsp.a(alt_errno.o)
 .bss           0x0000000000049064        0x0 ../SocNiosBSP/\libhal_bsp.a(alt_fstat.o)
 .bss           0x0000000000049064        0x0 ../SocNiosBSP/\libhal_bsp.a(alt_iic.o)
 .bss           0x0000000000049064        0x0 ../SocNiosBSP/\libhal_bsp.a(alt_iic_isr_register.o)
 .bss           0x0000000000049064        0x0 ../SocNiosBSP/\libhal_bsp.a(alt_irq_entry.o)
 .bss           0x0000000000049064        0x0 ../SocNiosBSP/\libhal_bsp.a(alt_irq_handler.o)
 .bss           0x0000000000049064        0x0 ../SocNiosBSP/\libhal_bsp.a(alt_irq_vars.o)
 .bss           0x0000000000049064        0x0 ../SocNiosBSP/\libhal_bsp.a(alt_isatty.o)
 .bss           0x0000000000049064        0x0 ../SocNiosBSP/\libhal_bsp.a(alt_lseek.o)
 .bss           0x0000000000049064        0x0 ../SocNiosBSP/\libhal_bsp.a(alt_main.o)
 .bss           0x0000000000049064        0x0 ../SocNiosBSP/\libhal_bsp.a(alt_malloc_lock.o)
 .bss           0x0000000000049064        0x0 ../SocNiosBSP/\libhal_bsp.a(alt_printf.o)
 .bss           0x0000000000049064        0x0 ../SocNiosBSP/\libhal_bsp.a(alt_putchar.o)
 .bss           0x0000000000049064        0x0 ../SocNiosBSP/\libhal_bsp.a(alt_read.o)
 .bss           0x0000000000049064        0x0 ../SocNiosBSP/\libhal_bsp.a(alt_release_fd.o)
 .bss           0x0000000000049064        0x0 ../SocNiosBSP/\libhal_bsp.a(alt_sbrk.o)
 .bss           0x0000000000049064        0x0 ../SocNiosBSP/\libhal_bsp.a(alt_usleep.o)
 .bss           0x0000000000049064        0x0 ../SocNiosBSP/\libhal_bsp.a(alt_write.o)
 .bss           0x0000000000049064        0x0 ../SocNiosBSP/\libhal_bsp.a(alt_sys_init.o)
 .bss           0x0000000000049064        0x0 ../SocNiosBSP/\libhal_bsp.a(altera_avalon_jtag_uart_fd.o)
 .bss           0x0000000000049064        0x0 ../SocNiosBSP/\libhal_bsp.a(altera_avalon_jtag_uart_init.o)
 .bss           0x0000000000049064        0x0 ../SocNiosBSP/\libhal_bsp.a(altera_avalon_jtag_uart_ioctl.o)
 .bss           0x0000000000049064        0x0 ../SocNiosBSP/\libhal_bsp.a(altera_avalon_jtag_uart_read.o)
 .bss           0x0000000000049064        0x0 ../SocNiosBSP/\libhal_bsp.a(altera_avalon_jtag_uart_write.o)
 .bss           0x0000000000049064        0x0 ../SocNiosBSP/\libhal_bsp.a(altera_avalon_uart_fd.o)
 .bss           0x0000000000049064        0x0 ../SocNiosBSP/\libhal_bsp.a(altera_avalon_uart_init.o)
 .bss           0x0000000000049064        0x0 ../SocNiosBSP/\libhal_bsp.a(altera_avalon_uart_read.o)
 .bss           0x0000000000049064        0x0 ../SocNiosBSP/\libhal_bsp.a(altera_avalon_uart_write.o)
 .bss           0x0000000000049064        0x0 ../SocNiosBSP/\libhal_bsp.a(alt_alarm_start.o)
 .bss           0x0000000000049064        0x0 ../SocNiosBSP/\libhal_bsp.a(alt_busy_sleep.o)
 .bss           0x0000000000049064        0x0 ../SocNiosBSP/\libhal_bsp.a(alt_dev_llist_insert.o)
 .bss           0x0000000000049064        0x0 ../SocNiosBSP/\libhal_bsp.a(alt_exception_entry.o)
 .bss           0x0000000000049064        0x0 ../SocNiosBSP/\libhal_bsp.a(alt_io_redirect.o)
 .bss           0x0000000000049064        0x0 ../SocNiosBSP/\libhal_bsp.a(alt_open.o)
 .bss           0x0000000000049064        0x0 ../SocNiosBSP/\libhal_bsp.a(alt_tick.o)
 .bss           0x0000000000049064        0x0 ../SocNiosBSP/\libhal_bsp.a(altera_nios2_qsys_irq.o)
 .bss           0x0000000000049064        0x0 ../SocNiosBSP/\libhal_bsp.a(alt_find_dev.o)
 .bss           0x0000000000049064        0x0 ../SocNiosBSP/\libhal_bsp.a(alt_find_file.o)
 .bss           0x0000000000049064        0x0 ../SocNiosBSP/\libhal_bsp.a(alt_get_fd.o)
 .bss           0x0000000000049064        0x0 c:/altera/14.0/nios2eds/bin/gnu/h-x86_64-mingw32/bin/../lib/gcc/nios2-elf/4.7.3/../../../../../H-x86_64-mingw32/nios2-elf/lib/mno-hw-mul\libc.a(lib_a-memcmp.o)
 .bss           0x0000000000049064        0x0 c:/altera/14.0/nios2eds/bin/gnu/h-x86_64-mingw32/bin/../lib/gcc/nios2-elf/4.7.3/../../../../../H-x86_64-mingw32/nios2-elf/lib/mno-hw-mul\libc.a(lib_a-memcpy.o)
 .bss           0x0000000000049064        0x0 c:/altera/14.0/nios2eds/bin/gnu/h-x86_64-mingw32/bin/../lib/gcc/nios2-elf/4.7.3/../../../../../H-x86_64-mingw32/nios2-elf/lib/mno-hw-mul\libc.a(lib_a-strlen.o)
 *(COMMON)
 COMMON         0x0000000000049064      0x800 obj/default/interrupt_handler_uart.o
                0x0000000000049064                rx_buffer_1
                0x0000000000049464                tx_buffer_1
 COMMON         0x0000000000049864       0x32 obj/default/main.o
                0x0000000000049864                buffer
 *fill*         0x0000000000049896        0x2 
 COMMON         0x0000000000049898      0x100 ../SocNiosBSP/\libhal_bsp.a(alt_irq_handler.o)
                0x0000000000049898                alt_irq
                0x0000000000049998                . = ALIGN (0x4)
                0x0000000000049998                __bss_end = ABSOLUTE (.)

.data_memory    0x0000000000000000        0x0
                0x0000000000000000                PROVIDE (_alt_partition_data_memory_start, ABSOLUTE (.))
 *(.data_memory .data_memory. data_memory.*)
                0x0000000000000000                . = ALIGN (0x4)
                0x0000000000000000                PROVIDE (_alt_partition_data_memory_end, ABSOLUTE (.))
                0x0000000000000000                PROVIDE (_alt_partition_data_memory_load_addr, LOADADDR (.data_memory))

.cpu_memory     0x0000000000049998        0x0
                0x0000000000049998                PROVIDE (_alt_partition_cpu_memory_start, ABSOLUTE (.))
 *(.cpu_memory .cpu_memory. cpu_memory.*)
                0x0000000000049998                . = ALIGN (0x4)
                0x0000000000049998                PROVIDE (_alt_partition_cpu_memory_end, ABSOLUTE (.))
                0x0000000000049998                _end = ABSOLUTE (.)
                0x0000000000049998                end = ABSOLUTE (.)
                0x0000000000049998                __alt_stack_base = ABSOLUTE (.)
                0x0000000000049998                PROVIDE (_alt_partition_cpu_memory_load_addr, LOADADDR (.cpu_memory))

.stab
 *(.stab)

.stabstr
 *(.stabstr)

.stab.excl
 *(.stab.excl)

.stab.exclstr
 *(.stab.exclstr)

.stab.index
 *(.stab.index)

.stab.indexstr
 *(.stab.indexstr)

.comment        0x0000000000000000       0x46
 *(.comment)
 .comment       0x0000000000000000       0x23 obj/default/interrupt_handler_uart.o
                                         0x24 (size before relaxing)
 .comment       0x0000000000000000       0x24 obj/default/main.o
 .comment       0x0000000000000000       0x24 c:/altera/14.0/nios2eds/bin/gnu/h-x86_64-mingw32/bin/../lib/gcc/nios2-elf/4.7.3/mno-hw-mul\libgcc.a(_div_sf.o)
 .comment       0x0000000000000000       0x24 c:/altera/14.0/nios2eds/bin/gnu/h-x86_64-mingw32/bin/../lib/gcc/nios2-elf/4.7.3/mno-hw-mul\libgcc.a(_sf_to_df.o)
 .comment       0x0000000000000000       0x24 c:/altera/14.0/nios2eds/bin/gnu/h-x86_64-mingw32/bin/../lib/gcc/nios2-elf/4.7.3/mno-hw-mul\libgcc.a(_thenan_sf.o)
 .comment       0x0000000000000000       0x24 c:/altera/14.0/nios2eds/bin/gnu/h-x86_64-mingw32/bin/../lib/gcc/nios2-elf/4.7.3/mno-hw-mul\libgcc.a(_usi_to_sf.o)
 .comment       0x0000000000000000       0x24 c:/altera/14.0/nios2eds/bin/gnu/h-x86_64-mingw32/bin/../lib/gcc/nios2-elf/4.7.3/mno-hw-mul\libgcc.a(_addsub_df.o)
 .comment       0x0000000000000000       0x24 c:/altera/14.0/nios2eds/bin/gnu/h-x86_64-mingw32/bin/../lib/gcc/nios2-elf/4.7.3/mno-hw-mul\libgcc.a(_df_to_si.o)
 .comment       0x0000000000000000       0x24 c:/altera/14.0/nios2eds/bin/gnu/h-x86_64-mingw32/bin/../lib/gcc/nios2-elf/4.7.3/mno-hw-mul\libgcc.a(_make_df.o)
 .comment       0x0000000000000000       0x24 c:/altera/14.0/nios2eds/bin/gnu/h-x86_64-mingw32/bin/../lib/gcc/nios2-elf/4.7.3/mno-hw-mul\libgcc.a(_thenan_df.o)
 .comment       0x0000000000000000       0x24 c:/altera/14.0/nios2eds/bin/gnu/h-x86_64-mingw32/bin/../lib/gcc/nios2-elf/4.7.3/mno-hw-mul\libgcc.a(lib2-divmod.o)
 .comment       0x0000000000000000       0x24 c:/altera/14.0/nios2eds/bin/gnu/h-x86_64-mingw32/bin/../lib/gcc/nios2-elf/4.7.3/mno-hw-mul\libgcc.a(lib2-mul.o)
 .comment       0x0000000000000000       0x24 c:/altera/14.0/nios2eds/bin/gnu/h-x86_64-mingw32/bin/../lib/gcc/nios2-elf/4.7.3/mno-hw-mul\libgcc.a(_clzsi2.o)
 .comment       0x0000000000000000       0x24 c:/altera/14.0/nios2eds/bin/gnu/h-x86_64-mingw32/bin/../lib/gcc/nios2-elf/4.7.3/mno-hw-mul\libgcc.a(_pack_sf.o)
 .comment       0x0000000000000000       0x24 c:/altera/14.0/nios2eds/bin/gnu/h-x86_64-mingw32/bin/../lib/gcc/nios2-elf/4.7.3/mno-hw-mul\libgcc.a(_unpack_sf.o)
 .comment       0x0000000000000000       0x24 c:/altera/14.0/nios2eds/bin/gnu/h-x86_64-mingw32/bin/../lib/gcc/nios2-elf/4.7.3/mno-hw-mul\libgcc.a(_pack_df.o)
 .comment       0x0000000000000000       0x24 c:/altera/14.0/nios2eds/bin/gnu/h-x86_64-mingw32/bin/../lib/gcc/nios2-elf/4.7.3/mno-hw-mul\libgcc.a(_unpack_df.o)
 .comment       0x0000000000000000       0x24 c:/altera/14.0/nios2eds/bin/gnu/h-x86_64-mingw32/bin/../lib/gcc/nios2-elf/4.7.3/mno-hw-mul\libgcc.a(_lshrdi3.o)
 .comment       0x0000000000000000       0x24 c:/altera/14.0/nios2eds/bin/gnu/h-x86_64-mingw32/bin/../lib/gcc/nios2-elf/4.7.3/mno-hw-mul\libgcc.a(_ashldi3.o)
 .comment       0x0000000000000000       0x24 c:/altera/14.0/nios2eds/bin/gnu/h-x86_64-mingw32/bin/../lib/gcc/nios2-elf/4.7.3/mno-hw-mul\libgcc.a(_clz.o)
 .comment       0x0000000000000000       0x24 c:/altera/14.0/nios2eds/bin/gnu/h-x86_64-mingw32/bin/../lib/gcc/nios2-elf/4.7.3/../../../../../H-x86_64-mingw32/nios2-elf/lib/mno-hw-mul\libc.a(lib_a-impure.o)
 .comment       0x0000000000000000       0x24 c:/altera/14.0/nios2eds/bin/gnu/h-x86_64-mingw32/bin/../lib/gcc/nios2-elf/4.7.3/../../../../../H-x86_64-mingw32/nios2-elf/lib/mno-hw-mul\libc.a(lib_a-memset.o)
 .comment       0x0000000000000000       0x24 c:/altera/14.0/nios2eds/bin/gnu/h-x86_64-mingw32/bin/../lib/gcc/nios2-elf/4.7.3/../../../../../H-x86_64-mingw32/nios2-elf/lib/mno-hw-mul\libc.a(lib_a-putc.o)
 .comment       0x0000000000000000       0x24 c:/altera/14.0/nios2eds/bin/gnu/h-x86_64-mingw32/bin/../lib/gcc/nios2-elf/4.7.3/../../../../../H-x86_64-mingw32/nios2-elf/lib/mno-hw-mul\libc.a(lib_a-strncmp.o)
 .comment       0x0000000000000000       0x24 c:/altera/14.0/nios2eds/bin/gnu/h-x86_64-mingw32/bin/../lib/gcc/nios2-elf/4.7.3/../../../../../H-x86_64-mingw32/nios2-elf/lib/mno-hw-mul\libc.a(lib_a-wbuf.o)
 .comment       0x0000000000000000       0x24 c:/altera/14.0/nios2eds/bin/gnu/h-x86_64-mingw32/bin/../lib/gcc/nios2-elf/4.7.3/../../../../../H-x86_64-mingw32/nios2-elf/lib/mno-hw-mul\libc.a(lib_a-wsetup.o)
 .comment       0x0000000000000000       0x24 c:/altera/14.0/nios2eds/bin/gnu/h-x86_64-mingw32/bin/../lib/gcc/nios2-elf/4.7.3/../../../../../H-x86_64-mingw32/nios2-elf/lib/mno-hw-mul\libc.a(lib_a-fflush.o)
 .comment       0x0000000000000000       0x24 c:/altera/14.0/nios2eds/bin/gnu/h-x86_64-mingw32/bin/../lib/gcc/nios2-elf/4.7.3/../../../../../H-x86_64-mingw32/nios2-elf/lib/mno-hw-mul\libc.a(lib_a-findfp.o)
 .comment       0x0000000000000000       0x24 c:/altera/14.0/nios2eds/bin/gnu/h-x86_64-mingw32/bin/../lib/gcc/nios2-elf/4.7.3/../../../../../H-x86_64-mingw32/nios2-elf/lib/mno-hw-mul\libc.a(lib_a-freer.o)
 .comment       0x0000000000000000       0x24 c:/altera/14.0/nios2eds/bin/gnu/h-x86_64-mingw32/bin/../lib/gcc/nios2-elf/4.7.3/../../../../../H-x86_64-mingw32/nios2-elf/lib/mno-hw-mul\libc.a(lib_a-fwalk.o)
 .comment       0x0000000000000000       0x24 c:/altera/14.0/nios2eds/bin/gnu/h-x86_64-mingw32/bin/../lib/gcc/nios2-elf/4.7.3/../../../../../H-x86_64-mingw32/nios2-elf/lib/mno-hw-mul\libc.a(lib_a-makebuf.o)
 .comment       0x0000000000000000       0x24 c:/altera/14.0/nios2eds/bin/gnu/h-x86_64-mingw32/bin/../lib/gcc/nios2-elf/4.7.3/../../../../../H-x86_64-mingw32/nios2-elf/lib/mno-hw-mul\libc.a(lib_a-mallocr.o)
 .comment       0x0000000000000000       0x24 c:/altera/14.0/nios2eds/bin/gnu/h-x86_64-mingw32/bin/../lib/gcc/nios2-elf/4.7.3/../../../../../H-x86_64-mingw32/nios2-elf/lib/mno-hw-mul\libc.a(lib_a-sbrkr.o)
 .comment       0x0000000000000000       0x24 c:/altera/14.0/nios2eds/bin/gnu/h-x86_64-mingw32/bin/../lib/gcc/nios2-elf/4.7.3/../../../../../H-x86_64-mingw32/nios2-elf/lib/mno-hw-mul\libc.a(lib_a-stdio.o)
 .comment       0x0000000000000000       0x24 c:/altera/14.0/nios2eds/bin/gnu/h-x86_64-mingw32/bin/../lib/gcc/nios2-elf/4.7.3/../../../../../H-x86_64-mingw32/nios2-elf/lib/mno-hw-mul\libc.a(lib_a-writer.o)
 .comment       0x0000000000000000       0x24 c:/altera/14.0/nios2eds/bin/gnu/h-x86_64-mingw32/bin/../lib/gcc/nios2-elf/4.7.3/../../../../../H-x86_64-mingw32/nios2-elf/lib/mno-hw-mul\libc.a(lib_a-closer.o)
 .comment       0x0000000000000000       0x24 c:/altera/14.0/nios2eds/bin/gnu/h-x86_64-mingw32/bin/../lib/gcc/nios2-elf/4.7.3/../../../../../H-x86_64-mingw32/nios2-elf/lib/mno-hw-mul\libc.a(lib_a-fclose.o)
 .comment       0x0000000000000000       0x24 c:/altera/14.0/nios2eds/bin/gnu/h-x86_64-mingw32/bin/../lib/gcc/nios2-elf/4.7.3/../../../../../H-x86_64-mingw32/nios2-elf/lib/mno-hw-mul\libc.a(lib_a-fstatr.o)
 .comment       0x0000000000000000       0x24 c:/altera/14.0/nios2eds/bin/gnu/h-x86_64-mingw32/bin/../lib/gcc/nios2-elf/4.7.3/../../../../../H-x86_64-mingw32/nios2-elf/lib/mno-hw-mul\libc.a(lib_a-int_errno.o)
 .comment       0x0000000000000000       0x24 c:/altera/14.0/nios2eds/bin/gnu/h-x86_64-mingw32/bin/../lib/gcc/nios2-elf/4.7.3/../../../../../H-x86_64-mingw32/nios2-elf/lib/mno-hw-mul\libc.a(lib_a-isattyr.o)
 .comment       0x0000000000000000       0x24 c:/altera/14.0/nios2eds/bin/gnu/h-x86_64-mingw32/bin/../lib/gcc/nios2-elf/4.7.3/../../../../../H-x86_64-mingw32/nios2-elf/lib/mno-hw-mul\libc.a(lib_a-lseekr.o)
 .comment       0x0000000000000000       0x24 c:/altera/14.0/nios2eds/bin/gnu/h-x86_64-mingw32/bin/../lib/gcc/nios2-elf/4.7.3/../../../../../H-x86_64-mingw32/nios2-elf/lib/mno-hw-mul\libc.a(lib_a-readr.o)
 .comment       0x0000000000000000       0x24 ../SocNiosBSP/\libhal_bsp.a(alt_close.o)
 .comment       0x0000000000000000       0x24 ../SocNiosBSP/\libhal_bsp.a(alt_dev.o)
 .comment       0x0000000000000023       0x23 ../SocNiosBSP/\libhal_bsp.a(alt_errno.o)
                                         0x24 (size before relaxing)
 .comment       0x0000000000000000       0x24 ../SocNiosBSP/\libhal_bsp.a(alt_fstat.o)
 .comment       0x0000000000000000       0x24 ../SocNiosBSP/\libhal_bsp.a(alt_iic.o)
 .comment       0x0000000000000000       0x24 ../SocNiosBSP/\libhal_bsp.a(alt_iic_isr_register.o)
 .comment       0x0000000000000000       0x24 ../SocNiosBSP/\libhal_bsp.a(alt_irq_handler.o)
 .comment       0x0000000000000000       0x24 ../SocNiosBSP/\libhal_bsp.a(alt_irq_vars.o)
 .comment       0x0000000000000000       0x24 ../SocNiosBSP/\libhal_bsp.a(alt_isatty.o)
 .comment       0x0000000000000000       0x24 ../SocNiosBSP/\libhal_bsp.a(alt_lseek.o)
 .comment       0x0000000000000000       0x24 ../SocNiosBSP/\libhal_bsp.a(alt_main.o)
 .comment       0x0000000000000000       0x24 ../SocNiosBSP/\libhal_bsp.a(alt_malloc_lock.o)
 .comment       0x0000000000000000       0x24 ../SocNiosBSP/\libhal_bsp.a(alt_printf.o)
 .comment       0x0000000000000000       0x24 ../SocNiosBSP/\libhal_bsp.a(alt_putchar.o)
 .comment       0x0000000000000000       0x24 ../SocNiosBSP/\libhal_bsp.a(alt_read.o)
 .comment       0x0000000000000000       0x24 ../SocNiosBSP/\libhal_bsp.a(alt_release_fd.o)
 .comment       0x0000000000000000       0x24 ../SocNiosBSP/\libhal_bsp.a(alt_sbrk.o)
 .comment       0x0000000000000000       0x24 ../SocNiosBSP/\libhal_bsp.a(alt_usleep.o)
 .comment       0x0000000000000000       0x24 ../SocNiosBSP/\libhal_bsp.a(alt_write.o)
 .comment       0x0000000000000000       0x24 ../SocNiosBSP/\libhal_bsp.a(alt_sys_init.o)
 .comment       0x0000000000000000       0x24 ../SocNiosBSP/\libhal_bsp.a(altera_avalon_jtag_uart_fd.o)
 .comment       0x0000000000000000       0x24 ../SocNiosBSP/\libhal_bsp.a(altera_avalon_jtag_uart_init.o)
 .comment       0x0000000000000000       0x24 ../SocNiosBSP/\libhal_bsp.a(altera_avalon_jtag_uart_ioctl.o)
 .comment       0x0000000000000000       0x24 ../SocNiosBSP/\libhal_bsp.a(altera_avalon_jtag_uart_read.o)
 .comment       0x0000000000000000       0x24 ../SocNiosBSP/\libhal_bsp.a(altera_avalon_jtag_uart_write.o)
 .comment       0x0000000000000000       0x24 ../SocNiosBSP/\libhal_bsp.a(altera_avalon_uart_fd.o)
 .comment       0x0000000000000000       0x24 ../SocNiosBSP/\libhal_bsp.a(altera_avalon_uart_init.o)
 .comment       0x0000000000000000       0x24 ../SocNiosBSP/\libhal_bsp.a(altera_avalon_uart_read.o)
 .comment       0x0000000000000000       0x24 ../SocNiosBSP/\libhal_bsp.a(altera_avalon_uart_write.o)
 .comment       0x0000000000000000       0x24 ../SocNiosBSP/\libhal_bsp.a(alt_alarm_start.o)
 .comment       0x0000000000000000       0x24 ../SocNiosBSP/\libhal_bsp.a(alt_busy_sleep.o)
 .comment       0x0000000000000000       0x24 ../SocNiosBSP/\libhal_bsp.a(alt_dev_llist_insert.o)
 .comment       0x0000000000000000       0x24 ../SocNiosBSP/\libhal_bsp.a(alt_io_redirect.o)
 .comment       0x0000000000000000       0x24 ../SocNiosBSP/\libhal_bsp.a(alt_open.o)
 .comment       0x0000000000000000       0x24 ../SocNiosBSP/\libhal_bsp.a(alt_tick.o)
 .comment       0x0000000000000000       0x24 ../SocNiosBSP/\libhal_bsp.a(altera_nios2_qsys_irq.o)
 .comment       0x0000000000000000       0x24 ../SocNiosBSP/\libhal_bsp.a(alt_find_dev.o)
 .comment       0x0000000000000000       0x24 ../SocNiosBSP/\libhal_bsp.a(alt_find_file.o)
 .comment       0x0000000000000000       0x24 ../SocNiosBSP/\libhal_bsp.a(alt_get_fd.o)
 .comment       0x0000000000000000       0x24 c:/altera/14.0/nios2eds/bin/gnu/h-x86_64-mingw32/bin/../lib/gcc/nios2-elf/4.7.3/../../../../../H-x86_64-mingw32/nios2-elf/lib/mno-hw-mul\libc.a(lib_a-memcmp.o)
 .comment       0x0000000000000000       0x24 c:/altera/14.0/nios2eds/bin/gnu/h-x86_64-mingw32/bin/../lib/gcc/nios2-elf/4.7.3/../../../../../H-x86_64-mingw32/nios2-elf/lib/mno-hw-mul\libc.a(lib_a-memcpy.o)
 .comment       0x0000000000000000       0x24 c:/altera/14.0/nios2eds/bin/gnu/h-x86_64-mingw32/bin/../lib/gcc/nios2-elf/4.7.3/../../../../../H-x86_64-mingw32/nios2-elf/lib/mno-hw-mul\libc.a(lib_a-strlen.o)

.debug
 *(.debug)

.line
 *(.line)

.debug_srcinfo
 *(.debug_srcinfo)

.debug_sfnames
 *(.debug_sfnames)

.debug_aranges  0x0000000000000000      0xad0
 *(.debug_aranges)
 .debug_aranges
                0x0000000000000000       0x20 ../SocNiosBSP//obj/HAL/src/crt0.o
 .debug_aranges
                0x0000000000000020       0x20 obj/default/interrupt_handler_uart.o
 .debug_aranges
                0x0000000000000040       0x20 obj/default/main.o
 .debug_aranges
                0x0000000000000060       0x20 c:/altera/14.0/nios2eds/bin/gnu/h-x86_64-mingw32/bin/../lib/gcc/nios2-elf/4.7.3/mno-hw-mul\libgcc.a(_div_sf.o)
 .debug_aranges
                0x0000000000000080       0x20 c:/altera/14.0/nios2eds/bin/gnu/h-x86_64-mingw32/bin/../lib/gcc/nios2-elf/4.7.3/mno-hw-mul\libgcc.a(_sf_to_df.o)
 .debug_aranges
                0x00000000000000a0       0x18 c:/altera/14.0/nios2eds/bin/gnu/h-x86_64-mingw32/bin/../lib/gcc/nios2-elf/4.7.3/mno-hw-mul\libgcc.a(_thenan_sf.o)
 .debug_aranges
                0x00000000000000b8       0x20 c:/altera/14.0/nios2eds/bin/gnu/h-x86_64-mingw32/bin/../lib/gcc/nios2-elf/4.7.3/mno-hw-mul\libgcc.a(_usi_to_sf.o)
 .debug_aranges
                0x00000000000000d8       0x20 c:/altera/14.0/nios2eds/bin/gnu/h-x86_64-mingw32/bin/../lib/gcc/nios2-elf/4.7.3/mno-hw-mul\libgcc.a(_addsub_df.o)
 .debug_aranges
                0x00000000000000f8       0x20 c:/altera/14.0/nios2eds/bin/gnu/h-x86_64-mingw32/bin/../lib/gcc/nios2-elf/4.7.3/mno-hw-mul\libgcc.a(_df_to_si.o)
 .debug_aranges
                0x0000000000000118       0x20 c:/altera/14.0/nios2eds/bin/gnu/h-x86_64-mingw32/bin/../lib/gcc/nios2-elf/4.7.3/mno-hw-mul\libgcc.a(_make_df.o)
 .debug_aranges
                0x0000000000000138       0x18 c:/altera/14.0/nios2eds/bin/gnu/h-x86_64-mingw32/bin/../lib/gcc/nios2-elf/4.7.3/mno-hw-mul\libgcc.a(_thenan_df.o)
 .debug_aranges
                0x0000000000000150       0x20 c:/altera/14.0/nios2eds/bin/gnu/h-x86_64-mingw32/bin/../lib/gcc/nios2-elf/4.7.3/mno-hw-mul\libgcc.a(lib2-divmod.o)
 .debug_aranges
                0x0000000000000170       0x20 c:/altera/14.0/nios2eds/bin/gnu/h-x86_64-mingw32/bin/../lib/gcc/nios2-elf/4.7.3/mno-hw-mul\libgcc.a(lib2-mul.o)
 .debug_aranges
                0x0000000000000190       0x20 c:/altera/14.0/nios2eds/bin/gnu/h-x86_64-mingw32/bin/../lib/gcc/nios2-elf/4.7.3/mno-hw-mul\libgcc.a(_clzsi2.o)
 .debug_aranges
                0x00000000000001b0       0x20 c:/altera/14.0/nios2eds/bin/gnu/h-x86_64-mingw32/bin/../lib/gcc/nios2-elf/4.7.3/mno-hw-mul\libgcc.a(_pack_sf.o)
 .debug_aranges
                0x00000000000001d0       0x20 c:/altera/14.0/nios2eds/bin/gnu/h-x86_64-mingw32/bin/../lib/gcc/nios2-elf/4.7.3/mno-hw-mul\libgcc.a(_unpack_sf.o)
 .debug_aranges
                0x00000000000001f0       0x20 c:/altera/14.0/nios2eds/bin/gnu/h-x86_64-mingw32/bin/../lib/gcc/nios2-elf/4.7.3/mno-hw-mul\libgcc.a(_pack_df.o)
 .debug_aranges
                0x0000000000000210       0x20 c:/altera/14.0/nios2eds/bin/gnu/h-x86_64-mingw32/bin/../lib/gcc/nios2-elf/4.7.3/mno-hw-mul\libgcc.a(_unpack_df.o)
 .debug_aranges
                0x0000000000000230       0x20 c:/altera/14.0/nios2eds/bin/gnu/h-x86_64-mingw32/bin/../lib/gcc/nios2-elf/4.7.3/mno-hw-mul\libgcc.a(_lshrdi3.o)
 .debug_aranges
                0x0000000000000250       0x20 c:/altera/14.0/nios2eds/bin/gnu/h-x86_64-mingw32/bin/../lib/gcc/nios2-elf/4.7.3/mno-hw-mul\libgcc.a(_ashldi3.o)
 .debug_aranges
                0x0000000000000270       0x18 c:/altera/14.0/nios2eds/bin/gnu/h-x86_64-mingw32/bin/../lib/gcc/nios2-elf/4.7.3/mno-hw-mul\libgcc.a(_clz.o)
 .debug_aranges
                0x0000000000000288       0x18 c:/altera/14.0/nios2eds/bin/gnu/h-x86_64-mingw32/bin/../lib/gcc/nios2-elf/4.7.3/../../../../../H-x86_64-mingw32/nios2-elf/lib/mno-hw-mul\libc.a(lib_a-impure.o)
 .debug_aranges
                0x00000000000002a0       0x20 c:/altera/14.0/nios2eds/bin/gnu/h-x86_64-mingw32/bin/../lib/gcc/nios2-elf/4.7.3/../../../../../H-x86_64-mingw32/nios2-elf/lib/mno-hw-mul\libc.a(lib_a-memset.o)
 .debug_aranges
                0x00000000000002c0       0x20 c:/altera/14.0/nios2eds/bin/gnu/h-x86_64-mingw32/bin/../lib/gcc/nios2-elf/4.7.3/../../../../../H-x86_64-mingw32/nios2-elf/lib/mno-hw-mul\libc.a(lib_a-putc.o)
 .debug_aranges
                0x00000000000002e0       0x20 c:/altera/14.0/nios2eds/bin/gnu/h-x86_64-mingw32/bin/../lib/gcc/nios2-elf/4.7.3/../../../../../H-x86_64-mingw32/nios2-elf/lib/mno-hw-mul\libc.a(lib_a-strncmp.o)
 .debug_aranges
                0x0000000000000300       0x20 c:/altera/14.0/nios2eds/bin/gnu/h-x86_64-mingw32/bin/../lib/gcc/nios2-elf/4.7.3/../../../../../H-x86_64-mingw32/nios2-elf/lib/mno-hw-mul\libc.a(lib_a-wbuf.o)
 .debug_aranges
                0x0000000000000320       0x20 c:/altera/14.0/nios2eds/bin/gnu/h-x86_64-mingw32/bin/../lib/gcc/nios2-elf/4.7.3/../../../../../H-x86_64-mingw32/nios2-elf/lib/mno-hw-mul\libc.a(lib_a-wsetup.o)
 .debug_aranges
                0x0000000000000340       0x20 c:/altera/14.0/nios2eds/bin/gnu/h-x86_64-mingw32/bin/../lib/gcc/nios2-elf/4.7.3/../../../../../H-x86_64-mingw32/nios2-elf/lib/mno-hw-mul\libc.a(lib_a-fflush.o)
 .debug_aranges
                0x0000000000000360       0x20 c:/altera/14.0/nios2eds/bin/gnu/h-x86_64-mingw32/bin/../lib/gcc/nios2-elf/4.7.3/../../../../../H-x86_64-mingw32/nios2-elf/lib/mno-hw-mul\libc.a(lib_a-findfp.o)
 .debug_aranges
                0x0000000000000380       0x20 c:/altera/14.0/nios2eds/bin/gnu/h-x86_64-mingw32/bin/../lib/gcc/nios2-elf/4.7.3/../../../../../H-x86_64-mingw32/nios2-elf/lib/mno-hw-mul\libc.a(lib_a-freer.o)
 .debug_aranges
                0x00000000000003a0       0x20 c:/altera/14.0/nios2eds/bin/gnu/h-x86_64-mingw32/bin/../lib/gcc/nios2-elf/4.7.3/../../../../../H-x86_64-mingw32/nios2-elf/lib/mno-hw-mul\libc.a(lib_a-fwalk.o)
 .debug_aranges
                0x00000000000003c0       0x20 c:/altera/14.0/nios2eds/bin/gnu/h-x86_64-mingw32/bin/../lib/gcc/nios2-elf/4.7.3/../../../../../H-x86_64-mingw32/nios2-elf/lib/mno-hw-mul\libc.a(lib_a-makebuf.o)
 .debug_aranges
                0x00000000000003e0       0x20 c:/altera/14.0/nios2eds/bin/gnu/h-x86_64-mingw32/bin/../lib/gcc/nios2-elf/4.7.3/../../../../../H-x86_64-mingw32/nios2-elf/lib/mno-hw-mul\libc.a(lib_a-mallocr.o)
 .debug_aranges
                0x0000000000000400       0x20 c:/altera/14.0/nios2eds/bin/gnu/h-x86_64-mingw32/bin/../lib/gcc/nios2-elf/4.7.3/../../../../../H-x86_64-mingw32/nios2-elf/lib/mno-hw-mul\libc.a(lib_a-sbrkr.o)
 .debug_aranges
                0x0000000000000420       0x20 c:/altera/14.0/nios2eds/bin/gnu/h-x86_64-mingw32/bin/../lib/gcc/nios2-elf/4.7.3/../../../../../H-x86_64-mingw32/nios2-elf/lib/mno-hw-mul\libc.a(lib_a-stdio.o)
 .debug_aranges
                0x0000000000000440       0x20 c:/altera/14.0/nios2eds/bin/gnu/h-x86_64-mingw32/bin/../lib/gcc/nios2-elf/4.7.3/../../../../../H-x86_64-mingw32/nios2-elf/lib/mno-hw-mul\libc.a(lib_a-writer.o)
 .debug_aranges
                0x0000000000000460       0x20 c:/altera/14.0/nios2eds/bin/gnu/h-x86_64-mingw32/bin/../lib/gcc/nios2-elf/4.7.3/../../../../../H-x86_64-mingw32/nios2-elf/lib/mno-hw-mul\libc.a(lib_a-closer.o)
 .debug_aranges
                0x0000000000000480       0x20 c:/altera/14.0/nios2eds/bin/gnu/h-x86_64-mingw32/bin/../lib/gcc/nios2-elf/4.7.3/../../../../../H-x86_64-mingw32/nios2-elf/lib/mno-hw-mul\libc.a(lib_a-fclose.o)
 .debug_aranges
                0x00000000000004a0       0x20 c:/altera/14.0/nios2eds/bin/gnu/h-x86_64-mingw32/bin/../lib/gcc/nios2-elf/4.7.3/../../../../../H-x86_64-mingw32/nios2-elf/lib/mno-hw-mul\libc.a(lib_a-fstatr.o)
 .debug_aranges
                0x00000000000004c0       0x18 c:/altera/14.0/nios2eds/bin/gnu/h-x86_64-mingw32/bin/../lib/gcc/nios2-elf/4.7.3/../../../../../H-x86_64-mingw32/nios2-elf/lib/mno-hw-mul\libc.a(lib_a-int_errno.o)
 .debug_aranges
                0x00000000000004d8       0x20 c:/altera/14.0/nios2eds/bin/gnu/h-x86_64-mingw32/bin/../lib/gcc/nios2-elf/4.7.3/../../../../../H-x86_64-mingw32/nios2-elf/lib/mno-hw-mul\libc.a(lib_a-isattyr.o)
 .debug_aranges
                0x00000000000004f8       0x20 c:/altera/14.0/nios2eds/bin/gnu/h-x86_64-mingw32/bin/../lib/gcc/nios2-elf/4.7.3/../../../../../H-x86_64-mingw32/nios2-elf/lib/mno-hw-mul\libc.a(lib_a-lseekr.o)
 .debug_aranges
                0x0000000000000518       0x20 c:/altera/14.0/nios2eds/bin/gnu/h-x86_64-mingw32/bin/../lib/gcc/nios2-elf/4.7.3/../../../../../H-x86_64-mingw32/nios2-elf/lib/mno-hw-mul\libc.a(lib_a-readr.o)
 .debug_aranges
                0x0000000000000538       0x20 ../SocNiosBSP/\libhal_bsp.a(alt_close.o)
 .debug_aranges
                0x0000000000000558       0x20 ../SocNiosBSP/\libhal_bsp.a(alt_dev.o)
 .debug_aranges
                0x0000000000000578       0x18 ../SocNiosBSP/\libhal_bsp.a(alt_errno.o)
 .debug_aranges
                0x0000000000000590       0x20 ../SocNiosBSP/\libhal_bsp.a(alt_fstat.o)
 .debug_aranges
                0x00000000000005b0       0x20 ../SocNiosBSP/\libhal_bsp.a(alt_iic.o)
 .debug_aranges
                0x00000000000005d0       0x20 ../SocNiosBSP/\libhal_bsp.a(alt_iic_isr_register.o)
 .debug_aranges
                0x00000000000005f0       0x30 ../SocNiosBSP/\libhal_bsp.a(alt_irq_entry.o)
 .debug_aranges
                0x0000000000000620       0x20 ../SocNiosBSP/\libhal_bsp.a(alt_irq_handler.o)
 .debug_aranges
                0x0000000000000640       0x18 ../SocNiosBSP/\libhal_bsp.a(alt_irq_vars.o)
 .debug_aranges
                0x0000000000000658       0x20 ../SocNiosBSP/\libhal_bsp.a(alt_isatty.o)
 .debug_aranges
                0x0000000000000678       0x20 ../SocNiosBSP/\libhal_bsp.a(alt_lseek.o)
 .debug_aranges
                0x0000000000000698       0x20 ../SocNiosBSP/\libhal_bsp.a(alt_main.o)
 .debug_aranges
                0x00000000000006b8       0x20 ../SocNiosBSP/\libhal_bsp.a(alt_malloc_lock.o)
 .debug_aranges
                0x00000000000006d8       0x20 ../SocNiosBSP/\libhal_bsp.a(alt_printf.o)
 .debug_aranges
                0x00000000000006f8       0x20 ../SocNiosBSP/\libhal_bsp.a(alt_putchar.o)
 .debug_aranges
                0x0000000000000718       0x20 ../SocNiosBSP/\libhal_bsp.a(alt_read.o)
 .debug_aranges
                0x0000000000000738       0x20 ../SocNiosBSP/\libhal_bsp.a(alt_release_fd.o)
 .debug_aranges
                0x0000000000000758       0x20 ../SocNiosBSP/\libhal_bsp.a(alt_sbrk.o)
 .debug_aranges
                0x0000000000000778       0x20 ../SocNiosBSP/\libhal_bsp.a(alt_usleep.o)
 .debug_aranges
                0x0000000000000798       0x20 ../SocNiosBSP/\libhal_bsp.a(alt_write.o)
 .debug_aranges
                0x00000000000007b8       0x20 ../SocNiosBSP/\libhal_bsp.a(alt_sys_init.o)
 .debug_aranges
                0x00000000000007d8       0x20 ../SocNiosBSP/\libhal_bsp.a(altera_avalon_jtag_uart_fd.o)
 .debug_aranges
                0x00000000000007f8       0x20 ../SocNiosBSP/\libhal_bsp.a(altera_avalon_jtag_uart_init.o)
 .debug_aranges
                0x0000000000000818       0x20 ../SocNiosBSP/\libhal_bsp.a(altera_avalon_jtag_uart_ioctl.o)
 .debug_aranges
                0x0000000000000838       0x20 ../SocNiosBSP/\libhal_bsp.a(altera_avalon_jtag_uart_read.o)
 .debug_aranges
                0x0000000000000858       0x20 ../SocNiosBSP/\libhal_bsp.a(altera_avalon_jtag_uart_write.o)
 .debug_aranges
                0x0000000000000878       0x20 ../SocNiosBSP/\libhal_bsp.a(altera_avalon_uart_fd.o)
 .debug_aranges
                0x0000000000000898       0x20 ../SocNiosBSP/\libhal_bsp.a(altera_avalon_uart_init.o)
 .debug_aranges
                0x00000000000008b8       0x20 ../SocNiosBSP/\libhal_bsp.a(altera_avalon_uart_read.o)
 .debug_aranges
                0x00000000000008d8       0x20 ../SocNiosBSP/\libhal_bsp.a(altera_avalon_uart_write.o)
 .debug_aranges
                0x00000000000008f8       0x20 ../SocNiosBSP/\libhal_bsp.a(alt_alarm_start.o)
 .debug_aranges
                0x0000000000000918       0x20 ../SocNiosBSP/\libhal_bsp.a(alt_busy_sleep.o)
 .debug_aranges
                0x0000000000000938       0x20 ../SocNiosBSP/\libhal_bsp.a(alt_dev_llist_insert.o)
 .debug_aranges
                0x0000000000000958       0x38 ../SocNiosBSP/\libhal_bsp.a(alt_exception_entry.o)
 .debug_aranges
                0x0000000000000990       0x20 ../SocNiosBSP/\libhal_bsp.a(alt_io_redirect.o)
 .debug_aranges
                0x00000000000009b0       0x20 ../SocNiosBSP/\libhal_bsp.a(alt_open.o)
 .debug_aranges
                0x00000000000009d0       0x20 ../SocNiosBSP/\libhal_bsp.a(alt_tick.o)
 .debug_aranges
                0x00000000000009f0       0x20 ../SocNiosBSP/\libhal_bsp.a(altera_nios2_qsys_irq.o)
 .debug_aranges
                0x0000000000000a10       0x20 ../SocNiosBSP/\libhal_bsp.a(alt_find_dev.o)
 .debug_aranges
                0x0000000000000a30       0x20 ../SocNiosBSP/\libhal_bsp.a(alt_find_file.o)
 .debug_aranges
                0x0000000000000a50       0x20 ../SocNiosBSP/\libhal_bsp.a(alt_get_fd.o)
 .debug_aranges
                0x0000000000000a70       0x20 c:/altera/14.0/nios2eds/bin/gnu/h-x86_64-mingw32/bin/../lib/gcc/nios2-elf/4.7.3/../../../../../H-x86_64-mingw32/nios2-elf/lib/mno-hw-mul\libc.a(lib_a-memcmp.o)
 .debug_aranges
                0x0000000000000a90       0x20 c:/altera/14.0/nios2eds/bin/gnu/h-x86_64-mingw32/bin/../lib/gcc/nios2-elf/4.7.3/../../../../../H-x86_64-mingw32/nios2-elf/lib/mno-hw-mul\libc.a(lib_a-memcpy.o)
 .debug_aranges
                0x0000000000000ab0       0x20 c:/altera/14.0/nios2eds/bin/gnu/h-x86_64-mingw32/bin/../lib/gcc/nios2-elf/4.7.3/../../../../../H-x86_64-mingw32/nios2-elf/lib/mno-hw-mul\libc.a(lib_a-strlen.o)

.debug_pubnames
 *(.debug_pubnames)

.debug_info     0x0000000000000000    0x191aa
 *(.debug_info .gnu.linkonce.wi.*)
 .debug_info    0x0000000000000000       0x7b ../SocNiosBSP//obj/HAL/src/crt0.o
 .debug_info    0x000000000000007b      0x233 obj/default/interrupt_handler_uart.o
 .debug_info    0x00000000000002ae      0xe88 obj/default/main.o
 .debug_info    0x0000000000001136      0x437 c:/altera/14.0/nios2eds/bin/gnu/h-x86_64-mingw32/bin/../lib/gcc/nios2-elf/4.7.3/mno-hw-mul\libgcc.a(_div_sf.o)
 .debug_info    0x000000000000156d      0x2b7 c:/altera/14.0/nios2eds/bin/gnu/h-x86_64-mingw32/bin/../lib/gcc/nios2-elf/4.7.3/mno-hw-mul\libgcc.a(_sf_to_df.o)
 .debug_info    0x0000000000001824      0x155 c:/altera/14.0/nios2eds/bin/gnu/h-x86_64-mingw32/bin/../lib/gcc/nios2-elf/4.7.3/mno-hw-mul\libgcc.a(_thenan_sf.o)
 .debug_info    0x0000000000001979      0x288 c:/altera/14.0/nios2eds/bin/gnu/h-x86_64-mingw32/bin/../lib/gcc/nios2-elf/4.7.3/mno-hw-mul\libgcc.a(_usi_to_sf.o)
 .debug_info    0x0000000000001c01      0x588 c:/altera/14.0/nios2eds/bin/gnu/h-x86_64-mingw32/bin/../lib/gcc/nios2-elf/4.7.3/mno-hw-mul\libgcc.a(_addsub_df.o)
 .debug_info    0x0000000000002189      0x30b c:/altera/14.0/nios2eds/bin/gnu/h-x86_64-mingw32/bin/../lib/gcc/nios2-elf/4.7.3/mno-hw-mul\libgcc.a(_df_to_si.o)
 .debug_info    0x0000000000002494      0x209 c:/altera/14.0/nios2eds/bin/gnu/h-x86_64-mingw32/bin/../lib/gcc/nios2-elf/4.7.3/mno-hw-mul\libgcc.a(_make_df.o)
 .debug_info    0x000000000000269d      0x155 c:/altera/14.0/nios2eds/bin/gnu/h-x86_64-mingw32/bin/../lib/gcc/nios2-elf/4.7.3/mno-hw-mul\libgcc.a(_thenan_df.o)
 .debug_info    0x00000000000027f2      0x289 c:/altera/14.0/nios2eds/bin/gnu/h-x86_64-mingw32/bin/../lib/gcc/nios2-elf/4.7.3/mno-hw-mul\libgcc.a(lib2-divmod.o)
 .debug_info    0x0000000000002a7b       0xb8 c:/altera/14.0/nios2eds/bin/gnu/h-x86_64-mingw32/bin/../lib/gcc/nios2-elf/4.7.3/mno-hw-mul\libgcc.a(lib2-mul.o)
 .debug_info    0x0000000000002b33      0x123 c:/altera/14.0/nios2eds/bin/gnu/h-x86_64-mingw32/bin/../lib/gcc/nios2-elf/4.7.3/mno-hw-mul\libgcc.a(_clzsi2.o)
 .debug_info    0x0000000000002c56      0x2f2 c:/altera/14.0/nios2eds/bin/gnu/h-x86_64-mingw32/bin/../lib/gcc/nios2-elf/4.7.3/mno-hw-mul\libgcc.a(_pack_sf.o)
 .debug_info    0x0000000000002f48      0x26a c:/altera/14.0/nios2eds/bin/gnu/h-x86_64-mingw32/bin/../lib/gcc/nios2-elf/4.7.3/mno-hw-mul\libgcc.a(_unpack_sf.o)
 .debug_info    0x00000000000031b2      0x2f7 c:/altera/14.0/nios2eds/bin/gnu/h-x86_64-mingw32/bin/../lib/gcc/nios2-elf/4.7.3/mno-hw-mul\libgcc.a(_pack_df.o)
 .debug_info    0x00000000000034a9      0x265 c:/altera/14.0/nios2eds/bin/gnu/h-x86_64-mingw32/bin/../lib/gcc/nios2-elf/4.7.3/mno-hw-mul\libgcc.a(_unpack_df.o)
 .debug_info    0x000000000000370e      0x185 c:/altera/14.0/nios2eds/bin/gnu/h-x86_64-mingw32/bin/../lib/gcc/nios2-elf/4.7.3/mno-hw-mul\libgcc.a(_lshrdi3.o)
 .debug_info    0x0000000000003893      0x185 c:/altera/14.0/nios2eds/bin/gnu/h-x86_64-mingw32/bin/../lib/gcc/nios2-elf/4.7.3/mno-hw-mul\libgcc.a(_ashldi3.o)
 .debug_info    0x0000000000003a18       0xac c:/altera/14.0/nios2eds/bin/gnu/h-x86_64-mingw32/bin/../lib/gcc/nios2-elf/4.7.3/mno-hw-mul\libgcc.a(_clz.o)
 .debug_info    0x0000000000003ac4      0x938 c:/altera/14.0/nios2eds/bin/gnu/h-x86_64-mingw32/bin/../lib/gcc/nios2-elf/4.7.3/../../../../../H-x86_64-mingw32/nios2-elf/lib/mno-hw-mul\libc.a(lib_a-impure.o)
 .debug_info    0x00000000000043fc      0x117 c:/altera/14.0/nios2eds/bin/gnu/h-x86_64-mingw32/bin/../lib/gcc/nios2-elf/4.7.3/../../../../../H-x86_64-mingw32/nios2-elf/lib/mno-hw-mul\libc.a(lib_a-memset.o)
 .debug_info    0x0000000000004513      0xa2e c:/altera/14.0/nios2eds/bin/gnu/h-x86_64-mingw32/bin/../lib/gcc/nios2-elf/4.7.3/../../../../../H-x86_64-mingw32/nios2-elf/lib/mno-hw-mul\libc.a(lib_a-putc.o)
 .debug_info    0x0000000000004f41       0xf9 c:/altera/14.0/nios2eds/bin/gnu/h-x86_64-mingw32/bin/../lib/gcc/nios2-elf/4.7.3/../../../../../H-x86_64-mingw32/nios2-elf/lib/mno-hw-mul\libc.a(lib_a-strncmp.o)
 .debug_info    0x000000000000503a      0xa6e c:/altera/14.0/nios2eds/bin/gnu/h-x86_64-mingw32/bin/../lib/gcc/nios2-elf/4.7.3/../../../../../H-x86_64-mingw32/nios2-elf/lib/mno-hw-mul\libc.a(lib_a-wbuf.o)
 .debug_info    0x0000000000005aa8      0x9d4 c:/altera/14.0/nios2eds/bin/gnu/h-x86_64-mingw32/bin/../lib/gcc/nios2-elf/4.7.3/../../../../../H-x86_64-mingw32/nios2-elf/lib/mno-hw-mul\libc.a(lib_a-wsetup.o)
 .debug_info    0x000000000000647c      0xad0 c:/altera/14.0/nios2eds/bin/gnu/h-x86_64-mingw32/bin/../lib/gcc/nios2-elf/4.7.3/../../../../../H-x86_64-mingw32/nios2-elf/lib/mno-hw-mul\libc.a(lib_a-fflush.o)
 .debug_info    0x0000000000006f4c      0xd6e c:/altera/14.0/nios2eds/bin/gnu/h-x86_64-mingw32/bin/../lib/gcc/nios2-elf/4.7.3/../../../../../H-x86_64-mingw32/nios2-elf/lib/mno-hw-mul\libc.a(lib_a-findfp.o)
 .debug_info    0x0000000000007cba      0xcf9 c:/altera/14.0/nios2eds/bin/gnu/h-x86_64-mingw32/bin/../lib/gcc/nios2-elf/4.7.3/../../../../../H-x86_64-mingw32/nios2-elf/lib/mno-hw-mul\libc.a(lib_a-freer.o)
 .debug_info    0x00000000000089b3      0xb72 c:/altera/14.0/nios2eds/bin/gnu/h-x86_64-mingw32/bin/../lib/gcc/nios2-elf/4.7.3/../../../../../H-x86_64-mingw32/nios2-elf/lib/mno-hw-mul\libc.a(lib_a-fwalk.o)
 .debug_info    0x0000000000009525      0xbc2 c:/altera/14.0/nios2eds/bin/gnu/h-x86_64-mingw32/bin/../lib/gcc/nios2-elf/4.7.3/../../../../../H-x86_64-mingw32/nios2-elf/lib/mno-hw-mul\libc.a(lib_a-makebuf.o)
 .debug_info    0x000000000000a0e7      0xe44 c:/altera/14.0/nios2eds/bin/gnu/h-x86_64-mingw32/bin/../lib/gcc/nios2-elf/4.7.3/../../../../../H-x86_64-mingw32/nios2-elf/lib/mno-hw-mul\libc.a(lib_a-mallocr.o)
 .debug_info    0x000000000000af2b      0x9a3 c:/altera/14.0/nios2eds/bin/gnu/h-x86_64-mingw32/bin/../lib/gcc/nios2-elf/4.7.3/../../../../../H-x86_64-mingw32/nios2-elf/lib/mno-hw-mul\libc.a(lib_a-sbrkr.o)
 .debug_info    0x000000000000b8ce      0xbfd c:/altera/14.0/nios2eds/bin/gnu/h-x86_64-mingw32/bin/../lib/gcc/nios2-elf/4.7.3/../../../../../H-x86_64-mingw32/nios2-elf/lib/mno-hw-mul\libc.a(lib_a-stdio.o)
 .debug_info    0x000000000000c4cb      0x9d2 c:/altera/14.0/nios2eds/bin/gnu/h-x86_64-mingw32/bin/../lib/gcc/nios2-elf/4.7.3/../../../../../H-x86_64-mingw32/nios2-elf/lib/mno-hw-mul\libc.a(lib_a-writer.o)
 .debug_info    0x000000000000ce9d      0x97f c:/altera/14.0/nios2eds/bin/gnu/h-x86_64-mingw32/bin/../lib/gcc/nios2-elf/4.7.3/../../../../../H-x86_64-mingw32/nios2-elf/lib/mno-hw-mul\libc.a(lib_a-closer.o)
 .debug_info    0x000000000000d81c      0xa97 c:/altera/14.0/nios2eds/bin/gnu/h-x86_64-mingw32/bin/../lib/gcc/nios2-elf/4.7.3/../../../../../H-x86_64-mingw32/nios2-elf/lib/mno-hw-mul\libc.a(lib_a-fclose.o)
 .debug_info    0x000000000000e2b3      0xb2f c:/altera/14.0/nios2eds/bin/gnu/h-x86_64-mingw32/bin/../lib/gcc/nios2-elf/4.7.3/../../../../../H-x86_64-mingw32/nios2-elf/lib/mno-hw-mul\libc.a(lib_a-fstatr.o)
 .debug_info    0x000000000000ede2       0x84 c:/altera/14.0/nios2eds/bin/gnu/h-x86_64-mingw32/bin/../lib/gcc/nios2-elf/4.7.3/../../../../../H-x86_64-mingw32/nios2-elf/lib/mno-hw-mul\libc.a(lib_a-int_errno.o)
 .debug_info    0x000000000000ee66      0x97f c:/altera/14.0/nios2eds/bin/gnu/h-x86_64-mingw32/bin/../lib/gcc/nios2-elf/4.7.3/../../../../../H-x86_64-mingw32/nios2-elf/lib/mno-hw-mul\libc.a(lib_a-isattyr.o)
 .debug_info    0x000000000000f7e5      0x9cb c:/altera/14.0/nios2eds/bin/gnu/h-x86_64-mingw32/bin/../lib/gcc/nios2-elf/4.7.3/../../../../../H-x86_64-mingw32/nios2-elf/lib/mno-hw-mul\libc.a(lib_a-lseekr.o)
 .debug_info    0x00000000000101b0      0x9cb c:/altera/14.0/nios2eds/bin/gnu/h-x86_64-mingw32/bin/../lib/gcc/nios2-elf/4.7.3/../../../../../H-x86_64-mingw32/nios2-elf/lib/mno-hw-mul\libc.a(lib_a-readr.o)
 .debug_info    0x0000000000010b7b      0x350 ../SocNiosBSP/\libhal_bsp.a(alt_close.o)
 .debug_info    0x0000000000010ecb      0x4e3 ../SocNiosBSP/\libhal_bsp.a(alt_dev.o)
 .debug_info    0x00000000000113ae       0x9f ../SocNiosBSP/\libhal_bsp.a(alt_errno.o)
 .debug_info    0x000000000001144d      0x4d8 ../SocNiosBSP/\libhal_bsp.a(alt_fstat.o)
 .debug_info    0x0000000000011925      0x364 ../SocNiosBSP/\libhal_bsp.a(alt_iic.o)
 .debug_info    0x0000000000011c89      0x1f6 ../SocNiosBSP/\libhal_bsp.a(alt_iic_isr_register.o)
 .debug_info    0x0000000000011e7f       0x80 ../SocNiosBSP/\libhal_bsp.a(alt_irq_entry.o)
 .debug_info    0x0000000000011eff      0x190 ../SocNiosBSP/\libhal_bsp.a(alt_irq_handler.o)
 .debug_info    0x000000000001208f       0x8a ../SocNiosBSP/\libhal_bsp.a(alt_irq_vars.o)
 .debug_info    0x0000000000012119      0x4db ../SocNiosBSP/\libhal_bsp.a(alt_isatty.o)
 .debug_info    0x00000000000125f4      0x381 ../SocNiosBSP/\libhal_bsp.a(alt_lseek.o)